Archive member included because of file (symbol)

c:/nxp/lpcxpresso_5.2.2_2108/lpcxpresso/tools/bin/../lib/gcc/arm-none-eabi/4.6.2/../../../../arm-none-eabi/lib/armv7-m\libcr_semihost.a(_cr__main.o)
                              ./src/FW_Inicializaciones/cr_startup_lpc176x.o (__main)
c:/nxp/lpcxpresso_5.2.2_2108/lpcxpresso/tools/bin/../lib/gcc/arm-none-eabi/4.6.2/../../../../arm-none-eabi/lib/armv7-m\libcr_c.a(initio.o)
                              c:/nxp/lpcxpresso_5.2.2_2108/lpcxpresso/tools/bin/../lib/gcc/arm-none-eabi/4.6.2/../../../../arm-none-eabi/lib/armv7-m\libcr_semihost.a(_cr__main.o) (_initio)
c:/nxp/lpcxpresso_5.2.2_2108/lpcxpresso/tools/bin/../lib/gcc/arm-none-eabi/4.6.2/../../../../arm-none-eabi/lib/armv7-m\libcr_c.a(setvbuf.o)
                              c:/nxp/lpcxpresso_5.2.2_2108/lpcxpresso/tools/bin/../lib/gcc/arm-none-eabi/4.6.2/../../../../arm-none-eabi/lib/armv7-m\libcr_c.a(initio.o) (setvbuf)
c:/nxp/lpcxpresso_5.2.2_2108/lpcxpresso/tools/bin/../lib/gcc/arm-none-eabi/4.6.2/../../../../arm-none-eabi/lib/armv7-m\libcr_c.a(stdio.o)
                              c:/nxp/lpcxpresso_5.2.2_2108/lpcxpresso/tools/bin/../lib/gcc/arm-none-eabi/4.6.2/../../../../arm-none-eabi/lib/armv7-m\libcr_c.a(initio.o) (__Ciob)
c:/nxp/lpcxpresso_5.2.2_2108/lpcxpresso/tools/bin/../lib/gcc/arm-none-eabi/4.6.2/../../../../arm-none-eabi/lib/armv7-m\libcr_c.a(memset.o)
                              c:/nxp/lpcxpresso_5.2.2_2108/lpcxpresso/tools/bin/../lib/gcc/arm-none-eabi/4.6.2/../../../../arm-none-eabi/lib/armv7-m\libcr_c.a(initio.o) (memset)
c:/nxp/lpcxpresso_5.2.2_2108/lpcxpresso/tools/bin/../lib/gcc/arm-none-eabi/4.6.2/../../../../arm-none-eabi/lib/armv7-m\libcr_c.a(__fillbuf.o)
                              c:/nxp/lpcxpresso_5.2.2_2108/lpcxpresso/tools/bin/../lib/gcc/arm-none-eabi/4.6.2/../../../../arm-none-eabi/lib/armv7-m\libcr_c.a(stdio.o) (__filbuf)
c:/nxp/lpcxpresso_5.2.2_2108/lpcxpresso/tools/bin/../lib/gcc/arm-none-eabi/4.6.2/../../../../arm-none-eabi/lib/armv7-m\libcr_c.a(_deferredlazyseek.o)
                              c:/nxp/lpcxpresso_5.2.2_2108/lpcxpresso/tools/bin/../lib/gcc/arm-none-eabi/4.6.2/../../../../arm-none-eabi/lib/armv7-m\libcr_c.a(__fillbuf.o) (_deferredlazyseek)
c:/nxp/lpcxpresso_5.2.2_2108/lpcxpresso/tools/bin/../lib/gcc/arm-none-eabi/4.6.2/../../../../arm-none-eabi/lib/armv7-m\libcr_c.a(_fdopen.o)
                              c:/nxp/lpcxpresso_5.2.2_2108/lpcxpresso/tools/bin/../lib/gcc/arm-none-eabi/4.6.2/../../../../arm-none-eabi/lib/armv7-m\libcr_c.a(initio.o) (_fdopen)
c:/nxp/lpcxpresso_5.2.2_2108/lpcxpresso/tools/bin/../lib/gcc/arm-none-eabi/4.6.2/../../../../arm-none-eabi/lib/armv7-m\libcr_c.a(_fflush.o)
                              c:/nxp/lpcxpresso_5.2.2_2108/lpcxpresso/tools/bin/../lib/gcc/arm-none-eabi/4.6.2/../../../../arm-none-eabi/lib/armv7-m\libcr_c.a(__fillbuf.o) (_fflush)
c:/nxp/lpcxpresso_5.2.2_2108/lpcxpresso/tools/bin/../lib/gcc/arm-none-eabi/4.6.2/../../../../arm-none-eabi/lib/armv7-m\libcr_c.a(_writebuf.o)
                              c:/nxp/lpcxpresso_5.2.2_2108/lpcxpresso/tools/bin/../lib/gcc/arm-none-eabi/4.6.2/../../../../arm-none-eabi/lib/armv7-m\libcr_c.a(_deferredlazyseek.o) (_Cwritebuf)
c:/nxp/lpcxpresso_5.2.2_2108/lpcxpresso/tools/bin/../lib/gcc/arm-none-eabi/4.6.2/../../../../arm-none-eabi/lib/armv7-m\libcr_c.a(alloc.o)
                              c:/nxp/lpcxpresso_5.2.2_2108/lpcxpresso/tools/bin/../lib/gcc/arm-none-eabi/4.6.2/../../../../arm-none-eabi/lib/armv7-m\libcr_c.a(initio.o) (_Csys_alloc)
c:/nxp/lpcxpresso_5.2.2_2108/lpcxpresso/tools/bin/../lib/gcc/arm-none-eabi/4.6.2/../../../../arm-none-eabi/lib/armv7-m\libcr_c.a(fclose.o)
                              c:/nxp/lpcxpresso_5.2.2_2108/lpcxpresso/tools/bin/../lib/gcc/arm-none-eabi/4.6.2/../../../../arm-none-eabi/lib/armv7-m\libcr_c.a(initio.o) (fclose)
c:/nxp/lpcxpresso_5.2.2_2108/lpcxpresso/tools/bin/../lib/gcc/arm-none-eabi/4.6.2/../../../../arm-none-eabi/lib/armv7-m\libcr_c.a(fflush.o)
                              c:/nxp/lpcxpresso_5.2.2_2108/lpcxpresso/tools/bin/../lib/gcc/arm-none-eabi/4.6.2/../../../../arm-none-eabi/lib/armv7-m\libcr_c.a(fclose.o) (fflush)
c:/nxp/lpcxpresso_5.2.2_2108/lpcxpresso/tools/bin/../lib/gcc/arm-none-eabi/4.6.2/../../../../arm-none-eabi/lib/armv7-m\libcr_c.a(fseek.o)
                              c:/nxp/lpcxpresso_5.2.2_2108/lpcxpresso/tools/bin/../lib/gcc/arm-none-eabi/4.6.2/../../../../arm-none-eabi/lib/armv7-m\libcr_c.a(_deferredlazyseek.o) (fseek)
c:/nxp/lpcxpresso_5.2.2_2108/lpcxpresso/tools/bin/../lib/gcc/arm-none-eabi/4.6.2/../../../../arm-none-eabi/lib/armv7-m\libcr_c.a(ftell.o)
                              c:/nxp/lpcxpresso_5.2.2_2108/lpcxpresso/tools/bin/../lib/gcc/arm-none-eabi/4.6.2/../../../../arm-none-eabi/lib/armv7-m\libcr_c.a(fseek.o) (ftell)
c:/nxp/lpcxpresso_5.2.2_2108/lpcxpresso/tools/bin/../lib/gcc/arm-none-eabi/4.6.2/../../../../arm-none-eabi/lib/armv7-m\libcr_c.a(remove.o)
                              c:/nxp/lpcxpresso_5.2.2_2108/lpcxpresso/tools/bin/../lib/gcc/arm-none-eabi/4.6.2/../../../../arm-none-eabi/lib/armv7-m\libcr_c.a(fclose.o) (remove)
c:/nxp/lpcxpresso_5.2.2_2108/lpcxpresso/tools/bin/../lib/gcc/arm-none-eabi/4.6.2/../../../../arm-none-eabi/lib/armv7-m\libcr_c.a(strlen.o)
                              c:/nxp/lpcxpresso_5.2.2_2108/lpcxpresso/tools/bin/../lib/gcc/arm-none-eabi/4.6.2/../../../../arm-none-eabi/lib/armv7-m\libcr_c.a(remove.o) (strlen)
c:/nxp/lpcxpresso_5.2.2_2108/lpcxpresso/tools/bin/../lib/gcc/arm-none-eabi/4.6.2/../../../../arm-none-eabi/lib/armv7-m\libcr_c.a(memcpy.o)
                              c:/nxp/lpcxpresso_5.2.2_2108/lpcxpresso/tools/bin/../lib/gcc/arm-none-eabi/4.6.2/../../../../arm-none-eabi/lib/armv7-m\libcr_c.a(alloc.o) (memcpy)
c:/nxp/lpcxpresso_5.2.2_2108/lpcxpresso/tools/bin/../lib/gcc/arm-none-eabi/4.6.2/../../../../arm-none-eabi/lib/armv7-m\libcr_c.a(__init_alloc.o)
                              c:/nxp/lpcxpresso_5.2.2_2108/lpcxpresso/tools/bin/../lib/gcc/arm-none-eabi/4.6.2/../../../../arm-none-eabi/lib/armv7-m\libcr_c.a(alloc.o) (__heaps)
c:/nxp/lpcxpresso_5.2.2_2108/lpcxpresso/tools/bin/../lib/gcc/arm-none-eabi/4.6.2/../../../../arm-none-eabi/lib/armv7-m\libcr_c.a(_do_fflush.o)
                              c:/nxp/lpcxpresso_5.2.2_2108/lpcxpresso/tools/bin/../lib/gcc/arm-none-eabi/4.6.2/../../../../arm-none-eabi/lib/armv7-m\libcr_c.a(fflush.o) (_do_fflush)
c:/nxp/lpcxpresso_5.2.2_2108/lpcxpresso/tools/bin/../lib/gcc/arm-none-eabi/4.6.2/../../../../arm-none-eabi/lib/armv7-m\libcr_c.a(errno.o)
                              c:/nxp/lpcxpresso_5.2.2_2108/lpcxpresso/tools/bin/../lib/gcc/arm-none-eabi/4.6.2/../../../../arm-none-eabi/lib/armv7-m\libcr_c.a(ftell.o) (errno)
c:/nxp/lpcxpresso_5.2.2_2108/lpcxpresso/tools/bin/../lib/gcc/arm-none-eabi/4.6.2/armv7-m\libcr_eabihelpers.a(memcpy.o)
                              c:/nxp/lpcxpresso_5.2.2_2108/lpcxpresso/tools/bin/../lib/gcc/arm-none-eabi/4.6.2/../../../../arm-none-eabi/lib/armv7-m\libcr_c.a(memcpy.o) (__aeabi_memcpy)
c:/nxp/lpcxpresso_5.2.2_2108/lpcxpresso/tools/bin/../lib/gcc/arm-none-eabi/4.6.2/../../../../arm-none-eabi/lib/armv7-m\libcr_semihost.a(__sys_appexit.o)
                              c:/nxp/lpcxpresso_5.2.2_2108/lpcxpresso/tools/bin/../lib/gcc/arm-none-eabi/4.6.2/../../../../arm-none-eabi/lib/armv7-m\libcr_c.a(alloc.o) (__sys_appexit)
c:/nxp/lpcxpresso_5.2.2_2108/lpcxpresso/tools/bin/../lib/gcc/arm-none-eabi/4.6.2/../../../../arm-none-eabi/lib/armv7-m\libcr_semihost.a(__sys_close.o)
                              c:/nxp/lpcxpresso_5.2.2_2108/lpcxpresso/tools/bin/../lib/gcc/arm-none-eabi/4.6.2/../../../../arm-none-eabi/lib/armv7-m\libcr_c.a(fclose.o) (__sys_close)
c:/nxp/lpcxpresso_5.2.2_2108/lpcxpresso/tools/bin/../lib/gcc/arm-none-eabi/4.6.2/../../../../arm-none-eabi/lib/armv7-m\libcr_semihost.a(__sys_flen.o)
                              c:/nxp/lpcxpresso_5.2.2_2108/lpcxpresso/tools/bin/../lib/gcc/arm-none-eabi/4.6.2/../../../../arm-none-eabi/lib/armv7-m\libcr_c.a(_writebuf.o) (__sys_flen)
c:/nxp/lpcxpresso_5.2.2_2108/lpcxpresso/tools/bin/../lib/gcc/arm-none-eabi/4.6.2/../../../../arm-none-eabi/lib/armv7-m\libcr_semihost.a(__sys_istty.o)
                              c:/nxp/lpcxpresso_5.2.2_2108/lpcxpresso/tools/bin/../lib/gcc/arm-none-eabi/4.6.2/../../../../arm-none-eabi/lib/armv7-m\libcr_c.a(_deferredlazyseek.o) (__sys_istty)
c:/nxp/lpcxpresso_5.2.2_2108/lpcxpresso/tools/bin/../lib/gcc/arm-none-eabi/4.6.2/../../../../arm-none-eabi/lib/armv7-m\libcr_semihost.a(__sys_read.o)
                              c:/nxp/lpcxpresso_5.2.2_2108/lpcxpresso/tools/bin/../lib/gcc/arm-none-eabi/4.6.2/../../../../arm-none-eabi/lib/armv7-m\libcr_c.a(__fillbuf.o) (__sys_read)
c:/nxp/lpcxpresso_5.2.2_2108/lpcxpresso/tools/bin/../lib/gcc/arm-none-eabi/4.6.2/../../../../arm-none-eabi/lib/armv7-m\libcr_semihost.a(__sys_readc.o)
                              c:/nxp/lpcxpresso_5.2.2_2108/lpcxpresso/tools/bin/../lib/gcc/arm-none-eabi/4.6.2/../../../../arm-none-eabi/lib/armv7-m\libcr_c.a(__fillbuf.o) (__sys_readc)
c:/nxp/lpcxpresso_5.2.2_2108/lpcxpresso/tools/bin/../lib/gcc/arm-none-eabi/4.6.2/../../../../arm-none-eabi/lib/armv7-m\libcr_semihost.a(__sys_remove.o)
                              c:/nxp/lpcxpresso_5.2.2_2108/lpcxpresso/tools/bin/../lib/gcc/arm-none-eabi/4.6.2/../../../../arm-none-eabi/lib/armv7-m\libcr_c.a(remove.o) (__sys_remove)
c:/nxp/lpcxpresso_5.2.2_2108/lpcxpresso/tools/bin/../lib/gcc/arm-none-eabi/4.6.2/../../../../arm-none-eabi/lib/armv7-m\libcr_semihost.a(__sys_rename.o)
                              c:/nxp/lpcxpresso_5.2.2_2108/lpcxpresso/tools/bin/../lib/gcc/arm-none-eabi/4.6.2/../../../../arm-none-eabi/lib/armv7-m\libcr_c.a(remove.o) (__sys_rename)
c:/nxp/lpcxpresso_5.2.2_2108/lpcxpresso/tools/bin/../lib/gcc/arm-none-eabi/4.6.2/../../../../arm-none-eabi/lib/armv7-m\libcr_semihost.a(__sys_seek.o)
                              c:/nxp/lpcxpresso_5.2.2_2108/lpcxpresso/tools/bin/../lib/gcc/arm-none-eabi/4.6.2/../../../../arm-none-eabi/lib/armv7-m\libcr_c.a(__fillbuf.o) (__sys_seek)
c:/nxp/lpcxpresso_5.2.2_2108/lpcxpresso/tools/bin/../lib/gcc/arm-none-eabi/4.6.2/../../../../arm-none-eabi/lib/armv7-m\libcr_semihost.a(__sys_tmpnam.o)
                              c:/nxp/lpcxpresso_5.2.2_2108/lpcxpresso/tools/bin/../lib/gcc/arm-none-eabi/4.6.2/../../../../arm-none-eabi/lib/armv7-m\libcr_c.a(fclose.o) (__sys_tmpnam)
c:/nxp/lpcxpresso_5.2.2_2108/lpcxpresso/tools/bin/../lib/gcc/arm-none-eabi/4.6.2/../../../../arm-none-eabi/lib/armv7-m\libcr_semihost.a(__sys_write.o)
                              c:/nxp/lpcxpresso_5.2.2_2108/lpcxpresso/tools/bin/../lib/gcc/arm-none-eabi/4.6.2/../../../../arm-none-eabi/lib/armv7-m\libcr_c.a(_writebuf.o) (__sys_write)
c:/nxp/lpcxpresso_5.2.2_2108/lpcxpresso/tools/bin/../lib/gcc/arm-none-eabi/4.6.2/../../../../arm-none-eabi/lib/armv7-m\libcr_semihost.a(_cr_sbrk.o)
                              c:/nxp/lpcxpresso_5.2.2_2108/lpcxpresso/tools/bin/../lib/gcc/arm-none-eabi/4.6.2/../../../../arm-none-eabi/lib/armv7-m\libcr_c.a(alloc.o) (_sbrk)
c:/nxp/lpcxpresso_5.2.2_2108/lpcxpresso/tools/bin/../lib/gcc/arm-none-eabi/4.6.2/../../../../arm-none-eabi/lib/armv7-m\libcr_semihost.a(_cr_check_heap.o)
                              c:/nxp/lpcxpresso_5.2.2_2108/lpcxpresso/tools/bin/../lib/gcc/arm-none-eabi/4.6.2/../../../../arm-none-eabi/lib/armv7-m\libcr_semihost.a(_cr_sbrk.o) (__check_heap_overflow)

Allocating common symbols
Common symbol       size              file

_extra              0x4               c:/nxp/lpcxpresso_5.2.2_2108/lpcxpresso/tools/bin/../lib/gcc/arm-none-eabi/4.6.2/../../../../arm-none-eabi/lib/armv7-m\libcr_c.a(initio.o)
msgDisplay          0x6               ./src/main.o
__heaps             0x4               c:/nxp/lpcxpresso_5.2.2_2108/lpcxpresso/tools/bin/../lib/gcc/arm-none-eabi/4.6.2/../../../../arm-none-eabi/lib/armv7-m\libcr_c.a(__init_alloc.o)
__end_of_heap       0x4               c:/nxp/lpcxpresso_5.2.2_2108/lpcxpresso/tools/bin/../lib/gcc/arm-none-eabi/4.6.2/../../../../arm-none-eabi/lib/armv7-m\libcr_c.a(__init_alloc.o)
buffKey             0x1               ./src/main.o
__Ciob              0x140             c:/nxp/lpcxpresso_5.2.2_2108/lpcxpresso/tools/bin/../lib/gcc/arm-none-eabi/4.6.2/../../../../arm-none-eabi/lib/armv7-m\libcr_c.a(stdio.o)

Discarded input sections

 .text          0x00000000        0x0 ./src/inc/FW_InitExpansion2.o
 .data          0x00000000        0x0 ./src/inc/FW_InitExpansion2.o
 .bss           0x00000000        0x0 ./src/inc/FW_InitExpansion2.o
 .text          0x00000000        0x0 ./src/PRimitivas/KitInfo2PR_Teclado.o
 .data          0x00000000        0x0 ./src/PRimitivas/KitInfo2PR_Teclado.o
 .bss           0x00000000        0x0 ./src/PRimitivas/KitInfo2PR_Teclado.o
 .text          0x00000000        0x0 ./src/PRimitivas/PR_7Seg.o
 .data          0x00000000        0x0 ./src/PRimitivas/PR_7Seg.o
 .bss           0x00000000        0x0 ./src/PRimitivas/PR_7Seg.o
 .text          0x00000000        0x0 ./src/FW_Inicializaciones/FW_InitGPIOBaseBoard.o
 .data          0x00000000        0x0 ./src/FW_Inicializaciones/FW_InitGPIOBaseBoard.o
 .bss           0x00000000        0x0 ./src/FW_Inicializaciones/FW_InitGPIOBaseBoard.o
 .text          0x00000000        0x0 ./src/FW_Inicializaciones/FW_InitKit_principal.o
 .data          0x00000000        0x0 ./src/FW_Inicializaciones/FW_InitKit_principal.o
 .bss           0x00000000        0x0 ./src/FW_Inicializaciones/FW_InitKit_principal.o
 .text          0x00000000        0x0 ./src/FW_Inicializaciones/FW_InitOscilador.o
 .data          0x00000000        0x0 ./src/FW_Inicializaciones/FW_InitOscilador.o
 .bss           0x00000000        0x0 ./src/FW_Inicializaciones/FW_InitOscilador.o
 .text          0x00000000        0x0 ./src/FW_Inicializaciones/cr_startup_lpc176x.o
 .data          0x00000000        0x0 ./src/FW_Inicializaciones/cr_startup_lpc176x.o
 .bss           0x00000000        0x0 ./src/FW_Inicializaciones/cr_startup_lpc176x.o
 .text          0x00000000        0x0 ./src/FW_Drivers/FW_7Seg.o
 .data          0x00000000        0x0 ./src/FW_Drivers/FW_7Seg.o
 .bss           0x00000000        0x0 ./src/FW_Drivers/FW_7Seg.o
 .text          0x00000000        0x0 ./src/FW_Drivers/FW_GPIO.o
 .data          0x00000000        0x0 ./src/FW_Drivers/FW_GPIO.o
 .bss           0x00000000        0x0 ./src/FW_Drivers/FW_GPIO.o
 .text          0x00000000        0x0 ./src/FW_Drivers/FW_Systick.o
 .data          0x00000000        0x0 ./src/FW_Drivers/FW_Systick.o
 .bss           0x00000000        0x0 ./src/FW_Drivers/FW_Systick.o
 .text          0x00000000        0x0 ./src/FW_Drivers/KitInfo2FW_Teclado.o
 .data          0x00000000        0x0 ./src/FW_Drivers/KitInfo2FW_Teclado.o
 .bss           0x00000000        0x0 ./src/FW_Drivers/KitInfo2FW_Teclado.o
 .text          0x00000000        0x0 ./src/main.o
 .data          0x00000000        0x0 ./src/main.o
 .bss           0x00000000        0x0 ./src/main.o
 .text          0x00000000        0x0 c:/nxp/lpcxpresso_5.2.2_2108/lpcxpresso/tools/bin/../lib/gcc/arm-none-eabi/4.6.2/../../../../arm-none-eabi/lib/armv7-m\libcr_semihost.a(_cr__main.o)
 .data          0x00000000        0x0 c:/nxp/lpcxpresso_5.2.2_2108/lpcxpresso/tools/bin/../lib/gcc/arm-none-eabi/4.6.2/../../../../arm-none-eabi/lib/armv7-m\libcr_semihost.a(_cr__main.o)
 .bss           0x00000000        0x0 c:/nxp/lpcxpresso_5.2.2_2108/lpcxpresso/tools/bin/../lib/gcc/arm-none-eabi/4.6.2/../../../../arm-none-eabi/lib/armv7-m\libcr_semihost.a(_cr__main.o)
 .text          0x00000000        0x0 c:/nxp/lpcxpresso_5.2.2_2108/lpcxpresso/tools/bin/../lib/gcc/arm-none-eabi/4.6.2/../../../../arm-none-eabi/lib/armv7-m\libcr_c.a(initio.o)
 .data          0x00000000        0x0 c:/nxp/lpcxpresso_5.2.2_2108/lpcxpresso/tools/bin/../lib/gcc/arm-none-eabi/4.6.2/../../../../arm-none-eabi/lib/armv7-m\libcr_c.a(initio.o)
 .bss           0x00000000        0x0 c:/nxp/lpcxpresso_5.2.2_2108/lpcxpresso/tools/bin/../lib/gcc/arm-none-eabi/4.6.2/../../../../arm-none-eabi/lib/armv7-m\libcr_c.a(initio.o)
 .text._terminateio
                0x00000000       0x40 c:/nxp/lpcxpresso_5.2.2_2108/lpcxpresso/tools/bin/../lib/gcc/arm-none-eabi/4.6.2/../../../../arm-none-eabi/lib/armv7-m\libcr_c.a(initio.o)
 .text          0x00000000        0x0 c:/nxp/lpcxpresso_5.2.2_2108/lpcxpresso/tools/bin/../lib/gcc/arm-none-eabi/4.6.2/../../../../arm-none-eabi/lib/armv7-m\libcr_c.a(setvbuf.o)
 .data          0x00000000        0x0 c:/nxp/lpcxpresso_5.2.2_2108/lpcxpresso/tools/bin/../lib/gcc/arm-none-eabi/4.6.2/../../../../arm-none-eabi/lib/armv7-m\libcr_c.a(setvbuf.o)
 .bss           0x00000000        0x0 c:/nxp/lpcxpresso_5.2.2_2108/lpcxpresso/tools/bin/../lib/gcc/arm-none-eabi/4.6.2/../../../../arm-none-eabi/lib/armv7-m\libcr_c.a(setvbuf.o)
 .text          0x00000000        0x0 c:/nxp/lpcxpresso_5.2.2_2108/lpcxpresso/tools/bin/../lib/gcc/arm-none-eabi/4.6.2/../../../../arm-none-eabi/lib/armv7-m\libcr_c.a(stdio.o)
 .data          0x00000000        0x0 c:/nxp/lpcxpresso_5.2.2_2108/lpcxpresso/tools/bin/../lib/gcc/arm-none-eabi/4.6.2/../../../../arm-none-eabi/lib/armv7-m\libcr_c.a(stdio.o)
 .bss           0x00000000        0x0 c:/nxp/lpcxpresso_5.2.2_2108/lpcxpresso/tools/bin/../lib/gcc/arm-none-eabi/4.6.2/../../../../arm-none-eabi/lib/armv7-m\libcr_c.a(stdio.o)
 .text.fgetc    0x00000000       0x1a c:/nxp/lpcxpresso_5.2.2_2108/lpcxpresso/tools/bin/../lib/gcc/arm-none-eabi/4.6.2/../../../../arm-none-eabi/lib/armv7-m\libcr_c.a(stdio.o)
 .text.fputc    0x00000000       0x1a c:/nxp/lpcxpresso_5.2.2_2108/lpcxpresso/tools/bin/../lib/gcc/arm-none-eabi/4.6.2/../../../../arm-none-eabi/lib/armv7-m\libcr_c.a(stdio.o)
 .text.getc     0x00000000       0x1a c:/nxp/lpcxpresso_5.2.2_2108/lpcxpresso/tools/bin/../lib/gcc/arm-none-eabi/4.6.2/../../../../arm-none-eabi/lib/armv7-m\libcr_c.a(stdio.o)
 .text.getchar  0x00000000       0x20 c:/nxp/lpcxpresso_5.2.2_2108/lpcxpresso/tools/bin/../lib/gcc/arm-none-eabi/4.6.2/../../../../arm-none-eabi/lib/armv7-m\libcr_c.a(stdio.o)
 .text.putc     0x00000000       0x1a c:/nxp/lpcxpresso_5.2.2_2108/lpcxpresso/tools/bin/../lib/gcc/arm-none-eabi/4.6.2/../../../../arm-none-eabi/lib/armv7-m\libcr_c.a(stdio.o)
 .text.putchar  0x00000000       0x24 c:/nxp/lpcxpresso_5.2.2_2108/lpcxpresso/tools/bin/../lib/gcc/arm-none-eabi/4.6.2/../../../../arm-none-eabi/lib/armv7-m\libcr_c.a(stdio.o)
 .text.feof     0x00000000        0x8 c:/nxp/lpcxpresso_5.2.2_2108/lpcxpresso/tools/bin/../lib/gcc/arm-none-eabi/4.6.2/../../../../arm-none-eabi/lib/armv7-m\libcr_c.a(stdio.o)
 .text.ferror   0x00000000        0x8 c:/nxp/lpcxpresso_5.2.2_2108/lpcxpresso/tools/bin/../lib/gcc/arm-none-eabi/4.6.2/../../../../arm-none-eabi/lib/armv7-m\libcr_c.a(stdio.o)
 .text.clearerr
                0x00000000        0xe c:/nxp/lpcxpresso_5.2.2_2108/lpcxpresso/tools/bin/../lib/gcc/arm-none-eabi/4.6.2/../../../../arm-none-eabi/lib/armv7-m\libcr_c.a(stdio.o)
 .text          0x00000000        0x0 c:/nxp/lpcxpresso_5.2.2_2108/lpcxpresso/tools/bin/../lib/gcc/arm-none-eabi/4.6.2/../../../../arm-none-eabi/lib/armv7-m\libcr_c.a(memset.o)
 .data          0x00000000        0x0 c:/nxp/lpcxpresso_5.2.2_2108/lpcxpresso/tools/bin/../lib/gcc/arm-none-eabi/4.6.2/../../../../arm-none-eabi/lib/armv7-m\libcr_c.a(memset.o)
 .bss           0x00000000        0x0 c:/nxp/lpcxpresso_5.2.2_2108/lpcxpresso/tools/bin/../lib/gcc/arm-none-eabi/4.6.2/../../../../arm-none-eabi/lib/armv7-m\libcr_c.a(memset.o)
 .text          0x00000000        0x0 c:/nxp/lpcxpresso_5.2.2_2108/lpcxpresso/tools/bin/../lib/gcc/arm-none-eabi/4.6.2/../../../../arm-none-eabi/lib/armv7-m\libcr_c.a(__fillbuf.o)
 .data          0x00000000        0x0 c:/nxp/lpcxpresso_5.2.2_2108/lpcxpresso/tools/bin/../lib/gcc/arm-none-eabi/4.6.2/../../../../arm-none-eabi/lib/armv7-m\libcr_c.a(__fillbuf.o)
 .bss           0x00000000        0x0 c:/nxp/lpcxpresso_5.2.2_2108/lpcxpresso/tools/bin/../lib/gcc/arm-none-eabi/4.6.2/../../../../arm-none-eabi/lib/armv7-m\libcr_c.a(__fillbuf.o)
 .text._Csys_read_
                0x00000000       0x22 c:/nxp/lpcxpresso_5.2.2_2108/lpcxpresso/tools/bin/../lib/gcc/arm-none-eabi/4.6.2/../../../../arm-none-eabi/lib/armv7-m\libcr_c.a(__fillbuf.o)
 .text.__filbuf
                0x00000000      0x17c c:/nxp/lpcxpresso_5.2.2_2108/lpcxpresso/tools/bin/../lib/gcc/arm-none-eabi/4.6.2/../../../../arm-none-eabi/lib/armv7-m\libcr_c.a(__fillbuf.o)
 .text._fillb2  0x00000000       0x1c c:/nxp/lpcxpresso_5.2.2_2108/lpcxpresso/tools/bin/../lib/gcc/arm-none-eabi/4.6.2/../../../../arm-none-eabi/lib/armv7-m\libcr_c.a(__fillbuf.o)
 .text          0x00000000        0x0 c:/nxp/lpcxpresso_5.2.2_2108/lpcxpresso/tools/bin/../lib/gcc/arm-none-eabi/4.6.2/../../../../arm-none-eabi/lib/armv7-m\libcr_c.a(_deferredlazyseek.o)
 .data          0x00000000        0x0 c:/nxp/lpcxpresso_5.2.2_2108/lpcxpresso/tools/bin/../lib/gcc/arm-none-eabi/4.6.2/../../../../arm-none-eabi/lib/armv7-m\libcr_c.a(_deferredlazyseek.o)
 .bss           0x00000000        0x0 c:/nxp/lpcxpresso_5.2.2_2108/lpcxpresso/tools/bin/../lib/gcc/arm-none-eabi/4.6.2/../../../../arm-none-eabi/lib/armv7-m\libcr_c.a(_deferredlazyseek.o)
 .text.__flsbuf
                0x00000000      0x14e c:/nxp/lpcxpresso_5.2.2_2108/lpcxpresso/tools/bin/../lib/gcc/arm-none-eabi/4.6.2/../../../../arm-none-eabi/lib/armv7-m\libcr_c.a(_deferredlazyseek.o)
 .text          0x00000000        0x0 c:/nxp/lpcxpresso_5.2.2_2108/lpcxpresso/tools/bin/../lib/gcc/arm-none-eabi/4.6.2/../../../../arm-none-eabi/lib/armv7-m\libcr_c.a(_fdopen.o)
 .data          0x00000000        0x0 c:/nxp/lpcxpresso_5.2.2_2108/lpcxpresso/tools/bin/../lib/gcc/arm-none-eabi/4.6.2/../../../../arm-none-eabi/lib/armv7-m\libcr_c.a(_fdopen.o)
 .bss           0x00000000        0x0 c:/nxp/lpcxpresso_5.2.2_2108/lpcxpresso/tools/bin/../lib/gcc/arm-none-eabi/4.6.2/../../../../arm-none-eabi/lib/armv7-m\libcr_c.a(_fdopen.o)
 .text          0x00000000        0x0 c:/nxp/lpcxpresso_5.2.2_2108/lpcxpresso/tools/bin/../lib/gcc/arm-none-eabi/4.6.2/../../../../arm-none-eabi/lib/armv7-m\libcr_c.a(_fflush.o)
 .data          0x00000000        0x0 c:/nxp/lpcxpresso_5.2.2_2108/lpcxpresso/tools/bin/../lib/gcc/arm-none-eabi/4.6.2/../../../../arm-none-eabi/lib/armv7-m\libcr_c.a(_fflush.o)
 .bss           0x00000000        0x0 c:/nxp/lpcxpresso_5.2.2_2108/lpcxpresso/tools/bin/../lib/gcc/arm-none-eabi/4.6.2/../../../../arm-none-eabi/lib/armv7-m\libcr_c.a(_fflush.o)
 .text          0x00000000        0x0 c:/nxp/lpcxpresso_5.2.2_2108/lpcxpresso/tools/bin/../lib/gcc/arm-none-eabi/4.6.2/../../../../arm-none-eabi/lib/armv7-m\libcr_c.a(_writebuf.o)
 .data          0x00000000        0x0 c:/nxp/lpcxpresso_5.2.2_2108/lpcxpresso/tools/bin/../lib/gcc/arm-none-eabi/4.6.2/../../../../arm-none-eabi/lib/armv7-m\libcr_c.a(_writebuf.o)
 .bss           0x00000000        0x0 c:/nxp/lpcxpresso_5.2.2_2108/lpcxpresso/tools/bin/../lib/gcc/arm-none-eabi/4.6.2/../../../../arm-none-eabi/lib/armv7-m\libcr_c.a(_writebuf.o)
 .text          0x00000000        0x0 c:/nxp/lpcxpresso_5.2.2_2108/lpcxpresso/tools/bin/../lib/gcc/arm-none-eabi/4.6.2/../../../../arm-none-eabi/lib/armv7-m\libcr_c.a(alloc.o)
 .data          0x00000000        0x0 c:/nxp/lpcxpresso_5.2.2_2108/lpcxpresso/tools/bin/../lib/gcc/arm-none-eabi/4.6.2/../../../../arm-none-eabi/lib/armv7-m\libcr_c.a(alloc.o)
 .bss           0x00000000        0x0 c:/nxp/lpcxpresso_5.2.2_2108/lpcxpresso/tools/bin/../lib/gcc/arm-none-eabi/4.6.2/../../../../arm-none-eabi/lib/armv7-m\libcr_c.a(alloc.o)
 .text.calloc   0x00000000       0x50 c:/nxp/lpcxpresso_5.2.2_2108/lpcxpresso/tools/bin/../lib/gcc/arm-none-eabi/4.6.2/../../../../arm-none-eabi/lib/armv7-m\libcr_c.a(alloc.o)
 .text.realloc  0x00000000       0x1c c:/nxp/lpcxpresso_5.2.2_2108/lpcxpresso/tools/bin/../lib/gcc/arm-none-eabi/4.6.2/../../../../arm-none-eabi/lib/armv7-m\libcr_c.a(alloc.o)
 .text          0x00000000        0x0 c:/nxp/lpcxpresso_5.2.2_2108/lpcxpresso/tools/bin/../lib/gcc/arm-none-eabi/4.6.2/../../../../arm-none-eabi/lib/armv7-m\libcr_c.a(fclose.o)
 .data          0x00000000        0x0 c:/nxp/lpcxpresso_5.2.2_2108/lpcxpresso/tools/bin/../lib/gcc/arm-none-eabi/4.6.2/../../../../arm-none-eabi/lib/armv7-m\libcr_c.a(fclose.o)
 .bss           0x00000000        0x0 c:/nxp/lpcxpresso_5.2.2_2108/lpcxpresso/tools/bin/../lib/gcc/arm-none-eabi/4.6.2/../../../../arm-none-eabi/lib/armv7-m\libcr_c.a(fclose.o)
 .text          0x00000000        0x0 c:/nxp/lpcxpresso_5.2.2_2108/lpcxpresso/tools/bin/../lib/gcc/arm-none-eabi/4.6.2/../../../../arm-none-eabi/lib/armv7-m\libcr_c.a(fflush.o)
 .data          0x00000000        0x0 c:/nxp/lpcxpresso_5.2.2_2108/lpcxpresso/tools/bin/../lib/gcc/arm-none-eabi/4.6.2/../../../../arm-none-eabi/lib/armv7-m\libcr_c.a(fflush.o)
 .bss           0x00000000        0x0 c:/nxp/lpcxpresso_5.2.2_2108/lpcxpresso/tools/bin/../lib/gcc/arm-none-eabi/4.6.2/../../../../arm-none-eabi/lib/armv7-m\libcr_c.a(fflush.o)
 .text          0x00000000        0x0 c:/nxp/lpcxpresso_5.2.2_2108/lpcxpresso/tools/bin/../lib/gcc/arm-none-eabi/4.6.2/../../../../arm-none-eabi/lib/armv7-m\libcr_c.a(fseek.o)
 .data          0x00000000        0x0 c:/nxp/lpcxpresso_5.2.2_2108/lpcxpresso/tools/bin/../lib/gcc/arm-none-eabi/4.6.2/../../../../arm-none-eabi/lib/armv7-m\libcr_c.a(fseek.o)
 .bss           0x00000000        0x0 c:/nxp/lpcxpresso_5.2.2_2108/lpcxpresso/tools/bin/../lib/gcc/arm-none-eabi/4.6.2/../../../../arm-none-eabi/lib/armv7-m\libcr_c.a(fseek.o)
 .text          0x00000000        0x0 c:/nxp/lpcxpresso_5.2.2_2108/lpcxpresso/tools/bin/../lib/gcc/arm-none-eabi/4.6.2/../../../../arm-none-eabi/lib/armv7-m\libcr_c.a(ftell.o)
 .data          0x00000000        0x0 c:/nxp/lpcxpresso_5.2.2_2108/lpcxpresso/tools/bin/../lib/gcc/arm-none-eabi/4.6.2/../../../../arm-none-eabi/lib/armv7-m\libcr_c.a(ftell.o)
 .bss           0x00000000        0x0 c:/nxp/lpcxpresso_5.2.2_2108/lpcxpresso/tools/bin/../lib/gcc/arm-none-eabi/4.6.2/../../../../arm-none-eabi/lib/armv7-m\libcr_c.a(ftell.o)
 .text          0x00000000        0x0 c:/nxp/lpcxpresso_5.2.2_2108/lpcxpresso/tools/bin/../lib/gcc/arm-none-eabi/4.6.2/../../../../arm-none-eabi/lib/armv7-m\libcr_c.a(remove.o)
 .data          0x00000000        0x0 c:/nxp/lpcxpresso_5.2.2_2108/lpcxpresso/tools/bin/../lib/gcc/arm-none-eabi/4.6.2/../../../../arm-none-eabi/lib/armv7-m\libcr_c.a(remove.o)
 .bss           0x00000000        0x0 c:/nxp/lpcxpresso_5.2.2_2108/lpcxpresso/tools/bin/../lib/gcc/arm-none-eabi/4.6.2/../../../../arm-none-eabi/lib/armv7-m\libcr_c.a(remove.o)
 .text.rename   0x00000000       0x2a c:/nxp/lpcxpresso_5.2.2_2108/lpcxpresso/tools/bin/../lib/gcc/arm-none-eabi/4.6.2/../../../../arm-none-eabi/lib/armv7-m\libcr_c.a(remove.o)
 .text          0x00000000        0x0 c:/nxp/lpcxpresso_5.2.2_2108/lpcxpresso/tools/bin/../lib/gcc/arm-none-eabi/4.6.2/../../../../arm-none-eabi/lib/armv7-m\libcr_c.a(strlen.o)
 .data          0x00000000        0x0 c:/nxp/lpcxpresso_5.2.2_2108/lpcxpresso/tools/bin/../lib/gcc/arm-none-eabi/4.6.2/../../../../arm-none-eabi/lib/armv7-m\libcr_c.a(strlen.o)
 .bss           0x00000000        0x0 c:/nxp/lpcxpresso_5.2.2_2108/lpcxpresso/tools/bin/../lib/gcc/arm-none-eabi/4.6.2/../../../../arm-none-eabi/lib/armv7-m\libcr_c.a(strlen.o)
 .text          0x00000000        0x0 c:/nxp/lpcxpresso_5.2.2_2108/lpcxpresso/tools/bin/../lib/gcc/arm-none-eabi/4.6.2/../../../../arm-none-eabi/lib/armv7-m\libcr_c.a(memcpy.o)
 .data          0x00000000        0x0 c:/nxp/lpcxpresso_5.2.2_2108/lpcxpresso/tools/bin/../lib/gcc/arm-none-eabi/4.6.2/../../../../arm-none-eabi/lib/armv7-m\libcr_c.a(memcpy.o)
 .bss           0x00000000        0x0 c:/nxp/lpcxpresso_5.2.2_2108/lpcxpresso/tools/bin/../lib/gcc/arm-none-eabi/4.6.2/../../../../arm-none-eabi/lib/armv7-m\libcr_c.a(memcpy.o)
 .text.memcpy   0x00000000        0x4 c:/nxp/lpcxpresso_5.2.2_2108/lpcxpresso/tools/bin/../lib/gcc/arm-none-eabi/4.6.2/../../../../arm-none-eabi/lib/armv7-m\libcr_c.a(memcpy.o)
 .text          0x00000000        0x0 c:/nxp/lpcxpresso_5.2.2_2108/lpcxpresso/tools/bin/../lib/gcc/arm-none-eabi/4.6.2/../../../../arm-none-eabi/lib/armv7-m\libcr_c.a(__init_alloc.o)
 .data          0x00000000        0x0 c:/nxp/lpcxpresso_5.2.2_2108/lpcxpresso/tools/bin/../lib/gcc/arm-none-eabi/4.6.2/../../../../arm-none-eabi/lib/armv7-m\libcr_c.a(__init_alloc.o)
 .bss           0x00000000        0x0 c:/nxp/lpcxpresso_5.2.2_2108/lpcxpresso/tools/bin/../lib/gcc/arm-none-eabi/4.6.2/../../../../arm-none-eabi/lib/armv7-m\libcr_c.a(__init_alloc.o)
 .text._init_alloc
                0x00000000       0x14 c:/nxp/lpcxpresso_5.2.2_2108/lpcxpresso/tools/bin/../lib/gcc/arm-none-eabi/4.6.2/../../../../arm-none-eabi/lib/armv7-m\libcr_c.a(__init_alloc.o)
 .text          0x00000000        0x0 c:/nxp/lpcxpresso_5.2.2_2108/lpcxpresso/tools/bin/../lib/gcc/arm-none-eabi/4.6.2/../../../../arm-none-eabi/lib/armv7-m\libcr_c.a(_do_fflush.o)
 .data          0x00000000        0x0 c:/nxp/lpcxpresso_5.2.2_2108/lpcxpresso/tools/bin/../lib/gcc/arm-none-eabi/4.6.2/../../../../arm-none-eabi/lib/armv7-m\libcr_c.a(_do_fflush.o)
 .bss           0x00000000        0x0 c:/nxp/lpcxpresso_5.2.2_2108/lpcxpresso/tools/bin/../lib/gcc/arm-none-eabi/4.6.2/../../../../arm-none-eabi/lib/armv7-m\libcr_c.a(_do_fflush.o)
 .text          0x00000000        0x0 c:/nxp/lpcxpresso_5.2.2_2108/lpcxpresso/tools/bin/../lib/gcc/arm-none-eabi/4.6.2/../../../../arm-none-eabi/lib/armv7-m\libcr_c.a(errno.o)
 .data          0x00000000        0x0 c:/nxp/lpcxpresso_5.2.2_2108/lpcxpresso/tools/bin/../lib/gcc/arm-none-eabi/4.6.2/../../../../arm-none-eabi/lib/armv7-m\libcr_c.a(errno.o)
 .bss           0x00000000        0x0 c:/nxp/lpcxpresso_5.2.2_2108/lpcxpresso/tools/bin/../lib/gcc/arm-none-eabi/4.6.2/../../../../arm-none-eabi/lib/armv7-m\libcr_c.a(errno.o)
 .text          0x00000000        0x0 c:/nxp/lpcxpresso_5.2.2_2108/lpcxpresso/tools/bin/../lib/gcc/arm-none-eabi/4.6.2/armv7-m\libcr_eabihelpers.a(memcpy.o)
 .data          0x00000000        0x0 c:/nxp/lpcxpresso_5.2.2_2108/lpcxpresso/tools/bin/../lib/gcc/arm-none-eabi/4.6.2/armv7-m\libcr_eabihelpers.a(memcpy.o)
 .bss           0x00000000        0x0 c:/nxp/lpcxpresso_5.2.2_2108/lpcxpresso/tools/bin/../lib/gcc/arm-none-eabi/4.6.2/armv7-m\libcr_eabihelpers.a(memcpy.o)
 .text.__aeabi_memcpy
                0x00000000       0x26 c:/nxp/lpcxpresso_5.2.2_2108/lpcxpresso/tools/bin/../lib/gcc/arm-none-eabi/4.6.2/armv7-m\libcr_eabihelpers.a(memcpy.o)
 .text.__aeabi_memmove
                0x00000000       0x1c c:/nxp/lpcxpresso_5.2.2_2108/lpcxpresso/tools/bin/../lib/gcc/arm-none-eabi/4.6.2/armv7-m\libcr_eabihelpers.a(memcpy.o)
 .text.__aeabi_memclr
                0x00000000        0x8 c:/nxp/lpcxpresso_5.2.2_2108/lpcxpresso/tools/bin/../lib/gcc/arm-none-eabi/4.6.2/armv7-m\libcr_eabihelpers.a(memcpy.o)
 .text.__aeabi_memset
                0x00000000        0xa c:/nxp/lpcxpresso_5.2.2_2108/lpcxpresso/tools/bin/../lib/gcc/arm-none-eabi/4.6.2/armv7-m\libcr_eabihelpers.a(memcpy.o)
 .text          0x00000000        0x0 c:/nxp/lpcxpresso_5.2.2_2108/lpcxpresso/tools/bin/../lib/gcc/arm-none-eabi/4.6.2/../../../../arm-none-eabi/lib/armv7-m\libcr_semihost.a(__sys_appexit.o)
 .data          0x00000000        0x0 c:/nxp/lpcxpresso_5.2.2_2108/lpcxpresso/tools/bin/../lib/gcc/arm-none-eabi/4.6.2/../../../../arm-none-eabi/lib/armv7-m\libcr_semihost.a(__sys_appexit.o)
 .bss           0x00000000        0x0 c:/nxp/lpcxpresso_5.2.2_2108/lpcxpresso/tools/bin/../lib/gcc/arm-none-eabi/4.6.2/../../../../arm-none-eabi/lib/armv7-m\libcr_semihost.a(__sys_appexit.o)
 .text          0x00000000        0x0 c:/nxp/lpcxpresso_5.2.2_2108/lpcxpresso/tools/bin/../lib/gcc/arm-none-eabi/4.6.2/../../../../arm-none-eabi/lib/armv7-m\libcr_semihost.a(__sys_close.o)
 .data          0x00000000        0x0 c:/nxp/lpcxpresso_5.2.2_2108/lpcxpresso/tools/bin/../lib/gcc/arm-none-eabi/4.6.2/../../../../arm-none-eabi/lib/armv7-m\libcr_semihost.a(__sys_close.o)
 .bss           0x00000000        0x0 c:/nxp/lpcxpresso_5.2.2_2108/lpcxpresso/tools/bin/../lib/gcc/arm-none-eabi/4.6.2/../../../../arm-none-eabi/lib/armv7-m\libcr_semihost.a(__sys_close.o)
 .text          0x00000000        0x0 c:/nxp/lpcxpresso_5.2.2_2108/lpcxpresso/tools/bin/../lib/gcc/arm-none-eabi/4.6.2/../../../../arm-none-eabi/lib/armv7-m\libcr_semihost.a(__sys_flen.o)
 .data          0x00000000        0x0 c:/nxp/lpcxpresso_5.2.2_2108/lpcxpresso/tools/bin/../lib/gcc/arm-none-eabi/4.6.2/../../../../arm-none-eabi/lib/armv7-m\libcr_semihost.a(__sys_flen.o)
 .bss           0x00000000        0x0 c:/nxp/lpcxpresso_5.2.2_2108/lpcxpresso/tools/bin/../lib/gcc/arm-none-eabi/4.6.2/../../../../arm-none-eabi/lib/armv7-m\libcr_semihost.a(__sys_flen.o)
 .text          0x00000000        0x0 c:/nxp/lpcxpresso_5.2.2_2108/lpcxpresso/tools/bin/../lib/gcc/arm-none-eabi/4.6.2/../../../../arm-none-eabi/lib/armv7-m\libcr_semihost.a(__sys_istty.o)
 .data          0x00000000        0x0 c:/nxp/lpcxpresso_5.2.2_2108/lpcxpresso/tools/bin/../lib/gcc/arm-none-eabi/4.6.2/../../../../arm-none-eabi/lib/armv7-m\libcr_semihost.a(__sys_istty.o)
 .bss           0x00000000        0x0 c:/nxp/lpcxpresso_5.2.2_2108/lpcxpresso/tools/bin/../lib/gcc/arm-none-eabi/4.6.2/../../../../arm-none-eabi/lib/armv7-m\libcr_semihost.a(__sys_istty.o)
 .text          0x00000000        0x0 c:/nxp/lpcxpresso_5.2.2_2108/lpcxpresso/tools/bin/../lib/gcc/arm-none-eabi/4.6.2/../../../../arm-none-eabi/lib/armv7-m\libcr_semihost.a(__sys_read.o)
 .data          0x00000000        0x0 c:/nxp/lpcxpresso_5.2.2_2108/lpcxpresso/tools/bin/../lib/gcc/arm-none-eabi/4.6.2/../../../../arm-none-eabi/lib/armv7-m\libcr_semihost.a(__sys_read.o)
 .bss           0x00000000        0x0 c:/nxp/lpcxpresso_5.2.2_2108/lpcxpresso/tools/bin/../lib/gcc/arm-none-eabi/4.6.2/../../../../arm-none-eabi/lib/armv7-m\libcr_semihost.a(__sys_read.o)
 .text.__sys_read
                0x00000000        0xc c:/nxp/lpcxpresso_5.2.2_2108/lpcxpresso/tools/bin/../lib/gcc/arm-none-eabi/4.6.2/../../../../arm-none-eabi/lib/armv7-m\libcr_semihost.a(__sys_read.o)
 .text          0x00000000        0x0 c:/nxp/lpcxpresso_5.2.2_2108/lpcxpresso/tools/bin/../lib/gcc/arm-none-eabi/4.6.2/../../../../arm-none-eabi/lib/armv7-m\libcr_semihost.a(__sys_readc.o)
 .data          0x00000000        0x0 c:/nxp/lpcxpresso_5.2.2_2108/lpcxpresso/tools/bin/../lib/gcc/arm-none-eabi/4.6.2/../../../../arm-none-eabi/lib/armv7-m\libcr_semihost.a(__sys_readc.o)
 .bss           0x00000000        0x0 c:/nxp/lpcxpresso_5.2.2_2108/lpcxpresso/tools/bin/../lib/gcc/arm-none-eabi/4.6.2/../../../../arm-none-eabi/lib/armv7-m\libcr_semihost.a(__sys_readc.o)
 .text.__sys_readc
                0x00000000        0x8 c:/nxp/lpcxpresso_5.2.2_2108/lpcxpresso/tools/bin/../lib/gcc/arm-none-eabi/4.6.2/../../../../arm-none-eabi/lib/armv7-m\libcr_semihost.a(__sys_readc.o)
 .text          0x00000000        0x0 c:/nxp/lpcxpresso_5.2.2_2108/lpcxpresso/tools/bin/../lib/gcc/arm-none-eabi/4.6.2/../../../../arm-none-eabi/lib/armv7-m\libcr_semihost.a(__sys_remove.o)
 .data          0x00000000        0x0 c:/nxp/lpcxpresso_5.2.2_2108/lpcxpresso/tools/bin/../lib/gcc/arm-none-eabi/4.6.2/../../../../arm-none-eabi/lib/armv7-m\libcr_semihost.a(__sys_remove.o)
 .bss           0x00000000        0x0 c:/nxp/lpcxpresso_5.2.2_2108/lpcxpresso/tools/bin/../lib/gcc/arm-none-eabi/4.6.2/../../../../arm-none-eabi/lib/armv7-m\libcr_semihost.a(__sys_remove.o)
 .text          0x00000000        0x0 c:/nxp/lpcxpresso_5.2.2_2108/lpcxpresso/tools/bin/../lib/gcc/arm-none-eabi/4.6.2/../../../../arm-none-eabi/lib/armv7-m\libcr_semihost.a(__sys_rename.o)
 .data          0x00000000        0x0 c:/nxp/lpcxpresso_5.2.2_2108/lpcxpresso/tools/bin/../lib/gcc/arm-none-eabi/4.6.2/../../../../arm-none-eabi/lib/armv7-m\libcr_semihost.a(__sys_rename.o)
 .bss           0x00000000        0x0 c:/nxp/lpcxpresso_5.2.2_2108/lpcxpresso/tools/bin/../lib/gcc/arm-none-eabi/4.6.2/../../../../arm-none-eabi/lib/armv7-m\libcr_semihost.a(__sys_rename.o)
 .text.__sys_rename
                0x00000000        0xc c:/nxp/lpcxpresso_5.2.2_2108/lpcxpresso/tools/bin/../lib/gcc/arm-none-eabi/4.6.2/../../../../arm-none-eabi/lib/armv7-m\libcr_semihost.a(__sys_rename.o)
 .text          0x00000000        0x0 c:/nxp/lpcxpresso_5.2.2_2108/lpcxpresso/tools/bin/../lib/gcc/arm-none-eabi/4.6.2/../../../../arm-none-eabi/lib/armv7-m\libcr_semihost.a(__sys_seek.o)
 .data          0x00000000        0x0 c:/nxp/lpcxpresso_5.2.2_2108/lpcxpresso/tools/bin/../lib/gcc/arm-none-eabi/4.6.2/../../../../arm-none-eabi/lib/armv7-m\libcr_semihost.a(__sys_seek.o)
 .bss           0x00000000        0x0 c:/nxp/lpcxpresso_5.2.2_2108/lpcxpresso/tools/bin/../lib/gcc/arm-none-eabi/4.6.2/../../../../arm-none-eabi/lib/armv7-m\libcr_semihost.a(__sys_seek.o)
 .text          0x00000000        0x0 c:/nxp/lpcxpresso_5.2.2_2108/lpcxpresso/tools/bin/../lib/gcc/arm-none-eabi/4.6.2/../../../../arm-none-eabi/lib/armv7-m\libcr_semihost.a(__sys_tmpnam.o)
 .data          0x00000000        0x0 c:/nxp/lpcxpresso_5.2.2_2108/lpcxpresso/tools/bin/../lib/gcc/arm-none-eabi/4.6.2/../../../../arm-none-eabi/lib/armv7-m\libcr_semihost.a(__sys_tmpnam.o)
 .bss           0x00000000        0x0 c:/nxp/lpcxpresso_5.2.2_2108/lpcxpresso/tools/bin/../lib/gcc/arm-none-eabi/4.6.2/../../../../arm-none-eabi/lib/armv7-m\libcr_semihost.a(__sys_tmpnam.o)
 .text          0x00000000        0x0 c:/nxp/lpcxpresso_5.2.2_2108/lpcxpresso/tools/bin/../lib/gcc/arm-none-eabi/4.6.2/../../../../arm-none-eabi/lib/armv7-m\libcr_semihost.a(__sys_write.o)
 .data          0x00000000        0x0 c:/nxp/lpcxpresso_5.2.2_2108/lpcxpresso/tools/bin/../lib/gcc/arm-none-eabi/4.6.2/../../../../arm-none-eabi/lib/armv7-m\libcr_semihost.a(__sys_write.o)
 .bss           0x00000000        0x0 c:/nxp/lpcxpresso_5.2.2_2108/lpcxpresso/tools/bin/../lib/gcc/arm-none-eabi/4.6.2/../../../../arm-none-eabi/lib/armv7-m\libcr_semihost.a(__sys_write.o)
 .text          0x00000000        0x0 c:/nxp/lpcxpresso_5.2.2_2108/lpcxpresso/tools/bin/../lib/gcc/arm-none-eabi/4.6.2/../../../../arm-none-eabi/lib/armv7-m\libcr_semihost.a(_cr_sbrk.o)
 .data          0x00000000        0x0 c:/nxp/lpcxpresso_5.2.2_2108/lpcxpresso/tools/bin/../lib/gcc/arm-none-eabi/4.6.2/../../../../arm-none-eabi/lib/armv7-m\libcr_semihost.a(_cr_sbrk.o)
 .bss           0x00000000        0x0 c:/nxp/lpcxpresso_5.2.2_2108/lpcxpresso/tools/bin/../lib/gcc/arm-none-eabi/4.6.2/../../../../arm-none-eabi/lib/armv7-m\libcr_semihost.a(_cr_sbrk.o)
 .text          0x00000000        0x0 c:/nxp/lpcxpresso_5.2.2_2108/lpcxpresso/tools/bin/../lib/gcc/arm-none-eabi/4.6.2/../../../../arm-none-eabi/lib/armv7-m\libcr_semihost.a(_cr_check_heap.o)
 .data          0x00000000        0x0 c:/nxp/lpcxpresso_5.2.2_2108/lpcxpresso/tools/bin/../lib/gcc/arm-none-eabi/4.6.2/../../../../arm-none-eabi/lib/armv7-m\libcr_semihost.a(_cr_check_heap.o)
 .bss           0x00000000        0x0 c:/nxp/lpcxpresso_5.2.2_2108/lpcxpresso/tools/bin/../lib/gcc/arm-none-eabi/4.6.2/../../../../arm-none-eabi/lib/armv7-m\libcr_semihost.a(_cr_check_heap.o)

Memory Configuration

Name             Origin             Length             Attributes
MFlash512        0x00000000         0x00080000         xr
RamLoc32         0x10000000         0x00008000         xrw
RamAHB32         0x2007c000         0x00008000         xrw
*default*        0x00000000         0xffffffff

Linker script and memory map

LOAD ./src/inc/FW_InitExpansion2.o
LOAD ./src/PRimitivas/KitInfo2PR_Teclado.o
LOAD ./src/PRimitivas/PR_7Seg.o
LOAD ./src/FW_Inicializaciones/FW_InitGPIOBaseBoard.o
LOAD ./src/FW_Inicializaciones/FW_InitKit_principal.o
LOAD ./src/FW_Inicializaciones/FW_InitOscilador.o
LOAD ./src/FW_Inicializaciones/cr_startup_lpc176x.o
LOAD ./src/FW_Drivers/FW_7Seg.o
LOAD ./src/FW_Drivers/FW_GPIO.o
LOAD ./src/FW_Drivers/FW_Systick.o
LOAD ./src/FW_Drivers/KitInfo2FW_Teclado.o
LOAD ./src/main.o
START GROUP
LOAD c:/nxp/lpcxpresso_5.2.2_2108/lpcxpresso/tools/bin/../lib/gcc/arm-none-eabi/4.6.2/../../../../arm-none-eabi/lib/armv7-m\libcr_semihost.a
LOAD c:/nxp/lpcxpresso_5.2.2_2108/lpcxpresso/tools/bin/../lib/gcc/arm-none-eabi/4.6.2/../../../../arm-none-eabi/lib/armv7-m\libcr_c.a
LOAD c:/nxp/lpcxpresso_5.2.2_2108/lpcxpresso/tools/bin/../lib/gcc/arm-none-eabi/4.6.2/armv7-m\libcr_eabihelpers.a
END GROUP
                0x00080000                __top_MFlash512 = 0x80000
                0x10008000                __top_RamLoc32 = 0x10008000
                0x20084000                __top_RamAHB32 = 0x20084000

.text           0x00000000     0x19b8
 FILL mask 0xff
                0x00000000                __vectors_start__ = ABSOLUTE (.)
 *(.isr_vector)
 .isr_vector    0x00000000       0xcc ./src/FW_Inicializaciones/cr_startup_lpc176x.o
                0x00000000                g_pfnVectors
                0x000000cc                . = ALIGN (0x4)
                0x000000cc                __section_table_start = .
                0x000000cc                __data_section_table = .
                0x000000cc        0x4 LONG 0x19b8 LOADADDR (.data)
                0x000000d0        0x4 LONG 0x10000000 ADDR (.data)
                0x000000d4        0x4 LONG 0x10 SIZEOF (.data)
                0x000000d8        0x4 LONG 0x19b8 LOADADDR (.data_RAM2)
                0x000000dc        0x4 LONG 0x2007c000 ADDR (.data_RAM2)
                0x000000e0        0x4 LONG 0x0 SIZEOF (.data_RAM2)
                0x000000e4                __data_section_table_end = .
                0x000000e4                __bss_section_table = .
                0x000000e4        0x4 LONG 0x10000010 ADDR (.bss)
                0x000000e8        0x4 LONG 0x15c SIZEOF (.bss)
                0x000000ec        0x4 LONG 0x2007c000 ADDR (.bss_RAM2)
                0x000000f0        0x4 LONG 0x0 SIZEOF (.bss_RAM2)
                0x000000f4                __bss_section_table_end = .
                0x000000f4                __section_table_end = .
 *(.after_vectors*)
 .after_vectors
                0x000000f4       0x74 ./src/FW_Inicializaciones/cr_startup_lpc176x.o
                0x000000f4                NMI_Handler
                0x000000f6                HardFault_Handler
                0x000000f8                MemManage_Handler
                0x000000fa                BusFault_Handler
                0x000000fc                UsageFault_Handler
                0x000000fe                SVC_Handler
                0x00000100                DebugMon_Handler
                0x00000102                PendSV_Handler
                0x00000106                data_init
                0x00000118                bss_init
                0x00000128                ResetISR
                0x00000164                UART1_IRQHandler
                0x00000164                EINT3_IRQHandler
                0x00000164                CANActivity_IRQHandler
                0x00000164                TIMER3_IRQHandler
                0x00000164                UART0_IRQHandler
                0x00000164                EINT2_IRQHandler
                0x00000164                I2C1_IRQHandler
                0x00000164                IntDefaultHandler
                0x00000164                PLL0_IRQHandler
                0x00000164                CAN_IRQHandler
                0x00000164                PWM1_IRQHandler
                0x00000164                SSP0_IRQHandler
                0x00000164                I2S_IRQHandler
                0x00000164                I2C2_IRQHandler
                0x00000164                RTC_IRQHandler
                0x00000164                TIMER0_IRQHandler
                0x00000164                SPI_IRQHandler
                0x00000164                USBActivity_IRQHandler
                0x00000164                EINT1_IRQHandler
                0x00000164                TIMER1_IRQHandler
                0x00000164                UART2_IRQHandler
                0x00000164                ADC_IRQHandler
                0x00000164                SSP1_IRQHandler
                0x00000164                USB_IRQHandler
                0x00000164                BOD_IRQHandler
                0x00000164                I2C0_IRQHandler
                0x00000164                WDT_IRQHandler
                0x00000164                RIT_IRQHandler
                0x00000164                QEI_IRQHandler
                0x00000164                EINT0_IRQHandler
                0x00000164                PLL1_IRQHandler
                0x00000164                DMA_IRQHandler
                0x00000164                TIMER2_IRQHandler
                0x00000164                UART3_IRQHandler
                0x00000164                MCPWM_IRQHandler
                0x00000164                ENET_IRQHandler
                0x000002fc                . = 0x2fc
 *fill*         0x00000168      0x194 ff
                0x000002fc                PROVIDE (__CRP_WORD_START__, .)
 *(.crp)
 .crp           0x000002fc        0x4 ./src/main.o
                0x000002fc                CRP_WORD
                0x00000300                PROVIDE (__CRP_WORD_END__, .)
                0x00000001                ASSERT (! ((__CRP_WORD_START__ == __CRP_WORD_END__)), Linker CRP Enabled, but no CRP_WORD provided within application)
 *(.text*)
 .text.Inicializar_Display7s
                0x00000300      0x1c8 ./src/inc/FW_InitExpansion2.o
                0x00000300                Inicializar_Display7s
 .text.Teclado  0x000004c8       0x44 ./src/PRimitivas/KitInfo2PR_Teclado.o
                0x000004c8                Teclado
 .text.Display  0x0000050c       0xe4 ./src/PRimitivas/PR_7Seg.o
                0x0000050c                Display
 .text.Inicializar_Teclado
                0x000005f0       0xd8 ./src/FW_Inicializaciones/FW_InitGPIOBaseBoard.o
                0x000005f0                Inicializar_Teclado
 .text.Inicializar_Relay
                0x000006c8       0xb8 ./src/FW_Inicializaciones/FW_InitGPIOBaseBoard.o
                0x000006c8                Inicializar_Relay
 .text.Inicializar_RGB
                0x00000780       0x68 ./src/FW_Inicializaciones/FW_InitGPIOBaseBoard.o
                0x00000780                Inicializar_RGB
 .text.InicSysTick
                0x000007e8       0x64 ./src/FW_Inicializaciones/FW_InitKit_principal.o
                0x000007e8                InicSysTick
 .text.InicializarKit
                0x0000084c       0x20 ./src/FW_Inicializaciones/FW_InitKit_principal.o
                0x0000084c                InicializarKit
 .text.InicPLL  0x0000086c      0x1f0 ./src/FW_Inicializaciones/FW_InitOscilador.o
                0x0000086c                InicPLL
 .text.BarridoDisplay
                0x00000a5c      0x244 ./src/FW_Drivers/FW_7Seg.o
                0x00000a5c                BarridoDisplay
 .text.SetPINSEL
                0x00000ca0       0x98 ./src/FW_Drivers/FW_GPIO.o
                0x00000ca0                SetPINSEL
 .text.SetPINMODE
                0x00000d38       0xa0 ./src/FW_Drivers/FW_GPIO.o
                0x00000d38                SetPINMODE
 .text.SetDIR   0x00000dd8       0x80 ./src/FW_Drivers/FW_GPIO.o
                0x00000dd8                SetDIR
 .text.SetPIN   0x00000e58       0x84 ./src/FW_Drivers/FW_GPIO.o
                0x00000e58                SetPIN
 .text.GetPIN   0x00000edc       0x54 ./src/FW_Drivers/FW_GPIO.o
                0x00000edc                GetPIN
 .text.SysTick_Handler
                0x00000f30       0x10 ./src/FW_Drivers/FW_Systick.o
                0x00000f30                SysTick_Handler
 .text.DriverTeclado
                0x00000f40       0x20 ./src/FW_Drivers/KitInfo2FW_Teclado.o
                0x00000f40                DriverTeclado
 .text.TecladoSW
                0x00000f60      0x120 ./src/FW_Drivers/KitInfo2FW_Teclado.o
                0x00000f60                TecladoSW
 .text.TecladoHW
                0x00001080       0xa4 ./src/FW_Drivers/KitInfo2FW_Teclado.o
                0x00001080                TecladoHW
 .text.main     0x00001124       0x10 ./src/main.o
                0x00001124                main
 .text.Check_tecla
                0x00001134      0x174 ./src/main.o
                0x00001134                Check_tecla
 .text.__main   0x000012a8       0x14 c:/nxp/lpcxpresso_5.2.2_2108/lpcxpresso/tools/bin/../lib/gcc/arm-none-eabi/4.6.2/../../../../arm-none-eabi/lib/armv7-m\libcr_semihost.a(_cr__main.o)
                0x000012a8                __CR_SEMIHOST
                0x000012a8                __main
 .text._initio  0x000012bc       0x9c c:/nxp/lpcxpresso_5.2.2_2108/lpcxpresso/tools/bin/../lib/gcc/arm-none-eabi/4.6.2/../../../../arm-none-eabi/lib/armv7-m\libcr_c.a(initio.o)
                0x000012bc                _initio
 .text.setvbuf  0x00001358       0x48 c:/nxp/lpcxpresso_5.2.2_2108/lpcxpresso/tools/bin/../lib/gcc/arm-none-eabi/4.6.2/../../../../arm-none-eabi/lib/armv7-m\libcr_c.a(setvbuf.o)
                0x00001358                setvbuf
 .text.memset   0x000013a0        0x4 c:/nxp/lpcxpresso_5.2.2_2108/lpcxpresso/tools/bin/../lib/gcc/arm-none-eabi/4.6.2/../../../../arm-none-eabi/lib/armv7-m\libcr_c.a(memset.o)
                0x000013a0                memset
 .text._deferredlazyseek
                0x000013a4       0x44 c:/nxp/lpcxpresso_5.2.2_2108/lpcxpresso/tools/bin/../lib/gcc/arm-none-eabi/4.6.2/../../../../arm-none-eabi/lib/armv7-m\libcr_c.a(_deferredlazyseek.o)
                0x000013a4                _deferredlazyseek
 .text._fdopen  0x000013e8       0x6c c:/nxp/lpcxpresso_5.2.2_2108/lpcxpresso/tools/bin/../lib/gcc/arm-none-eabi/4.6.2/../../../../arm-none-eabi/lib/armv7-m\libcr_c.a(_fdopen.o)
                0x000013e8                _fdopen
 .text._fflush  0x00001454       0x58 c:/nxp/lpcxpresso_5.2.2_2108/lpcxpresso/tools/bin/../lib/gcc/arm-none-eabi/4.6.2/../../../../arm-none-eabi/lib/armv7-m\libcr_c.a(_fflush.o)
                0x00001454                _fflush
 .text._Cwritebuf
                0x000014ac       0x84 c:/nxp/lpcxpresso_5.2.2_2108/lpcxpresso/tools/bin/../lib/gcc/arm-none-eabi/4.6.2/../../../../arm-none-eabi/lib/armv7-m\libcr_c.a(_writebuf.o)
                0x000014ac                _Cwritebuf
 .text.malloc   0x00001530       0xbc c:/nxp/lpcxpresso_5.2.2_2108/lpcxpresso/tools/bin/../lib/gcc/arm-none-eabi/4.6.2/../../../../arm-none-eabi/lib/armv7-m\libcr_c.a(alloc.o)
                0x00001530                malloc
 .text.free     0x000015ec        0xa c:/nxp/lpcxpresso_5.2.2_2108/lpcxpresso/tools/bin/../lib/gcc/arm-none-eabi/4.6.2/../../../../arm-none-eabi/lib/armv7-m\libcr_c.a(alloc.o)
                0x000015ec                free
 *fill*         0x000015f6        0x2 00
 .text._Csys_alloc
                0x000015f8       0x20 c:/nxp/lpcxpresso_5.2.2_2108/lpcxpresso/tools/bin/../lib/gcc/arm-none-eabi/4.6.2/../../../../arm-none-eabi/lib/armv7-m\libcr_c.a(alloc.o)
                0x000015f8                _Csys_alloc
 .text.fclose   0x00001618       0x6c c:/nxp/lpcxpresso_5.2.2_2108/lpcxpresso/tools/bin/../lib/gcc/arm-none-eabi/4.6.2/../../../../arm-none-eabi/lib/armv7-m\libcr_c.a(fclose.o)
                0x00001618                fclose
 .text.fflush   0x00001684       0x34 c:/nxp/lpcxpresso_5.2.2_2108/lpcxpresso/tools/bin/../lib/gcc/arm-none-eabi/4.6.2/../../../../arm-none-eabi/lib/armv7-m\libcr_c.a(fflush.o)
                0x00001684                fflush
 .text.fseek    0x000016b8      0x104 c:/nxp/lpcxpresso_5.2.2_2108/lpcxpresso/tools/bin/../lib/gcc/arm-none-eabi/4.6.2/../../../../arm-none-eabi/lib/armv7-m\libcr_c.a(fseek.o)
                0x000016b8                fseek
 .text.ftell    0x000017bc       0x4c c:/nxp/lpcxpresso_5.2.2_2108/lpcxpresso/tools/bin/../lib/gcc/arm-none-eabi/4.6.2/../../../../arm-none-eabi/lib/armv7-m\libcr_c.a(ftell.o)
                0x000017bc                ftell
 .text.remove   0x00001808       0x14 c:/nxp/lpcxpresso_5.2.2_2108/lpcxpresso/tools/bin/../lib/gcc/arm-none-eabi/4.6.2/../../../../arm-none-eabi/lib/armv7-m\libcr_c.a(remove.o)
                0x00001808                remove
 .text.strlen   0x0000181c       0x4c c:/nxp/lpcxpresso_5.2.2_2108/lpcxpresso/tools/bin/../lib/gcc/arm-none-eabi/4.6.2/../../../../arm-none-eabi/lib/armv7-m\libcr_c.a(strlen.o)
                0x0000181c                strlen
 .text._do_fflush
                0x00001868       0x42 c:/nxp/lpcxpresso_5.2.2_2108/lpcxpresso/tools/bin/../lib/gcc/arm-none-eabi/4.6.2/../../../../arm-none-eabi/lib/armv7-m\libcr_c.a(_do_fflush.o)
                0x00001868                _do_fflush
 .text.__aeabi_memset_lowlevel
                0x000018aa       0x24 c:/nxp/lpcxpresso_5.2.2_2108/lpcxpresso/tools/bin/../lib/gcc/arm-none-eabi/4.6.2/armv7-m\libcr_eabihelpers.a(memcpy.o)
                0x000018aa                __aeabi_lowlevel_memset
 *fill*         0x000018ce        0x2 00
 .text.__sys_appexit
                0x000018d0        0xc c:/nxp/lpcxpresso_5.2.2_2108/lpcxpresso/tools/bin/../lib/gcc/arm-none-eabi/4.6.2/../../../../arm-none-eabi/lib/armv7-m\libcr_semihost.a(__sys_appexit.o)
                0x000018d0                __sys_appexit
                0x000018d0                __exit
 .text.__sys_close
                0x000018dc        0xc c:/nxp/lpcxpresso_5.2.2_2108/lpcxpresso/tools/bin/../lib/gcc/arm-none-eabi/4.6.2/../../../../arm-none-eabi/lib/armv7-m\libcr_semihost.a(__sys_close.o)
                0x000018dc                __sys_close
 .text.__sys_flen
                0x000018e8        0xc c:/nxp/lpcxpresso_5.2.2_2108/lpcxpresso/tools/bin/../lib/gcc/arm-none-eabi/4.6.2/../../../../arm-none-eabi/lib/armv7-m\libcr_semihost.a(__sys_flen.o)
                0x000018e8                __sys_flen
 .text.__sys_istty
                0x000018f4        0xc c:/nxp/lpcxpresso_5.2.2_2108/lpcxpresso/tools/bin/../lib/gcc/arm-none-eabi/4.6.2/../../../../arm-none-eabi/lib/armv7-m\libcr_semihost.a(__sys_istty.o)
                0x000018f4                __sys_istty
 .text.__sys_remove
                0x00001900        0xc c:/nxp/lpcxpresso_5.2.2_2108/lpcxpresso/tools/bin/../lib/gcc/arm-none-eabi/4.6.2/../../../../arm-none-eabi/lib/armv7-m\libcr_semihost.a(__sys_remove.o)
                0x00001900                __sys_remove
 .text.__sys_seek
                0x0000190c        0xc c:/nxp/lpcxpresso_5.2.2_2108/lpcxpresso/tools/bin/../lib/gcc/arm-none-eabi/4.6.2/../../../../arm-none-eabi/lib/armv7-m\libcr_semihost.a(__sys_seek.o)
                0x0000190c                __sys_seek
 .text.__sys_tmpnam
                0x00001918        0xc c:/nxp/lpcxpresso_5.2.2_2108/lpcxpresso/tools/bin/../lib/gcc/arm-none-eabi/4.6.2/../../../../arm-none-eabi/lib/armv7-m\libcr_semihost.a(__sys_tmpnam.o)
                0x00001918                __sys_tmpnam
 .text.__sys_write
                0x00001924        0xc c:/nxp/lpcxpresso_5.2.2_2108/lpcxpresso/tools/bin/../lib/gcc/arm-none-eabi/4.6.2/../../../../arm-none-eabi/lib/armv7-m\libcr_semihost.a(__sys_write.o)
                0x00001924                __sys_write
                0x00001924                __write
 .text._sbrk    0x00001930       0x40 c:/nxp/lpcxpresso_5.2.2_2108/lpcxpresso/tools/bin/../lib/gcc/arm-none-eabi/4.6.2/../../../../arm-none-eabi/lib/armv7-m\libcr_semihost.a(_cr_sbrk.o)
                0x00001930                _sbrk
 .text.__check_heap_overflow
                0x00001970       0x2c c:/nxp/lpcxpresso_5.2.2_2108/lpcxpresso/tools/bin/../lib/gcc/arm-none-eabi/4.6.2/../../../../arm-none-eabi/lib/armv7-m\libcr_semihost.a(_cr_check_heap.o)
                0x00001970                __check_heap_overflow
 *(.rodata .rodata.*)
 .rodata.str1.1
                0x0000199c        0x4 c:/nxp/lpcxpresso_5.2.2_2108/lpcxpresso/tools/bin/../lib/gcc/arm-none-eabi/4.6.2/../../../../arm-none-eabi/lib/armv7-m\libcr_c.a(initio.o)
 .rodata.str1.1
                0x000019a0       0x18 c:/nxp/lpcxpresso_5.2.2_2108/lpcxpresso/tools/bin/../lib/gcc/arm-none-eabi/4.6.2/../../../../arm-none-eabi/lib/armv7-m\libcr_c.a(alloc.o)
                0x000019b8                . = ALIGN (0x4)

.glue_7         0x000019b8        0x0
 .glue_7        0x00000000        0x0 linker stubs

.glue_7t        0x000019b8        0x0
 .glue_7t       0x00000000        0x0 linker stubs

.vfp11_veneer   0x000019b8        0x0
 .vfp11_veneer  0x00000000        0x0 linker stubs

.v4_bx          0x000019b8        0x0
 .v4_bx         0x00000000        0x0 linker stubs

.ARM.extab
 *(.ARM.extab* .gnu.linkonce.armextab.*)
                0x000019b8                __exidx_start = .

.ARM.exidx
 *(.ARM.exidx* .gnu.linkonce.armexidx.*)
                0x000019b8                __exidx_end = .
                0x000019b8                _etext = .

.data_RAM2      0x2007c000        0x0 load address 0x000019b8
 FILL mask 0xff
 *(.data.$RAM2*)
 *(.data.$RamAHB32*)
                0x2007c000                . = ALIGN (0x4)

.uninit_RESERVED
                0x10000000        0x0
 *(.bss.$RESERVED*)
                0x10000000                . = ALIGN (0x4)
                0x10000000                _end_uninit_RESERVED = .

.data           0x10000000       0x10 load address 0x000019b8
 FILL mask 0xff
                0x10000000                .data = .
 *(vtable)
 *(.data*)
 .data.Tabla_Digitos_BCD_7seg
                0x10000000        0xc ./src/PRimitivas/PR_7Seg.o
                0x10000000                Tabla_Digitos_BCD_7seg
 .data.codAnt.3556
                0x1000000c        0x1 ./src/FW_Drivers/KitInfo2FW_Teclado.o
                0x10000010                . = ALIGN (0x4)
 *fill*         0x1000000d        0x3 ff
                0x10000010                _edata = .

.bss_RAM2       0x2007c000        0x0
 *(.bss.$RAM2*)
 *(.bss.$RamAHB32*)
                0x2007c000                . = ALIGN (0x4)

.bss            0x10000010      0x15c
                0x10000010                _bss = .
 *(.bss*)
 .bss.digito.3555
                0x10000010        0x1 ./src/FW_Drivers/FW_7Seg.o
 .bss.estado.3557
                0x10000011        0x1 ./src/FW_Drivers/KitInfo2FW_Teclado.o
 *fill*         0x10000012        0x2 00
 .bss.errno     0x10000014        0x4 c:/nxp/lpcxpresso_5.2.2_2108/lpcxpresso/tools/bin/../lib/gcc/arm-none-eabi/4.6.2/../../../../arm-none-eabi/lib/armv7-m\libcr_c.a(errno.o)
                0x10000014                errno
 *(COMMON)
 COMMON         0x10000018        0x7 ./src/main.o
                0x10000018                msgDisplay
                0x1000001e                buffKey
 *fill*         0x1000001f        0x1 00
 COMMON         0x10000020        0x4 c:/nxp/lpcxpresso_5.2.2_2108/lpcxpresso/tools/bin/../lib/gcc/arm-none-eabi/4.6.2/../../../../arm-none-eabi/lib/armv7-m\libcr_c.a(initio.o)
                0x10000020                _extra
 COMMON         0x10000024      0x140 c:/nxp/lpcxpresso_5.2.2_2108/lpcxpresso/tools/bin/../lib/gcc/arm-none-eabi/4.6.2/../../../../arm-none-eabi/lib/armv7-m\libcr_c.a(stdio.o)
                0x10000024                __Ciob
 COMMON         0x10000164        0x8 c:/nxp/lpcxpresso_5.2.2_2108/lpcxpresso/tools/bin/../lib/gcc/arm-none-eabi/4.6.2/../../../../arm-none-eabi/lib/armv7-m\libcr_c.a(__init_alloc.o)
                0x10000164                __heaps
                0x10000168                __end_of_heap
                0x1000016c                . = ALIGN (0x4)
                0x1000016c                _ebss = .
                0x1000016c                PROVIDE (end, .)

.noinit_RAM2    0x2007c000        0x0
 *(.noinit.$RAM2*)
 *(.noinit.$RamAHB32*)
                0x2007c000                . = ALIGN (0x4)

.noinit         0x1000016c        0x0
                0x1000016c                _noinit = .
 *(.noinit*)
                0x1000016c                . = ALIGN (0x4)
                0x1000016c                _end_noinit = .
                0x1000016c                PROVIDE (_pvHeapStart, .)
                0x10008000                PROVIDE (_vStackTop, (__top_RamLoc32 - 0x0))
OUTPUT(Teclado4x1.axf elf32-littlearm)

.debug_info     0x00000000      0xba7
 .debug_info    0x00000000       0x58 ./src/inc/FW_InitExpansion2.o
 .debug_info    0x00000058       0x94 ./src/PRimitivas/KitInfo2PR_Teclado.o
 .debug_info    0x000000ec      0x11c ./src/PRimitivas/PR_7Seg.o
 .debug_info    0x00000208       0x82 ./src/FW_Inicializaciones/FW_InitGPIOBaseBoard.o
 .debug_info    0x0000028a      0x15d ./src/FW_Inicializaciones/FW_InitKit_principal.o
 .debug_info    0x000003e7       0x63 ./src/FW_Inicializaciones/FW_InitOscilador.o
 .debug_info    0x0000044a      0x29e ./src/FW_Inicializaciones/cr_startup_lpc176x.o
 .debug_info    0x000006e8       0xb6 ./src/FW_Drivers/FW_7Seg.o
 .debug_info    0x0000079e      0x1ad ./src/FW_Drivers/FW_GPIO.o
 .debug_info    0x0000094b       0x58 ./src/FW_Drivers/FW_Systick.o
 .debug_info    0x000009a3      0x119 ./src/FW_Drivers/KitInfo2FW_Teclado.o
 .debug_info    0x00000abc       0xeb ./src/main.o

.debug_abbrev   0x00000000      0x641
 .debug_abbrev  0x00000000       0x38 ./src/inc/FW_InitExpansion2.o
 .debug_abbrev  0x00000038       0x69 ./src/PRimitivas/KitInfo2PR_Teclado.o
 .debug_abbrev  0x000000a1       0xbe ./src/PRimitivas/PR_7Seg.o
 .debug_abbrev  0x0000015f       0x38 ./src/FW_Inicializaciones/FW_InitGPIOBaseBoard.o
 .debug_abbrev  0x00000197       0xd6 ./src/FW_Inicializaciones/FW_InitKit_principal.o
 .debug_abbrev  0x0000026d       0x45 ./src/FW_Inicializaciones/FW_InitOscilador.o
 .debug_abbrev  0x000002b2      0x120 ./src/FW_Inicializaciones/cr_startup_lpc176x.o
 .debug_abbrev  0x000003d2       0x7c ./src/FW_Drivers/FW_7Seg.o
 .debug_abbrev  0x0000044e       0x7c ./src/FW_Drivers/FW_GPIO.o
 .debug_abbrev  0x000004ca       0x38 ./src/FW_Drivers/FW_Systick.o
 .debug_abbrev  0x00000502       0x96 ./src/FW_Drivers/KitInfo2FW_Teclado.o
 .debug_abbrev  0x00000598       0xa9 ./src/main.o

.debug_loc      0x00000000      0x52e
 .debug_loc     0x00000000       0x2c ./src/inc/FW_InitExpansion2.o
 .debug_loc     0x0000002c       0x38 ./src/PRimitivas/KitInfo2PR_Teclado.o
 .debug_loc     0x00000064       0x38 ./src/PRimitivas/PR_7Seg.o
 .debug_loc     0x0000009c       0x84 ./src/FW_Inicializaciones/FW_InitGPIOBaseBoard.o
 .debug_loc     0x00000120       0x58 ./src/FW_Inicializaciones/FW_InitKit_principal.o
 .debug_loc     0x00000178       0x2c ./src/FW_Inicializaciones/FW_InitOscilador.o
 .debug_loc     0x000001a4      0x102 ./src/FW_Inicializaciones/cr_startup_lpc176x.o
 .debug_loc     0x000002a6       0x38 ./src/FW_Drivers/FW_7Seg.o
 .debug_loc     0x000002de      0x118 ./src/FW_Drivers/FW_GPIO.o
 .debug_loc     0x000003f6       0x2c ./src/FW_Drivers/FW_Systick.o
 .debug_loc     0x00000422       0xa8 ./src/FW_Drivers/KitInfo2FW_Teclado.o
 .debug_loc     0x000004ca       0x64 ./src/main.o

.debug_aranges  0x00000000      0x230
 .debug_aranges
                0x00000000       0x20 ./src/inc/FW_InitExpansion2.o
 .debug_aranges
                0x00000020       0x20 ./src/PRimitivas/KitInfo2PR_Teclado.o
 .debug_aranges
                0x00000040       0x20 ./src/PRimitivas/PR_7Seg.o
 .debug_aranges
                0x00000060       0x30 ./src/FW_Inicializaciones/FW_InitGPIOBaseBoard.o
 .debug_aranges
                0x00000090       0x28 ./src/FW_Inicializaciones/FW_InitKit_principal.o
 .debug_aranges
                0x000000b8       0x20 ./src/FW_Inicializaciones/FW_InitOscilador.o
 .debug_aranges
                0x000000d8       0x80 ./src/FW_Inicializaciones/cr_startup_lpc176x.o
 .debug_aranges
                0x00000158       0x20 ./src/FW_Drivers/FW_7Seg.o
 .debug_aranges
                0x00000178       0x40 ./src/FW_Drivers/FW_GPIO.o
 .debug_aranges
                0x000001b8       0x20 ./src/FW_Drivers/FW_Systick.o
 .debug_aranges
                0x000001d8       0x30 ./src/FW_Drivers/KitInfo2FW_Teclado.o
 .debug_aranges
                0x00000208       0x28 ./src/main.o

.debug_ranges   0x00000000      0x170
 .debug_ranges  0x00000000       0x10 ./src/inc/FW_InitExpansion2.o
 .debug_ranges  0x00000010       0x10 ./src/PRimitivas/KitInfo2PR_Teclado.o
 .debug_ranges  0x00000020       0x10 ./src/PRimitivas/PR_7Seg.o
 .debug_ranges  0x00000030       0x20 ./src/FW_Inicializaciones/FW_InitGPIOBaseBoard.o
 .debug_ranges  0x00000050       0x18 ./src/FW_Inicializaciones/FW_InitKit_principal.o
 .debug_ranges  0x00000068       0x10 ./src/FW_Inicializaciones/FW_InitOscilador.o
 .debug_ranges  0x00000078       0x70 ./src/FW_Inicializaciones/cr_startup_lpc176x.o
 .debug_ranges  0x000000e8       0x10 ./src/FW_Drivers/FW_7Seg.o
 .debug_ranges  0x000000f8       0x30 ./src/FW_Drivers/FW_GPIO.o
 .debug_ranges  0x00000128       0x10 ./src/FW_Drivers/FW_Systick.o
 .debug_ranges  0x00000138       0x20 ./src/FW_Drivers/KitInfo2FW_Teclado.o
 .debug_ranges  0x00000158       0x18 ./src/main.o

.debug_line     0x00000000      0xdfe
 .debug_line    0x00000000       0xea ./src/inc/FW_InitExpansion2.o
 .debug_line    0x000000ea      0x110 ./src/PRimitivas/KitInfo2PR_Teclado.o
 .debug_line    0x000001fa      0x122 ./src/PRimitivas/PR_7Seg.o
 .debug_line    0x0000031c      0x154 ./src/FW_Inicializaciones/FW_InitGPIOBaseBoard.o
 .debug_line    0x00000470      0x131 ./src/FW_Inicializaciones/FW_InitKit_principal.o
 .debug_line    0x000005a1       0xf3 ./src/FW_Inicializaciones/FW_InitOscilador.o
 .debug_line    0x00000694       0xbe ./src/FW_Inicializaciones/cr_startup_lpc176x.o
 .debug_line    0x00000752      0x11a ./src/FW_Drivers/FW_7Seg.o
 .debug_line    0x0000086c       0xe7 ./src/FW_Drivers/FW_GPIO.o
 .debug_line    0x00000953      0x103 ./src/FW_Drivers/FW_Systick.o
 .debug_line    0x00000a56      0x175 ./src/FW_Drivers/KitInfo2FW_Teclado.o
 .debug_line    0x00000bcb      0x233 ./src/main.o

.debug_macinfo  0x00000000    0x2c3e8
 .debug_macinfo
                0x00000000     0x3ee4 ./src/inc/FW_InitExpansion2.o
 .debug_macinfo
                0x00003ee4     0x3ee4 ./src/PRimitivas/KitInfo2PR_Teclado.o
 .debug_macinfo
                0x00007dc8     0x3ee4 ./src/PRimitivas/PR_7Seg.o
 .debug_macinfo
                0x0000bcac     0x3ee4 ./src/FW_Inicializaciones/FW_InitGPIOBaseBoard.o
 .debug_macinfo
                0x0000fb90     0x3ee4 ./src/FW_Inicializaciones/FW_InitKit_principal.o
 .debug_macinfo
                0x00013a74     0x3624 ./src/FW_Inicializaciones/FW_InitOscilador.o
 .debug_macinfo
                0x00017098     0x22e9 ./src/FW_Inicializaciones/cr_startup_lpc176x.o
 .debug_macinfo
                0x00019381     0x3ee4 ./src/FW_Drivers/FW_7Seg.o
 .debug_macinfo
                0x0001d265     0x3121 ./src/FW_Drivers/FW_GPIO.o
 .debug_macinfo
                0x00020386     0x3ee4 ./src/FW_Drivers/FW_Systick.o
 .debug_macinfo
                0x0002426a     0x3ee4 ./src/FW_Drivers/KitInfo2FW_Teclado.o
 .debug_macinfo
                0x0002814e     0x429a ./src/main.o

.debug_str      0x00000000      0x5a3
 .debug_str     0x00000000       0xd0 ./src/inc/FW_InitExpansion2.o
                                 0xdd (size before relaxing)
 .debug_str     0x000000d0       0x37 ./src/PRimitivas/KitInfo2PR_Teclado.o
                                 0xed (size before relaxing)
 .debug_str     0x00000107       0x5b ./src/PRimitivas/PR_7Seg.o
                                0x113 (size before relaxing)
 .debug_str     0x00000162       0x68 ./src/FW_Inicializaciones/FW_InitGPIOBaseBoard.o
                                0x110 (size before relaxing)
 .debug_str     0x000001ca       0xc5 ./src/FW_Inicializaciones/FW_InitKit_principal.o
                                0x16d (size before relaxing)
 .debug_str     0x0000028f       0x36 ./src/FW_Inicializaciones/FW_InitOscilador.o
                                 0xe7 (size before relaxing)
 .debug_str     0x000002c5      0x18b ./src/FW_Inicializaciones/cr_startup_lpc176x.o
                                0x218 (size before relaxing)
 .debug_str     0x00000450       0x3b ./src/FW_Drivers/FW_7Seg.o
                                 0xf6 (size before relaxing)
 .debug_str     0x0000048b       0x61 ./src/FW_Drivers/FW_GPIO.o
                                0x11a (size before relaxing)
 .debug_str     0x000004ec       0x1f ./src/FW_Drivers/FW_Systick.o
                                 0xd7 (size before relaxing)
 .debug_str     0x0000050b       0x70 ./src/FW_Drivers/KitInfo2FW_Teclado.o
                                0x12f (size before relaxing)
 .debug_str     0x0000057b       0x28 ./src/main.o
                                 0xf1 (size before relaxing)

.comment        0x00000000       0xe0
 .comment       0x00000000       0x70 ./src/inc/FW_InitExpansion2.o
                                 0x71 (size before relaxing)
 .comment       0x00000000       0x71 ./src/PRimitivas/KitInfo2PR_Teclado.o
 .comment       0x00000000       0x71 ./src/PRimitivas/PR_7Seg.o
 .comment       0x00000000       0x71 ./src/FW_Inicializaciones/FW_InitGPIOBaseBoard.o
 .comment       0x00000000       0x71 ./src/FW_Inicializaciones/FW_InitKit_principal.o
 .comment       0x00000000       0x71 ./src/FW_Inicializaciones/FW_InitOscilador.o
 .comment       0x00000000       0x71 ./src/FW_Inicializaciones/cr_startup_lpc176x.o
 .comment       0x00000000       0x71 ./src/FW_Drivers/FW_7Seg.o
 .comment       0x00000000       0x71 ./src/FW_Drivers/FW_GPIO.o
 .comment       0x00000000       0x71 ./src/FW_Drivers/FW_Systick.o
 .comment       0x00000000       0x71 ./src/FW_Drivers/KitInfo2FW_Teclado.o
 .comment       0x00000000       0x71 ./src/main.o
 .comment       0x00000070       0x70 c:/nxp/lpcxpresso_5.2.2_2108/lpcxpresso/tools/bin/../lib/gcc/arm-none-eabi/4.6.2/../../../../arm-none-eabi/lib/armv7-m\libcr_semihost.a(_cr__main.o)
                                 0x71 (size before relaxing)
 .comment       0x00000000       0x71 c:/nxp/lpcxpresso_5.2.2_2108/lpcxpresso/tools/bin/../lib/gcc/arm-none-eabi/4.6.2/../../../../arm-none-eabi/lib/armv7-m\libcr_c.a(initio.o)
 .comment       0x00000000       0x71 c:/nxp/lpcxpresso_5.2.2_2108/lpcxpresso/tools/bin/../lib/gcc/arm-none-eabi/4.6.2/../../../../arm-none-eabi/lib/armv7-m\libcr_c.a(setvbuf.o)
 .comment       0x00000000       0x71 c:/nxp/lpcxpresso_5.2.2_2108/lpcxpresso/tools/bin/../lib/gcc/arm-none-eabi/4.6.2/../../../../arm-none-eabi/lib/armv7-m\libcr_c.a(stdio.o)
 .comment       0x00000000       0x71 c:/nxp/lpcxpresso_5.2.2_2108/lpcxpresso/tools/bin/../lib/gcc/arm-none-eabi/4.6.2/../../../../arm-none-eabi/lib/armv7-m\libcr_c.a(memset.o)
 .comment       0x00000000       0x71 c:/nxp/lpcxpresso_5.2.2_2108/lpcxpresso/tools/bin/../lib/gcc/arm-none-eabi/4.6.2/../../../../arm-none-eabi/lib/armv7-m\libcr_c.a(__fillbuf.o)
 .comment       0x00000000       0x71 c:/nxp/lpcxpresso_5.2.2_2108/lpcxpresso/tools/bin/../lib/gcc/arm-none-eabi/4.6.2/../../../../arm-none-eabi/lib/armv7-m\libcr_c.a(_deferredlazyseek.o)
 .comment       0x00000000       0x71 c:/nxp/lpcxpresso_5.2.2_2108/lpcxpresso/tools/bin/../lib/gcc/arm-none-eabi/4.6.2/../../../../arm-none-eabi/lib/armv7-m\libcr_c.a(_fdopen.o)
 .comment       0x00000000       0x71 c:/nxp/lpcxpresso_5.2.2_2108/lpcxpresso/tools/bin/../lib/gcc/arm-none-eabi/4.6.2/../../../../arm-none-eabi/lib/armv7-m\libcr_c.a(_fflush.o)
 .comment       0x00000000       0x71 c:/nxp/lpcxpresso_5.2.2_2108/lpcxpresso/tools/bin/../lib/gcc/arm-none-eabi/4.6.2/../../../../arm-none-eabi/lib/armv7-m\libcr_c.a(_writebuf.o)
 .comment       0x00000000       0x71 c:/nxp/lpcxpresso_5.2.2_2108/lpcxpresso/tools/bin/../lib/gcc/arm-none-eabi/4.6.2/../../../../arm-none-eabi/lib/armv7-m\libcr_c.a(alloc.o)
 .comment       0x00000000       0x71 c:/nxp/lpcxpresso_5.2.2_2108/lpcxpresso/tools/bin/../lib/gcc/arm-none-eabi/4.6.2/../../../../arm-none-eabi/lib/armv7-m\libcr_c.a(fclose.o)
 .comment       0x00000000       0x71 c:/nxp/lpcxpresso_5.2.2_2108/lpcxpresso/tools/bin/../lib/gcc/arm-none-eabi/4.6.2/../../../../arm-none-eabi/lib/armv7-m\libcr_c.a(fflush.o)
 .comment       0x00000000       0x71 c:/nxp/lpcxpresso_5.2.2_2108/lpcxpresso/tools/bin/../lib/gcc/arm-none-eabi/4.6.2/../../../../arm-none-eabi/lib/armv7-m\libcr_c.a(fseek.o)
 .comment       0x00000000       0x71 c:/nxp/lpcxpresso_5.2.2_2108/lpcxpresso/tools/bin/../lib/gcc/arm-none-eabi/4.6.2/../../../../arm-none-eabi/lib/armv7-m\libcr_c.a(ftell.o)
 .comment       0x00000000       0x71 c:/nxp/lpcxpresso_5.2.2_2108/lpcxpresso/tools/bin/../lib/gcc/arm-none-eabi/4.6.2/../../../../arm-none-eabi/lib/armv7-m\libcr_c.a(remove.o)
 .comment       0x00000000       0x71 c:/nxp/lpcxpresso_5.2.2_2108/lpcxpresso/tools/bin/../lib/gcc/arm-none-eabi/4.6.2/../../../../arm-none-eabi/lib/armv7-m\libcr_c.a(strlen.o)
 .comment       0x00000000       0x71 c:/nxp/lpcxpresso_5.2.2_2108/lpcxpresso/tools/bin/../lib/gcc/arm-none-eabi/4.6.2/../../../../arm-none-eabi/lib/armv7-m\libcr_c.a(memcpy.o)
 .comment       0x00000000       0x71 c:/nxp/lpcxpresso_5.2.2_2108/lpcxpresso/tools/bin/../lib/gcc/arm-none-eabi/4.6.2/../../../../arm-none-eabi/lib/armv7-m\libcr_c.a(__init_alloc.o)
 .comment       0x00000000       0x71 c:/nxp/lpcxpresso_5.2.2_2108/lpcxpresso/tools/bin/../lib/gcc/arm-none-eabi/4.6.2/../../../../arm-none-eabi/lib/armv7-m\libcr_c.a(_do_fflush.o)
 .comment       0x00000000       0x71 c:/nxp/lpcxpresso_5.2.2_2108/lpcxpresso/tools/bin/../lib/gcc/arm-none-eabi/4.6.2/../../../../arm-none-eabi/lib/armv7-m\libcr_c.a(errno.o)
 .comment       0x00000000       0x71 c:/nxp/lpcxpresso_5.2.2_2108/lpcxpresso/tools/bin/../lib/gcc/arm-none-eabi/4.6.2/../../../../arm-none-eabi/lib/armv7-m\libcr_semihost.a(_cr_sbrk.o)
 .comment       0x00000000       0x71 c:/nxp/lpcxpresso_5.2.2_2108/lpcxpresso/tools/bin/../lib/gcc/arm-none-eabi/4.6.2/../../../../arm-none-eabi/lib/armv7-m\libcr_semihost.a(_cr_check_heap.o)

.ARM.attributes
                0x00000000       0x31
 .ARM.attributes
                0x00000000       0x33 ./src/inc/FW_InitExpansion2.o
 .ARM.attributes
                0x00000033       0x33 ./src/PRimitivas/KitInfo2PR_Teclado.o
 .ARM.attributes
                0x00000066       0x33 ./src/PRimitivas/PR_7Seg.o
 .ARM.attributes
                0x00000099       0x33 ./src/FW_Inicializaciones/FW_InitGPIOBaseBoard.o
 .ARM.attributes
                0x000000cc       0x33 ./src/FW_Inicializaciones/FW_InitKit_principal.o
 .ARM.attributes
                0x000000ff       0x33 ./src/FW_Inicializaciones/FW_InitOscilador.o
 .ARM.attributes
                0x00000132       0x33 ./src/FW_Inicializaciones/cr_startup_lpc176x.o
 .ARM.attributes
                0x00000165       0x33 ./src/FW_Drivers/FW_7Seg.o
 .ARM.attributes
                0x00000198       0x33 ./src/FW_Drivers/FW_GPIO.o
 .ARM.attributes
                0x000001cb       0x33 ./src/FW_Drivers/FW_Systick.o
 .ARM.attributes
                0x000001fe       0x33 ./src/FW_Drivers/KitInfo2FW_Teclado.o
 .ARM.attributes
                0x00000231       0x33 ./src/main.o
 .ARM.attributes
                0x00000264       0x33 c:/nxp/lpcxpresso_5.2.2_2108/lpcxpresso/tools/bin/../lib/gcc/arm-none-eabi/4.6.2/../../../../arm-none-eabi/lib/armv7-m\libcr_semihost.a(_cr__main.o)
 .ARM.attributes
                0x00000297       0x33 c:/nxp/lpcxpresso_5.2.2_2108/lpcxpresso/tools/bin/../lib/gcc/arm-none-eabi/4.6.2/../../../../arm-none-eabi/lib/armv7-m\libcr_c.a(initio.o)
 .ARM.attributes
                0x000002ca       0x33 c:/nxp/lpcxpresso_5.2.2_2108/lpcxpresso/tools/bin/../lib/gcc/arm-none-eabi/4.6.2/../../../../arm-none-eabi/lib/armv7-m\libcr_c.a(setvbuf.o)
 .ARM.attributes
                0x000002fd       0x33 c:/nxp/lpcxpresso_5.2.2_2108/lpcxpresso/tools/bin/../lib/gcc/arm-none-eabi/4.6.2/../../../../arm-none-eabi/lib/armv7-m\libcr_c.a(stdio.o)
 .ARM.attributes
                0x00000330       0x33 c:/nxp/lpcxpresso_5.2.2_2108/lpcxpresso/tools/bin/../lib/gcc/arm-none-eabi/4.6.2/../../../../arm-none-eabi/lib/armv7-m\libcr_c.a(memset.o)
 .ARM.attributes
                0x00000363       0x33 c:/nxp/lpcxpresso_5.2.2_2108/lpcxpresso/tools/bin/../lib/gcc/arm-none-eabi/4.6.2/../../../../arm-none-eabi/lib/armv7-m\libcr_c.a(__fillbuf.o)
 .ARM.attributes
                0x00000396       0x33 c:/nxp/lpcxpresso_5.2.2_2108/lpcxpresso/tools/bin/../lib/gcc/arm-none-eabi/4.6.2/../../../../arm-none-eabi/lib/armv7-m\libcr_c.a(_deferredlazyseek.o)
 .ARM.attributes
                0x000003c9       0x33 c:/nxp/lpcxpresso_5.2.2_2108/lpcxpresso/tools/bin/../lib/gcc/arm-none-eabi/4.6.2/../../../../arm-none-eabi/lib/armv7-m\libcr_c.a(_fdopen.o)
 .ARM.attributes
                0x000003fc       0x33 c:/nxp/lpcxpresso_5.2.2_2108/lpcxpresso/tools/bin/../lib/gcc/arm-none-eabi/4.6.2/../../../../arm-none-eabi/lib/armv7-m\libcr_c.a(_fflush.o)
 .ARM.attributes
                0x0000042f       0x33 c:/nxp/lpcxpresso_5.2.2_2108/lpcxpresso/tools/bin/../lib/gcc/arm-none-eabi/4.6.2/../../../../arm-none-eabi/lib/armv7-m\libcr_c.a(_writebuf.o)
 .ARM.attributes
                0x00000462       0x33 c:/nxp/lpcxpresso_5.2.2_2108/lpcxpresso/tools/bin/../lib/gcc/arm-none-eabi/4.6.2/../../../../arm-none-eabi/lib/armv7-m\libcr_c.a(alloc.o)
 .ARM.attributes
                0x00000495       0x33 c:/nxp/lpcxpresso_5.2.2_2108/lpcxpresso/tools/bin/../lib/gcc/arm-none-eabi/4.6.2/../../../../arm-none-eabi/lib/armv7-m\libcr_c.a(fclose.o)
 .ARM.attributes
                0x000004c8       0x33 c:/nxp/lpcxpresso_5.2.2_2108/lpcxpresso/tools/bin/../lib/gcc/arm-none-eabi/4.6.2/../../../../arm-none-eabi/lib/armv7-m\libcr_c.a(fflush.o)
 .ARM.attributes
                0x000004fb       0x33 c:/nxp/lpcxpresso_5.2.2_2108/lpcxpresso/tools/bin/../lib/gcc/arm-none-eabi/4.6.2/../../../../arm-none-eabi/lib/armv7-m\libcr_c.a(fseek.o)
 .ARM.attributes
                0x0000052e       0x33 c:/nxp/lpcxpresso_5.2.2_2108/lpcxpresso/tools/bin/../lib/gcc/arm-none-eabi/4.6.2/../../../../arm-none-eabi/lib/armv7-m\libcr_c.a(ftell.o)
 .ARM.attributes
                0x00000561       0x33 c:/nxp/lpcxpresso_5.2.2_2108/lpcxpresso/tools/bin/../lib/gcc/arm-none-eabi/4.6.2/../../../../arm-none-eabi/lib/armv7-m\libcr_c.a(remove.o)
 .ARM.attributes
                0x00000594       0x33 c:/nxp/lpcxpresso_5.2.2_2108/lpcxpresso/tools/bin/../lib/gcc/arm-none-eabi/4.6.2/../../../../arm-none-eabi/lib/armv7-m\libcr_c.a(strlen.o)
 .ARM.attributes
                0x000005c7       0x33 c:/nxp/lpcxpresso_5.2.2_2108/lpcxpresso/tools/bin/../lib/gcc/arm-none-eabi/4.6.2/../../../../arm-none-eabi/lib/armv7-m\libcr_c.a(memcpy.o)
 .ARM.attributes
                0x000005fa       0x33 c:/nxp/lpcxpresso_5.2.2_2108/lpcxpresso/tools/bin/../lib/gcc/arm-none-eabi/4.6.2/../../../../arm-none-eabi/lib/armv7-m\libcr_c.a(__init_alloc.o)
 .ARM.attributes
                0x0000062d       0x33 c:/nxp/lpcxpresso_5.2.2_2108/lpcxpresso/tools/bin/../lib/gcc/arm-none-eabi/4.6.2/../../../../arm-none-eabi/lib/armv7-m\libcr_c.a(_do_fflush.o)
 .ARM.attributes
                0x00000660       0x33 c:/nxp/lpcxpresso_5.2.2_2108/lpcxpresso/tools/bin/../lib/gcc/arm-none-eabi/4.6.2/../../../../arm-none-eabi/lib/armv7-m\libcr_c.a(errno.o)
 .ARM.attributes
                0x00000693       0x21 c:/nxp/lpcxpresso_5.2.2_2108/lpcxpresso/tools/bin/../lib/gcc/arm-none-eabi/4.6.2/armv7-m\libcr_eabihelpers.a(memcpy.o)
 .ARM.attributes
                0x000006b4       0x21 c:/nxp/lpcxpresso_5.2.2_2108/lpcxpresso/tools/bin/../lib/gcc/arm-none-eabi/4.6.2/../../../../arm-none-eabi/lib/armv7-m\libcr_semihost.a(__sys_appexit.o)
 .ARM.attributes
                0x000006d5       0x21 c:/nxp/lpcxpresso_5.2.2_2108/lpcxpresso/tools/bin/../lib/gcc/arm-none-eabi/4.6.2/../../../../arm-none-eabi/lib/armv7-m\libcr_semihost.a(__sys_close.o)
 .ARM.attributes
                0x000006f6       0x21 c:/nxp/lpcxpresso_5.2.2_2108/lpcxpresso/tools/bin/../lib/gcc/arm-none-eabi/4.6.2/../../../../arm-none-eabi/lib/armv7-m\libcr_semihost.a(__sys_flen.o)
 .ARM.attributes
                0x00000717       0x21 c:/nxp/lpcxpresso_5.2.2_2108/lpcxpresso/tools/bin/../lib/gcc/arm-none-eabi/4.6.2/../../../../arm-none-eabi/lib/armv7-m\libcr_semihost.a(__sys_istty.o)
 .ARM.attributes
                0x00000738       0x21 c:/nxp/lpcxpresso_5.2.2_2108/lpcxpresso/tools/bin/../lib/gcc/arm-none-eabi/4.6.2/../../../../arm-none-eabi/lib/armv7-m\libcr_semihost.a(__sys_read.o)
 .ARM.attributes
                0x00000759       0x21 c:/nxp/lpcxpresso_5.2.2_2108/lpcxpresso/tools/bin/../lib/gcc/arm-none-eabi/4.6.2/../../../../arm-none-eabi/lib/armv7-m\libcr_semihost.a(__sys_readc.o)
 .ARM.attributes
                0x0000077a       0x21 c:/nxp/lpcxpresso_5.2.2_2108/lpcxpresso/tools/bin/../lib/gcc/arm-none-eabi/4.6.2/../../../../arm-none-eabi/lib/armv7-m\libcr_semihost.a(__sys_remove.o)
 .ARM.attributes
                0x0000079b       0x21 c:/nxp/lpcxpresso_5.2.2_2108/lpcxpresso/tools/bin/../lib/gcc/arm-none-eabi/4.6.2/../../../../arm-none-eabi/lib/armv7-m\libcr_semihost.a(__sys_rename.o)
 .ARM.attributes
                0x000007bc       0x21 c:/nxp/lpcxpresso_5.2.2_2108/lpcxpresso/tools/bin/../lib/gcc/arm-none-eabi/4.6.2/../../../../arm-none-eabi/lib/armv7-m\libcr_semihost.a(__sys_seek.o)
 .ARM.attributes
                0x000007dd       0x21 c:/nxp/lpcxpresso_5.2.2_2108/lpcxpresso/tools/bin/../lib/gcc/arm-none-eabi/4.6.2/../../../../arm-none-eabi/lib/armv7-m\libcr_semihost.a(__sys_tmpnam.o)
 .ARM.attributes
                0x000007fe       0x21 c:/nxp/lpcxpresso_5.2.2_2108/lpcxpresso/tools/bin/../lib/gcc/arm-none-eabi/4.6.2/../../../../arm-none-eabi/lib/armv7-m\libcr_semihost.a(__sys_write.o)
 .ARM.attributes
                0x0000081f       0x33 c:/nxp/lpcxpresso_5.2.2_2108/lpcxpresso/tools/bin/../lib/gcc/arm-none-eabi/4.6.2/../../../../arm-none-eabi/lib/armv7-m\libcr_semihost.a(_cr_sbrk.o)
 .ARM.attributes
                0x00000852       0x33 c:/nxp/lpcxpresso_5.2.2_2108/lpcxpresso/tools/bin/../lib/gcc/arm-none-eabi/4.6.2/../../../../arm-none-eabi/lib/armv7-m\libcr_semihost.a(_cr_check_heap.o)

.debug_frame    0x00000000      0x3f8
 .debug_frame   0x00000000       0x2c ./src/inc/FW_InitExpansion2.o
 .debug_frame   0x0000002c       0x2c ./src/PRimitivas/KitInfo2PR_Teclado.o
 .debug_frame   0x00000058       0x2c ./src/PRimitivas/PR_7Seg.o
 .debug_frame   0x00000084       0x64 ./src/FW_Inicializaciones/FW_InitGPIOBaseBoard.o
 .debug_frame   0x000000e8       0x44 ./src/FW_Inicializaciones/FW_InitKit_principal.o
 .debug_frame   0x0000012c       0x28 ./src/FW_Inicializaciones/FW_InitOscilador.o
 .debug_frame   0x00000154       0xf4 ./src/FW_Inicializaciones/cr_startup_lpc176x.o
 .debug_frame   0x00000248       0x30 ./src/FW_Drivers/FW_7Seg.o
 .debug_frame   0x00000278       0x9c ./src/FW_Drivers/FW_GPIO.o
 .debug_frame   0x00000314       0x2c ./src/FW_Drivers/FW_Systick.o
 .debug_frame   0x00000340       0x6c ./src/FW_Drivers/KitInfo2FW_Teclado.o
 .debug_frame   0x000003ac       0x4c ./src/main.o
