Archive member included because of file (symbol)

c:/facultad/lpc/lpcxpresso_7.4.0_229/lpcxpresso/tools/bin/../lib/gcc/arm-none-eabi/4.8.4/../../../../arm-none-eabi/lib/armv7-m\libcr_semihost.a(_cr__main.o)
                              ./src/FW_Inicializaciones/cr_startup_lpc176x.o (__main)
c:/facultad/lpc/lpcxpresso_7.4.0_229/lpcxpresso/tools/bin/../lib/gcc/arm-none-eabi/4.8.4/../../../../arm-none-eabi/lib/armv7-m\libcr_c.a(initio.o)
                              c:/facultad/lpc/lpcxpresso_7.4.0_229/lpcxpresso/tools/bin/../lib/gcc/arm-none-eabi/4.8.4/../../../../arm-none-eabi/lib/armv7-m\libcr_semihost.a(_cr__main.o) (_initio)
c:/facultad/lpc/lpcxpresso_7.4.0_229/lpcxpresso/tools/bin/../lib/gcc/arm-none-eabi/4.8.4/../../../../arm-none-eabi/lib/armv7-m\libcr_c.a(setvbuf.o)
                              c:/facultad/lpc/lpcxpresso_7.4.0_229/lpcxpresso/tools/bin/../lib/gcc/arm-none-eabi/4.8.4/../../../../arm-none-eabi/lib/armv7-m\libcr_c.a(initio.o) (setvbuf)
c:/facultad/lpc/lpcxpresso_7.4.0_229/lpcxpresso/tools/bin/../lib/gcc/arm-none-eabi/4.8.4/../../../../arm-none-eabi/lib/armv7-m\libcr_c.a(stdio.o)
                              c:/facultad/lpc/lpcxpresso_7.4.0_229/lpcxpresso/tools/bin/../lib/gcc/arm-none-eabi/4.8.4/../../../../arm-none-eabi/lib/armv7-m\libcr_c.a(initio.o) (__Ciob)
c:/facultad/lpc/lpcxpresso_7.4.0_229/lpcxpresso/tools/bin/../lib/gcc/arm-none-eabi/4.8.4/../../../../arm-none-eabi/lib/armv7-m\libcr_c.a(memset.o)
                              c:/facultad/lpc/lpcxpresso_7.4.0_229/lpcxpresso/tools/bin/../lib/gcc/arm-none-eabi/4.8.4/../../../../arm-none-eabi/lib/armv7-m\libcr_c.a(initio.o) (memset)
c:/facultad/lpc/lpcxpresso_7.4.0_229/lpcxpresso/tools/bin/../lib/gcc/arm-none-eabi/4.8.4/../../../../arm-none-eabi/lib/armv7-m\libcr_c.a(__fillbuf.o)
                              c:/facultad/lpc/lpcxpresso_7.4.0_229/lpcxpresso/tools/bin/../lib/gcc/arm-none-eabi/4.8.4/../../../../arm-none-eabi/lib/armv7-m\libcr_c.a(stdio.o) (__filbuf)
c:/facultad/lpc/lpcxpresso_7.4.0_229/lpcxpresso/tools/bin/../lib/gcc/arm-none-eabi/4.8.4/../../../../arm-none-eabi/lib/armv7-m\libcr_c.a(_deferredlazyseek.o)
                              c:/facultad/lpc/lpcxpresso_7.4.0_229/lpcxpresso/tools/bin/../lib/gcc/arm-none-eabi/4.8.4/../../../../arm-none-eabi/lib/armv7-m\libcr_c.a(__fillbuf.o) (_deferredlazyseek)
c:/facultad/lpc/lpcxpresso_7.4.0_229/lpcxpresso/tools/bin/../lib/gcc/arm-none-eabi/4.8.4/../../../../arm-none-eabi/lib/armv7-m\libcr_c.a(_fdopen.o)
                              c:/facultad/lpc/lpcxpresso_7.4.0_229/lpcxpresso/tools/bin/../lib/gcc/arm-none-eabi/4.8.4/../../../../arm-none-eabi/lib/armv7-m\libcr_c.a(initio.o) (_fdopen)
c:/facultad/lpc/lpcxpresso_7.4.0_229/lpcxpresso/tools/bin/../lib/gcc/arm-none-eabi/4.8.4/../../../../arm-none-eabi/lib/armv7-m\libcr_c.a(_fflush.o)
                              c:/facultad/lpc/lpcxpresso_7.4.0_229/lpcxpresso/tools/bin/../lib/gcc/arm-none-eabi/4.8.4/../../../../arm-none-eabi/lib/armv7-m\libcr_c.a(__fillbuf.o) (_fflush)
c:/facultad/lpc/lpcxpresso_7.4.0_229/lpcxpresso/tools/bin/../lib/gcc/arm-none-eabi/4.8.4/../../../../arm-none-eabi/lib/armv7-m\libcr_c.a(_writebuf.o)
                              c:/facultad/lpc/lpcxpresso_7.4.0_229/lpcxpresso/tools/bin/../lib/gcc/arm-none-eabi/4.8.4/../../../../arm-none-eabi/lib/armv7-m\libcr_c.a(_deferredlazyseek.o) (_Cwritebuf)
c:/facultad/lpc/lpcxpresso_7.4.0_229/lpcxpresso/tools/bin/../lib/gcc/arm-none-eabi/4.8.4/../../../../arm-none-eabi/lib/armv7-m\libcr_c.a(alloc.o)
                              c:/facultad/lpc/lpcxpresso_7.4.0_229/lpcxpresso/tools/bin/../lib/gcc/arm-none-eabi/4.8.4/../../../../arm-none-eabi/lib/armv7-m\libcr_c.a(initio.o) (_Csys_alloc)
c:/facultad/lpc/lpcxpresso_7.4.0_229/lpcxpresso/tools/bin/../lib/gcc/arm-none-eabi/4.8.4/../../../../arm-none-eabi/lib/armv7-m\libcr_c.a(fclose.o)
                              c:/facultad/lpc/lpcxpresso_7.4.0_229/lpcxpresso/tools/bin/../lib/gcc/arm-none-eabi/4.8.4/../../../../arm-none-eabi/lib/armv7-m\libcr_c.a(initio.o) (fclose)
c:/facultad/lpc/lpcxpresso_7.4.0_229/lpcxpresso/tools/bin/../lib/gcc/arm-none-eabi/4.8.4/../../../../arm-none-eabi/lib/armv7-m\libcr_c.a(fflush.o)
                              c:/facultad/lpc/lpcxpresso_7.4.0_229/lpcxpresso/tools/bin/../lib/gcc/arm-none-eabi/4.8.4/../../../../arm-none-eabi/lib/armv7-m\libcr_c.a(fclose.o) (fflush)
c:/facultad/lpc/lpcxpresso_7.4.0_229/lpcxpresso/tools/bin/../lib/gcc/arm-none-eabi/4.8.4/../../../../arm-none-eabi/lib/armv7-m\libcr_c.a(fseek.o)
                              c:/facultad/lpc/lpcxpresso_7.4.0_229/lpcxpresso/tools/bin/../lib/gcc/arm-none-eabi/4.8.4/../../../../arm-none-eabi/lib/armv7-m\libcr_c.a(_deferredlazyseek.o) (fseek)
c:/facultad/lpc/lpcxpresso_7.4.0_229/lpcxpresso/tools/bin/../lib/gcc/arm-none-eabi/4.8.4/../../../../arm-none-eabi/lib/armv7-m\libcr_c.a(ftell.o)
[...]
Memory Configuration

Name             Origin             Length             Attributes
MFlash512        0x00000000         0x00080000         xr
RamLoc32         0x10000000         0x00008000         xrw
RamAHB32         0x2007c000         0x00008000         xrw
*default*        0x00000000         0xffffffff

Linker script and memory map

LOAD ./src/PRimitivas/KitInfo2PR_Teclado.o
LOAD ./src/PRimitivas/PR_7Seg.o
LOAD ./src/FW_Inicializaciones/FW_InitExpansion2.o
LOAD ./src/FW_Inicializaciones/FW_InitGPIOBaseBoard.o
LOAD ./src/FW_Inicializaciones/FW_InitInter_Ext.o
LOAD ./src/FW_Inicializaciones/FW_InitKit_principal.o
LOAD ./src/FW_Inicializaciones/FW_InitOscilador.o
LOAD ./src/FW_Inicializaciones/cr_startup_lpc176x.o
LOAD ./src/FW_Drivers/FW_7Seg.o
LOAD ./src/FW_Drivers/FW_GPIO.o
LOAD ./src/FW_Drivers/FW_Systick.o
LOAD ./src/FW_Drivers/KitInfo2FW_Teclado.o
LOAD ./src/Aplicacion/main.o
START GROUP
LOAD c:/facultad/lpc/lpcxpresso_7.4.0_229/lpcxpresso/tools/bin/../lib/gcc/arm-none-eabi/4.8.4/../../../../arm-none-eabi/lib/armv7-m\libcr_semihost.a
LOAD c:/facultad/lpc/lpcxpresso_7.4.0_229/lpcxpresso/tools/bin/../lib/gcc/arm-none-eabi/4.8.4/../../../../arm-none-eabi/lib/armv7-m\libcr_c.a
LOAD c:/facultad/lpc/lpcxpresso_7.4.0_229/lpcxpresso/tools/bin/../lib/gcc/arm-none-eabi/4.8.4/armv7-m\libcr_eabihelpers.a
END GROUP
                0x00080000                __top_MFlash512 = 0x80000
                0x10008000                __top_RamLoc32 = 0x10008000
                0x20084000                __top_RamAHB32 = 0x20084000

.text           0x00000000     0x113c
 FILL mask 0xff
                0x00000000                __vectors_start__ = ABSOLUTE (.)
 *(.isr_vector)
 .isr_vector    0x00000000       0xcc ./src/FW_Inicializaciones/cr_startup_lpc176x.o
                0x00000000                g_pfnVectors
                0x000000cc                . = ALIGN (0x4)
                0x000000cc                __section_table_start = .
                0x000000cc                __data_section_table = .
                0x000000cc        0x4 LONG 0x113c LOADADDR (.data)
                0x000000d0        0x4 LONG 0x10000000 ADDR (.data)
                0x000000d4        0x4 LONG 0x10 SIZEOF (.data)
                0x000000d8        0x4 LONG 0x113c LOADADDR (.data_RAM2)
                0x000000dc        0x4 LONG 0x2007c000 ADDR (.data_RAM2)
                0x000000e0        0x4 LONG 0x0 SIZEOF (.data_RAM2)
                0x000000e4                __data_section_table_end = .
                0x000000e4                __bss_section_table = .
                0x000000e4        0x4 LONG 0x10000010 ADDR (.bss)
                0x000000e8        0x4 LONG 0x15c SIZEOF (.bss)
                0x000000ec        0x4 LONG 0x2007c000 ADDR (.bss_RAM2)
                0x000000f0        0x4 LONG 0x0 SIZEOF (.bss_RAM2)
                0x000000f4                __bss_section_table_end = .
                0x000000f4                __section_table_end = .
 *(.after_vectors*)
 .after_vectors
                0x000000f4       0x74 ./src/FW_Inicializaciones/cr_startup_lpc176x.o
                0x000000f4                NMI_Handler
                0x000000f6                HardFault_Handler
                0x000000f8                MemManage_Handler
                0x000000fa                BusFault_Handler
                0x000000fc                UsageFault_Handler
                0x000000fe                SVC_Handler
                0x00000100                DebugMon_Handler
                0x00000102                PendSV_Handler
                0x00000106                USBActivity_IRQHandler
                0x00000106                I2C1_IRQHandler
                0x00000106                EINT2_IRQHandler
                0x00000106                UART1_IRQHandler
                0x00000106                EINT3_IRQHandler
                0x00000106                CANActivity_IRQHandler
                0x00000106                TIMER3_IRQHandler
                0x00000106                UART0_IRQHandler
                0x00000106                MCPWM_IRQHandler
                0x00000106                I2C0_IRQHandler
                0x00000106                IntDefaultHandler
                0x00000106                RIT_IRQHandler
                0x00000106                CAN_IRQHandler
                0x00000106                PLL1_IRQHandler
                0x00000106                SSP0_IRQHandler
                0x00000106                I2S_IRQHandler
                0x00000106                I2C2_IRQHandler
                0x00000106                RTC_IRQHandler
                0x00000106                TIMER0_IRQHandler
                0x00000106                SPI_IRQHandler
                0x00000106                UART3_IRQHandler
                0x00000106                EINT1_IRQHandler
                0x00000106                TIMER1_IRQHandler
                0x00000106                UART2_IRQHandler
                0x00000106                ADC_IRQHandler
                0x00000106                SSP1_IRQHandler
                0x00000106                USB_IRQHandler
                0x00000106                BOD_IRQHandler
                0x00000106                PWM1_IRQHandler
                0x00000106                WDT_IRQHandler
                0x00000106                PLL0_IRQHandler
                0x00000106                QEI_IRQHandler
                0x00000106                EINT0_IRQHandler
                0x00000106                TIMER2_IRQHandler
                0x00000106                DMA_IRQHandler
                0x00000106                ENET_IRQHandler
                0x00000108                data_init
                0x0000011a                bss_init
                0x0000012a                ResetISR
                0x000002fc                . = 0x2fc
 *fill*         0x00000168      0x194 ff
                0x000002fc                PROVIDE (__CRP_WORD_START__, .)
 *(.crp)
 .crp           0x000002fc        0x4 ./src/Aplicacion/main.o
                0x000002fc                CRP_WORD
                0x00000300                PROVIDE (__CRP_WORD_END__, .)
                0x00000001                ASSERT (! ((__CRP_WORD_START__ == __CRP_WORD_END__)), Linker CRP Enabled, but no CRP_WORD provided within application)
 *(.text*)
 .text.Teclado  0x00000300       0x14 ./src/PRimitivas/KitInfo2PR_Teclado.o
                0x00000300                Teclado
 .text.Display  0x00000314       0x80 ./src/PRimitivas/PR_7Seg.o
                0x00000314                Display
 .text.Inicializar_Display7s
                0x00000394      0x11c ./src/FW_Inicializaciones/FW_InitExpansion2.o
                0x00000394                Inicializar_Display7s
 .text.Inicializar_Teclado
                0x000004b0       0x88 ./src/FW_Inicializaciones/FW_InitGPIOBaseBoard.o
                0x000004b0                Inicializar_Teclado
 .text.Inicializar_Relay
                0x00000538       0x74 ./src/FW_Inicializaciones/FW_InitGPIOBaseBoard.o
                0x00000538                Inicializar_Relay
 .text.Inicializar_RGB
                0x000005ac       0x40 ./src/FW_Inicializaciones/FW_InitGPIOBaseBoard.o
                0x000005ac                Inicializar_RGB
 .text.InicExtInt
                0x000005ec        0x4 ./src/FW_Inicializaciones/FW_InitInter_Ext.o
                0x000005ec                InicExtInt
 .text.InicSysTick
                0x000005f0       0x2c ./src/FW_Inicializaciones/FW_InitKit_principal.o
                0x000005f0                InicSysTick
 .text.InicializarKit
                0x0000061c       0x20 ./src/FW_Inicializaciones/FW_InitKit_principal.o
                0x0000061c                InicializarKit
 .text.InicPLL  0x0000063c        0xc ./src/FW_Inicializaciones/FW_InitOscilador.o
                0x0000063c                InicPLL
 .text.BarridoDisplay
                0x00000648      0x124 ./src/FW_Drivers/FW_7Seg.o
                0x00000648                BarridoDisplay
 .text.SetPINSEL
                0x0000076c       0x38 ./src/FW_Drivers/FW_GPIO.o
                0x0000076c                SetPINSEL
 .text.SetPINMODE
                0x000007a4       0x38 ./src/FW_Drivers/FW_GPIO.o
                0x000007a4                SetPINMODE
 .text.SetDIR   0x000007dc       0x2c ./src/FW_Drivers/FW_GPIO.o
                0x000007dc                SetDIR
 .text.SetPIN   0x00000808       0x30 ./src/FW_Drivers/FW_GPIO.o
                0x00000808                SetPIN
 .text.GetPIN   0x00000838       0x28 ./src/FW_Drivers/FW_GPIO.o
                0x00000838                GetPIN
 .text.SysTick_Handler
                0x00000860        0xc ./src/FW_Drivers/FW_Systick.o
                0x00000860                SysTick_Handler
 .text.TecladoSW
                0x0000086c       0x7c ./src/FW_Drivers/KitInfo2FW_Teclado.o
                0x0000086c                TecladoSW
 .text.TecladoHW
                0x000008e8       0x54 ./src/FW_Drivers/KitInfo2FW_Teclado.o
                0x000008e8                TecladoHW
 .text.DriverTeclado
                0x0000093c        0xc ./src/FW_Drivers/KitInfo2FW_Teclado.o
                0x0000093c                DriverTeclado
 .text.Check_tecla
                0x00000948       0xe0 ./src/Aplicacion/main.o
                0x00000948                Check_tecla
 .text.main     0x00000a28        0xc ./src/Aplicacion/main.o
                0x00000a28                main
 .text.__main   0x00000a34       0x14 c:/facultad/lpc/lpcxpresso_7.4.0_229/lpcxpresso/tools/bin/../lib/gcc/arm-none-eabi/4.8.4/../../../../arm-none-eabi/lib/armv7-m\libcr_semihost.a(_cr__main.o)
                0x00000a34                __CR_SEMIHOST
                0x00000a34                __main
 .text._initio  0x00000a48       0xa4 c:/facultad/lpc/lpcxpresso_7.4.0_229/lpcxpresso/tools/bin/../lib/gcc/arm-none-eabi/4.8.4/../../../../arm-none-eabi/lib/armv7-m\libcr_c.a(initio.o)
                0x00000a48                _initio
 .text.setvbuf  0x00000aec       0x40 c:/facultad/lpc/lpcxpresso_7.4.0_229/lpcxpresso/tools/bin/../lib/gcc/arm-none-eabi/4.8.4/../../../../arm-none-eabi/lib/armv7-m\libcr_c.a(setvbuf.o)
                0x00000aec                setvbuf
 .text.memset   0x00000b2c        0x4 c:/facultad/lpc/lpcxpresso_7.4.0_229/lpcxpresso/tools/bin/../lib/gcc/arm-none-eabi/4.8.4/../../../../arm-none-eabi/lib/armv7-m\libcr_c.a(memset.o)
                0x00000b2c                memset
 .text._deferredlazyseek
                0x00000b30       0x44 c:/facultad/lpc/lpcxpresso_7.4.0_229/lpcxpresso/tools/bin/../lib/gcc/arm-none-eabi/4.8.4/../../../../arm-none-eabi/lib/armv7-m\libcr_c.a(_deferredlazyseek.o)
                0x00000b30                _deferredlazyseek
 .text._fdopen  0x00000b74       0x6a c:/facultad/lpc/lpcxpresso_7.4.0_229/lpcxpresso/tools/bin/../lib/gcc/arm-none-eabi/4.8.4/../../../../arm-none-eabi/lib/armv7-m\libcr_c.a(_fdopen.o)
                0x00000b74                _fdopen
 .text._fflush  0x00000bde       0x58 c:/facultad/lpc/lpcxpresso_7.4.0_229/lpcxpresso/tools/bin/../lib/gcc/arm-none-eabi/4.8.4/../../../../arm-none-eabi/lib/armv7-m\libcr_c.a(_fflush.o)
                0x00000bde                _fflush
 *fill*         0x00000c36        0x2 
 .text._Cwritebuf
                0x00000c38       0x70 c:/facultad/lpc/lpcxpresso_7.4.0_229/lpcxpresso/tools/bin/../lib/gcc/arm-none-eabi/4.8.4/../../../../arm-none-eabi/lib/armv7-m\libcr_c.a(_writebuf.o)
                0x00000c38                _Cwritebuf
 .text.malloc   0x00000ca8       0xc4 c:/facultad/lpc/lpcxpresso_7.4.0_229/lpcxpresso/tools/bin/../lib/gcc/arm-none-eabi/4.8.4/../../../../arm-none-eabi/lib/armv7-m\libcr_c.a(alloc.o)
                0x00000ca8                malloc
 .text.free     0x00000d6c        0xc c:/facultad/lpc/lpcxpresso_7.4.0_229/lpcxpresso/tools/bin/../lib/gcc/arm-none-eabi/4.8.4/../../../../arm-none-eabi/lib/armv7-m\libcr_c.a(alloc.o)
                0x00000d6c                free
 .text._Csys_alloc
                0x00000d78       0x20 c:/facultad/lpc/lpcxpresso_7.4.0_229/lpcxpresso/tools/bin/../lib/gcc/arm-none-eabi/4.8.4/../../../../arm-none-eabi/lib/armv7-m\libcr_c.a(alloc.o)
                0x00000d78                _Csys_alloc
 .text.fclose   0x00000d98       0x6c c:/facultad/lpc/lpcxpresso_7.4.0_229/lpcxpresso/tools/bin/../lib/gcc/arm-none-eabi/4.8.4/../../../../arm-none-eabi/lib/armv7-m\libcr_c.a(fclose.o)
                0x00000d98                fclose
 .text.fflush   0x00000e04       0x30 c:/facultad/lpc/lpcxpresso_7.4.0_229/lpcxpresso/tools/bin/../lib/gcc/arm-none-eabi/4.8.4/../../../../arm-none-eabi/lib/armv7-m\libcr_c.a(fflush.o)
                0x00000e04                fflush
 .text.fseek    0x00000e34      0x10c c:/facultad/lpc/lpcxpresso_7.4.0_229/lpcxpresso/tools/bin/../lib/gcc/arm-none-eabi/4.8.4/../../../../arm-none-eabi/lib/armv7-m\libcr_c.a(fseek.o)
                0x00000e34                fseek
 .text.ftell    0x00000f40       0x4c c:/facultad/lpc/lpcxpresso_7.4.0_229/lpcxpresso/tools/bin/../lib/gcc/arm-none-eabi/4.8.4/../../../../arm-none-eabi/lib/armv7-m\libcr_c.a(ftell.o)
                0x00000f40                ftell
 .text.remove   0x00000f8c       0x14 c:/facultad/lpc/lpcxpresso_7.4.0_229/lpcxpresso/tools/bin/../lib/gcc/arm-none-eabi/4.8.4/../../../../arm-none-eabi/lib/armv7-m\libcr_c.a(remove.o)
                0x00000f8c                remove
 .text.strlen   0x00000fa0       0x4a c:/facultad/lpc/lpcxpresso_7.4.0_229/lpcxpresso/tools/bin/../lib/gcc/arm-none-eabi/4.8.4/../../../../arm-none-eabi/lib/armv7-m\libcr_c.a(strlen.o)
                0x00000fa0                strlen
 *fill*         0x00000fea        0x2 
 .text._sbrk    0x00000fec       0x40 c:/facultad/lpc/lpcxpresso_7.4.0_229/lpcxpresso/tools/bin/../lib/gcc/arm-none-eabi/4.8.4/../../../../arm-none-eabi/lib/armv7-m\libcr_c.a(_cr_sbrk.o)
                0x00000fec                _sbrk
 .text._do_fflush
                0x0000102c       0x44 c:/facultad/lpc/lpcxpresso_7.4.0_229/lpcxpresso/tools/bin/../lib/gcc/arm-none-eabi/4.8.4/../../../../arm-none-eabi/lib/armv7-m\libcr_c.a(_do_fflush.o)
                0x0000102c                _do_fflush
 .text.__check_heap_overflow
                0x00001070       0x18 c:/facultad/lpc/lpcxpresso_7.4.0_229/lpcxpresso/tools/bin/../lib/gcc/arm-none-eabi/4.8.4/../../../../arm-none-eabi/lib/armv7-m\libcr_c.a(_cr_check_heap.o)
                0x00001070                __check_heap_overflow
 .text.__aeabi_memset_lowlevel
                0x00001088       0x38 c:/facultad/lpc/lpcxpresso_7.4.0_229/lpcxpresso/tools/bin/../lib/gcc/arm-none-eabi/4.8.4/armv7-m\libcr_eabihelpers.a(memcpy.o)
                0x00001088                __aeabi_lowlevel_memset
 .text.__sys_appexit
                0x000010c0        0xc c:/facultad/lpc/lpcxpresso_7.4.0_229/lpcxpresso/tools/bin/../lib/gcc/arm-none-eabi/4.8.4/../../../../arm-none-eabi/lib/armv7-m\libcr_semihost.a(__sys_appexit.o)
                0x000010c0                __sys_appexit
                0x000010c0                __exit
 .text.__sys_close
                0x000010cc        0xc c:/facultad/lpc/lpcxpresso_7.4.0_229/lpcxpresso/tools/bin/../lib/gcc/arm-none-eabi/4.8.4/../../../../arm-none-eabi/lib/armv7-m\libcr_semihost.a(__sys_close.o)
                0x000010cc                __sys_close
 .text.__sys_flen
                0x000010d8        0xc c:/facultad/lpc/lpcxpresso_7.4.0_229/lpcxpresso/tools/bin/../lib/gcc/arm-none-eabi/4.8.4/../../../../arm-none-eabi/lib/armv7-m\libcr_semihost.a(__sys_flen.o)
                0x000010d8                __sys_flen
 .text.__sys_istty
                0x000010e4        0xc c:/facultad/lpc/lpcxpresso_7.4.0_229/lpcxpresso/tools/bin/../lib/gcc/arm-none-eabi/4.8.4/../../../../arm-none-eabi/lib/armv7-m\libcr_semihost.a(__sys_istty.o)
                0x000010e4                __sys_istty
 .text.__sys_remove
                0x000010f0        0xc c:/facultad/lpc/lpcxpresso_7.4.0_229/lpcxpresso/tools/bin/../lib/gcc/arm-none-eabi/4.8.4/../../../../arm-none-eabi/lib/armv7-m\libcr_semihost.a(__sys_remove.o)
                0x000010f0                __sys_remove
 .text.__sys_seek
                0x000010fc        0xc c:/facultad/lpc/lpcxpresso_7.4.0_229/lpcxpresso/tools/bin/../lib/gcc/arm-none-eabi/4.8.4/../../../../arm-none-eabi/lib/armv7-m\libcr_semihost.a(__sys_seek.o)
                0x000010fc                __sys_seek
 .text.__sys_tmpnam
                0x00001108        0xc c:/facultad/lpc/lpcxpresso_7.4.0_229/lpcxpresso/tools/bin/../lib/gcc/arm-none-eabi/4.8.4/../../../../arm-none-eabi/lib/armv7-m\libcr_semihost.a(__sys_tmpnam.o)
                0x00001108                __sys_tmpnam
 .text.__sys_write
                0x00001114        0xc c:/facultad/lpc/lpcxpresso_7.4.0_229/lpcxpresso/tools/bin/../lib/gcc/arm-none-eabi/4.8.4/../../../../arm-none-eabi/lib/armv7-m\libcr_semihost.a(__sys_write.o)
                0x00001114                __sys_write
                0x00001114                __write
 *(.rodata .rodata.* .constdata .constdata.*)
 .rodata.str1.1
                0x00001120        0x4 c:/facultad/lpc/lpcxpresso_7.4.0_229/lpcxpresso/tools/bin/../lib/gcc/arm-none-eabi/4.8.4/../../../../arm-none-eabi/lib/armv7-m\libcr_c.a(initio.o)
 .rodata.str1.1
                0x00001124       0x18 c:/facultad/lpc/lpcxpresso_7.4.0_229/lpcxpresso/tools/bin/../lib/gcc/arm-none-eabi/4.8.4/../../../../arm-none-eabi/lib/armv7-m\libcr_c.a(alloc.o)
                0x0000113c                . = ALIGN (0x4)

.glue_7         0x0000113c        0x0
 .glue_7        0x00000000        0x0 linker stubs

.glue_7t        0x0000113c        0x0
 .glue_7t       0x00000000        0x0 linker stubs

.vfp11_veneer   0x0000113c        0x0
 .vfp11_veneer  0x00000000        0x0 linker stubs

.v4_bx          0x0000113c        0x0
 .v4_bx         0x00000000        0x0 linker stubs

.iplt           0x0000113c        0x0
 .iplt          0x00000000        0x0 ./src/PRimitivas/KitInfo2PR_Teclado.o

.rel.dyn        0x0000113c        0x0
 .rel.iplt      0x00000000        0x0 ./src/PRimitivas/KitInfo2PR_Teclado.o

.ARM.extab
 *(.ARM.extab* .gnu.linkonce.armextab.*)
                0x0000113c                __exidx_start = .

.ARM.exidx
 *(.ARM.exidx* .gnu.linkonce.armexidx.*)
                0x0000113c                __exidx_end = .
                0x0000113c                _etext = .

.data_RAM2      0x2007c000        0x0 load address 0x0000113c
 FILL mask 0xff
 *(.ramfunc.$RAM2)
 *(.ramfunc.$RamAHB32)
 *(.data.$RAM2*)
 *(.data.$RamAHB32*)
                0x2007c000                . = ALIGN (0x4)

.uninit_RESERVED
                0x10000000        0x0
 *(.bss.$RESERVED*)
                0x10000000                . = ALIGN (0x4)
                0x10000000                _end_uninit_RESERVED = .

.data           0x10000000       0x10 load address 0x0000113c
 FILL mask 0xff
                0x10000000                _data = .
 *(vtable)
 *(.ramfunc*)
 *(.data*)
 .data.Tabla_Digitos_BCD_7seg
                0x10000000        0xc ./src/PRimitivas/PR_7Seg.o
                0x10000000                Tabla_Digitos_BCD_7seg
 .data.codAnt.3690
                0x1000000c        0x1 ./src/FW_Drivers/KitInfo2FW_Teclado.o
                0x10000010                . = ALIGN (0x4)
 *fill*         0x1000000d        0x3 ff
                0x10000010                _edata = .

.igot.plt       0x10000010        0x0 load address 0x0000114c
 .igot.plt      0x00000000        0x0 ./src/PRimitivas/KitInfo2PR_Teclado.o

.bss_RAM2       0x2007c000        0x0
 *(.bss.$RAM2*)
 *(.bss.$RamAHB32*)
                0x2007c000                . = ALIGN (0x4)

.bss            0x10000010      0x15c
                0x10000010                _bss = .
 *(.bss*)
 .bss.digito.3689
                0x10000010        0x1 ./src/FW_Drivers/FW_7Seg.o
 .bss.estado.3691
                0x10000011        0x1 ./src/FW_Drivers/KitInfo2FW_Teclado.o
 *fill*         0x10000012        0x2 
 .bss.errno     0x10000014        0x4 c:/facultad/lpc/lpcxpresso_7.4.0_229/lpcxpresso/tools/bin/../lib/gcc/arm-none-eabi/4.8.4/../../../../arm-none-eabi/lib/armv7-m\libcr_c.a(errno.o)
                0x10000014                errno
 *(COMMON)
 COMMON         0x10000018        0x7 ./src/Aplicacion/main.o
                0x10000018                msgDisplay
                0x1000001e                buffKey
 *fill*         0x1000001f        0x1 
 COMMON         0x10000020        0x4 c:/facultad/lpc/lpcxpresso_7.4.0_229/lpcxpresso/tools/bin/../lib/gcc/arm-none-eabi/4.8.4/../../../../arm-none-eabi/lib/armv7-m\libcr_c.a(initio.o)
                0x10000020                _extra
 COMMON         0x10000024      0x140 c:/facultad/lpc/lpcxpresso_7.4.0_229/lpcxpresso/tools/bin/../lib/gcc/arm-none-eabi/4.8.4/../../../../arm-none-eabi/lib/armv7-m\libcr_c.a(stdio.o)
                0x10000024                __Ciob
 COMMON         0x10000164        0x8 c:/facultad/lpc/lpcxpresso_7.4.0_229/lpcxpresso/tools/bin/../lib/gcc/arm-none-eabi/4.8.4/../../../../arm-none-eabi/lib/armv7-m\libcr_c.a(__init_alloc.o)
                0x10000164                __heaps
                0x10000168                __end_of_heap
                0x1000016c                . = ALIGN (0x4)
                0x1000016c                _ebss = .
                0x1000016c                PROVIDE (end, .)

.noinit_RAM2    0x2007c000        0x0
 *(.noinit.$RAM2*)
 *(.noinit.$RamAHB32*)
                0x2007c000                . = ALIGN (0x4)

.noinit         0x1000016c        0x0
                0x1000016c                _noinit = .
 *(.noinit*)
                0x1000016c                . = ALIGN (0x4)
                0x1000016c                _end_noinit = .
                0x1000016c                PROVIDE (_pvHeapStart, DEFINED (__user_heap_base)?__user_heap_base:.)
                0x10008000                PROVIDE (_vStackTop, DEFINED (__user_stack_top)?__user_stack_top:(__top_RamLoc32 - 0x0))
OUTPUT(Template.axf elf32-littlearm)

.debug_info     0x00000000     0x18a5
 .debug_info    0x00000000       0x7e ./src/PRimitivas/KitInfo2PR_Teclado.o
 .debug_info    0x0000007e       0xfa ./src/PRimitivas/PR_7Seg.o
 .debug_info    0x00000178      0x3ba ./src/FW_Inicializaciones/FW_InitExpansion2.o
 .debug_info    0x00000532      0x44e ./src/FW_Inicializaciones/FW_InitGPIOBaseBoard.o
 .debug_info    0x00000980       0x50 ./src/FW_Inicializaciones/FW_InitInter_Ext.o
 .debug_info    0x000009d0      0x1c9 ./src/FW_Inicializaciones/FW_InitKit_principal.o
 .debug_info    0x00000b99       0x5b ./src/FW_Inicializaciones/FW_InitOscilador.o
 .debug_info    0x00000bf4      0x26f ./src/FW_Inicializaciones/cr_startup_lpc176x.o
 .debug_info    0x00000e63      0x317 ./src/FW_Drivers/FW_7Seg.o
 .debug_info    0x0000117a      0x19e ./src/FW_Drivers/FW_GPIO.o
 .debug_info    0x00001318       0x75 ./src/FW_Drivers/FW_Systick.o
 .debug_info    0x0000138d      0x19f ./src/FW_Drivers/KitInfo2FW_Teclado.o
 .debug_info    0x0000152c      0x379 ./src/Aplicacion/main.o

.debug_abbrev   0x00000000      0x91d
 .debug_abbrev  0x00000000       0x6b ./src/PRimitivas/KitInfo2PR_Teclado.o
 .debug_abbrev  0x0000006b       0xc0 ./src/PRimitivas/PR_7Seg.o
 .debug_abbrev  0x0000012b       0x98 ./src/FW_Inicializaciones/FW_InitExpansion2.o
 .debug_abbrev  0x000001c3       0x98 ./src/FW_Inicializaciones/FW_InitGPIOBaseBoard.o
 .debug_abbrev  0x0000025b       0x3a ./src/FW_Inicializaciones/FW_InitInter_Ext.o
 .debug_abbrev  0x00000295      0x142 ./src/FW_Inicializaciones/FW_InitKit_principal.o
 .debug_abbrev  0x000003d7       0x47 ./src/FW_Inicializaciones/FW_InitOscilador.o
 .debug_abbrev  0x0000041e      0x120 ./src/FW_Inicializaciones/cr_startup_lpc176x.o
 .debug_abbrev  0x0000053e       0xc9 ./src/FW_Drivers/FW_7Seg.o
 .debug_abbrev  0x00000607       0x9f ./src/FW_Drivers/FW_GPIO.o
 .debug_abbrev  0x000006a6       0x58 ./src/FW_Drivers/FW_Systick.o
 .debug_abbrev  0x000006fe      0x102 ./src/FW_Drivers/KitInfo2FW_Teclado.o
 .debug_abbrev  0x00000800      0x11d ./src/Aplicacion/main.o

.debug_loc      0x00000000      0x43b
 .debug_loc     0x00000000       0x2c ./src/PRimitivas/KitInfo2PR_Teclado.o
 .debug_loc     0x0000002c       0x6b ./src/PRimitivas/PR_7Seg.o
 .debug_loc     0x00000097      0x15f ./src/FW_Inicializaciones/cr_startup_lpc176x.o
 .debug_loc     0x000001f6       0x13 ./src/FW_Drivers/FW_7Seg.o
 .debug_loc     0x00000209      0x1e0 ./src/FW_Drivers/FW_GPIO.o
 .debug_loc     0x000003e9       0x3f ./src/FW_Drivers/KitInfo2FW_Teclado.o
 .debug_loc     0x00000428       0x13 ./src/Aplicacion/main.o

.debug_aranges  0x00000000      0x250
 .debug_aranges
                0x00000000       0x20 ./src/PRimitivas/KitInfo2PR_Teclado.o
 .debug_aranges
                0x00000020       0x20 ./src/PRimitivas/PR_7Seg.o
 .debug_aranges
                0x00000040       0x20 ./src/FW_Inicializaciones/FW_InitExpansion2.o
 .debug_aranges
                0x00000060       0x30 ./src/FW_Inicializaciones/FW_InitGPIOBaseBoard.o
 .debug_aranges
                0x00000090       0x20 ./src/FW_Inicializaciones/FW_InitInter_Ext.o
 .debug_aranges
                0x000000b0       0x28 ./src/FW_Inicializaciones/FW_InitKit_principal.o
 .debug_aranges
                0x000000d8       0x20 ./src/FW_Inicializaciones/FW_InitOscilador.o
 .debug_aranges
                0x000000f8       0x80 ./src/FW_Inicializaciones/cr_startup_lpc176x.o
 .debug_aranges
                0x00000178       0x20 ./src/FW_Drivers/FW_7Seg.o
 .debug_aranges
                0x00000198       0x40 ./src/FW_Drivers/FW_GPIO.o
 .debug_aranges
                0x000001d8       0x20 ./src/FW_Drivers/FW_Systick.o
 .debug_aranges
                0x000001f8       0x30 ./src/FW_Drivers/KitInfo2FW_Teclado.o
 .debug_aranges
                0x00000228       0x28 ./src/Aplicacion/main.o

.debug_ranges   0x00000000      0x180
 .debug_ranges  0x00000000       0x10 ./src/PRimitivas/KitInfo2PR_Teclado.o
 .debug_ranges  0x00000010       0x10 ./src/PRimitivas/PR_7Seg.o
 .debug_ranges  0x00000020       0x10 ./src/FW_Inicializaciones/FW_InitExpansion2.o
 .debug_ranges  0x00000030       0x20 ./src/FW_Inicializaciones/FW_InitGPIOBaseBoard.o
 .debug_ranges  0x00000050       0x10 ./src/FW_Inicializaciones/FW_InitInter_Ext.o
 .debug_ranges  0x00000060       0x18 ./src/FW_Inicializaciones/FW_InitKit_principal.o
 .debug_ranges  0x00000078       0x10 ./src/FW_Inicializaciones/FW_InitOscilador.o
 .debug_ranges  0x00000088       0x70 ./src/FW_Inicializaciones/cr_startup_lpc176x.o
 .debug_ranges  0x000000f8       0x10 ./src/FW_Drivers/FW_7Seg.o
 .debug_ranges  0x00000108       0x30 ./src/FW_Drivers/FW_GPIO.o
 .debug_ranges  0x00000138       0x10 ./src/FW_Drivers/FW_Systick.o
 .debug_ranges  0x00000148       0x20 ./src/FW_Drivers/KitInfo2FW_Teclado.o
 .debug_ranges  0x00000168       0x18 ./src/Aplicacion/main.o

.debug_macro    0x00000000     0x1d81
 .debug_macro   0x00000000       0x72 ./src/PRimitivas/KitInfo2PR_Teclado.o
 .debug_macro   0x00000072      0x850 ./src/PRimitivas/KitInfo2PR_Teclado.o
 .debug_macro   0x000008c2      0x397 ./src/PRimitivas/KitInfo2PR_Teclado.o
 .debug_macro   0x00000c59       0x3a ./src/PRimitivas/KitInfo2PR_Teclado.o
 .debug_macro   0x00000c93      0x160 ./src/PRimitivas/KitInfo2PR_Teclado.o
 .debug_macro   0x00000df3       0x8e ./src/PRimitivas/KitInfo2PR_Teclado.o
 .debug_macro   0x00000e81       0xfa ./src/PRimitivas/KitInfo2PR_Teclado.o
 .debug_macro   0x00000f7b       0x46 ./src/PRimitivas/KitInfo2PR_Teclado.o
 .debug_macro   0x00000fc1       0x46 ./src/PRimitivas/KitInfo2PR_Teclado.o
 .debug_macro   0x00001007       0x72 ./src/PRimitivas/PR_7Seg.o
 .debug_macro   0x00001079       0x72 ./src/FW_Inicializaciones/FW_InitExpansion2.o
 .debug_macro   0x000010eb       0x72 ./src/FW_Inicializaciones/FW_InitGPIOBaseBoard.o
 .debug_macro   0x0000115d       0x72 ./src/FW_Inicializaciones/FW_InitInter_Ext.o
 .debug_macro   0x000011cf       0x72 ./src/FW_Inicializaciones/FW_InitKit_principal.o
 .debug_macro   0x00001241       0x23 ./src/FW_Inicializaciones/FW_InitOscilador.o
 .debug_macro   0x00001264       0x1d ./src/FW_Inicializaciones/cr_startup_lpc176x.o
 .debug_macro   0x00001281      0x856 ./src/FW_Inicializaciones/cr_startup_lpc176x.o
 .debug_macro   0x00001ad7       0x72 ./src/FW_Drivers/FW_7Seg.o
 .debug_macro   0x00001b49       0x1a ./src/FW_Drivers/FW_GPIO.o
 .debug_macro   0x00001b63       0x72 ./src/FW_Drivers/FW_Systick.o
 .debug_macro   0x00001bd5       0x72 ./src/FW_Drivers/KitInfo2FW_Teclado.o
 .debug_macro   0x00001c47       0x84 ./src/Aplicacion/main.o
 .debug_macro   0x00001ccb       0x82 ./src/Aplicacion/main.o
 .debug_macro   0x00001d4d       0x34 ./src/Aplicacion/main.o

.debug_line     0x00000000      0xe5a
 .debug_line    0x00000000      0x10c ./src/PRimitivas/KitInfo2PR_Teclado.o
 .debug_line    0x0000010c      0x120 ./src/PRimitivas/PR_7Seg.o
 .debug_line    0x0000022c      0x12b ./src/FW_Inicializaciones/FW_InitExpansion2.o
 .debug_line    0x00000357      0x150 ./src/FW_Inicializaciones/FW_InitGPIOBaseBoard.o
 .debug_line    0x000004a7      0x110 ./src/FW_Inicializaciones/FW_InitInter_Ext.o
 .debug_line    0x000005b7      0x12f ./src/FW_Inicializaciones/FW_InitKit_principal.o
 .debug_line    0x000006e6       0xb0 ./src/FW_Inicializaciones/FW_InitOscilador.o
 .debug_line    0x00000796       0xad ./src/FW_Inicializaciones/cr_startup_lpc176x.o
 .debug_line    0x00000843      0x116 ./src/FW_Drivers/FW_7Seg.o
 .debug_line    0x00000959       0xdd ./src/FW_Drivers/FW_GPIO.o
 .debug_line    0x00000a36      0x101 ./src/FW_Drivers/FW_Systick.o
 .debug_line    0x00000b37      0x147 ./src/FW_Drivers/KitInfo2FW_Teclado.o
 .debug_line    0x00000c7e      0x1dc ./src/Aplicacion/main.o

.debug_str      0x00000000     0x485e
 .debug_str     0x00000000     0x3d53 ./src/PRimitivas/KitInfo2PR_Teclado.o
                               0x3d94 (size before relaxing)
 .debug_str     0x00003d53       0x64 ./src/PRimitivas/PR_7Seg.o
                               0x3dc3 (size before relaxing)
 .debug_str     0x00003db7       0x56 ./src/FW_Inicializaciones/FW_InitExpansion2.o
                               0x3dad (size before relaxing)
 .debug_str     0x00003e0d       0x7a ./src/FW_Inicializaciones/FW_InitGPIOBaseBoard.o
                               0x3de2 (size before relaxing)
 .debug_str     0x00003e87       0x39 ./src/FW_Inicializaciones/FW_InitInter_Ext.o
                               0x3d88 (size before relaxing)
 .debug_str     0x00003ec0       0x83 ./src/FW_Inicializaciones/FW_InitKit_principal.o
                               0x3e73 (size before relaxing)
 .debug_str     0x00003f43       0x2e ./src/FW_Inicializaciones/FW_InitOscilador.o
                               0x35e3 (size before relaxing)
 .debug_str     0x00003f71      0x29b ./src/FW_Inicializaciones/cr_startup_lpc176x.o
                               0x25a5 (size before relaxing)
 .debug_str     0x0000420c       0x3b ./src/FW_Drivers/FW_7Seg.o
                               0x3da4 (size before relaxing)
 .debug_str     0x00004247       0x3e ./src/FW_Drivers/FW_GPIO.o
                               0x3169 (size before relaxing)
 .debug_str     0x00004285       0x2d ./src/FW_Drivers/FW_Systick.o
                               0x3d9b (size before relaxing)
 .debug_str     0x000042b2       0x62 ./src/FW_Drivers/KitInfo2FW_Teclado.o
                               0x3ddd (size before relaxing)
 .debug_str     0x00004314      0x54a ./src/Aplicacion/main.o
                               0x42f7 (size before relaxing)

.comment        0x00000000       0x70
 .comment       0x00000000       0x70 ./src/PRimitivas/KitInfo2PR_Teclado.o
                                 0x71 (size before relaxing)
 .comment       0x00000000       0x71 ./src/PRimitivas/PR_7Seg.o
 .comment       0x00000000       0x71 ./src/FW_Inicializaciones/FW_InitExpansion2.o
 .comment       0x00000000       0x71 ./src/FW_Inicializaciones/FW_InitGPIOBaseBoard.o
 .comment       0x00000000       0x71 ./src/FW_Inicializaciones/FW_InitInter_Ext.o
 .comment       0x00000000       0x71 ./src/FW_Inicializaciones/FW_InitKit_principal.o
 .comment       0x00000000       0x71 ./src/FW_Inicializaciones/FW_InitOscilador.o
 .comment       0x00000000       0x71 ./src/FW_Inicializaciones/cr_startup_lpc176x.o
 .comment       0x00000000       0x71 ./src/FW_Drivers/FW_7Seg.o
 .comment       0x00000000       0x71 ./src/FW_Drivers/FW_GPIO.o
 .comment       0x00000000       0x71 ./src/FW_Drivers/FW_Systick.o
 .comment       0x00000000       0x71 ./src/FW_Drivers/KitInfo2FW_Teclado.o
 .comment       0x00000000       0x71 ./src/Aplicacion/main.o
 .comment       0x00000000       0x71 c:/facultad/lpc/lpcxpresso_7.4.0_229/lpcxpresso/tools/bin/../lib/gcc/arm-none-eabi/4.8.4/../../../../arm-none-eabi/lib/armv7-m\libcr_semihost.a(_cr__main.o)
 .comment       0x00000000       0x71 c:/facultad/lpc/lpcxpresso_7.4.0_229/lpcxpresso/tools/bin/../lib/gcc/arm-none-eabi/4.8.4/../../../../arm-none-eabi/lib/armv7-m\libcr_c.a(initio.o)
 .comment       0x00000000       0x71 c:/facultad/lpc/lpcxpresso_7.4.0_229/lpcxpresso/tools/bin/../lib/gcc/arm-none-eabi/4.8.4/../../../../arm-none-eabi/lib/armv7-m\libcr_c.a(setvbuf.o)
 .comment       0x00000000       0x71 c:/facultad/lpc/lpcxpresso_7.4.0_229/lpcxpresso/tools/bin/../lib/gcc/arm-none-eabi/4.8.4/../../../../arm-none-eabi/lib/armv7-m\libcr_c.a(stdio.o)
 .comment       0x00000000       0x71 c:/facultad/lpc/lpcxpresso_7.4.0_229/lpcxpresso/tools/bin/../lib/gcc/arm-none-eabi/4.8.4/../../../../arm-none-eabi/lib/armv7-m\libcr_c.a(memset.o)
 .comment       0x00000000       0x71 c:/facultad/lpc/lpcxpresso_7.4.0_229/lpcxpresso/tools/bin/../lib/gcc/arm-none-eabi/4.8.4/../../../../arm-none-eabi/lib/armv7-m\libcr_c.a(_deferredlazyseek.o)
 .comment       0x00000000       0x71 c:/facultad/lpc/lpcxpresso_7.4.0_229/lpcxpresso/tools/bin/../lib/gcc/arm-none-eabi/4.8.4/../../../../arm-none-eabi/lib/armv7-m\libcr_c.a(_fdopen.o)
 .comment       0x00000000       0x71 c:/facultad/lpc/lpcxpresso_7.4.0_229/lpcxpresso/tools/bin/../lib/gcc/arm-none-eabi/4.8.4/../../../../arm-none-eabi/lib/armv7-m\libcr_c.a(_fflush.o)
 .comment       0x00000000       0x71 c:/facultad/lpc/lpcxpresso_7.4.0_229/lpcxpresso/tools/bin/../lib/gcc/arm-none-eabi/4.8.4/../../../../arm-none-eabi/lib/armv7-m\libcr_c.a(_writebuf.o)
 .comment       0x00000000       0x71 c:/facultad/lpc/lpcxpresso_7.4.0_229/lpcxpresso/tools/bin/../lib/gcc/arm-none-eabi/4.8.4/../../../../arm-none-eabi/lib/armv7-m\libcr_c.a(alloc.o)
 .comment       0x00000000       0x71 c:/facultad/lpc/lpcxpresso_7.4.0_229/lpcxpresso/tools/bin/../lib/gcc/arm-none-eabi/4.8.4/../../../../arm-none-eabi/lib/armv7-m\libcr_c.a(fclose.o)
 .comment       0x00000000       0x71 c:/facultad/lpc/lpcxpresso_7.4.0_229/lpcxpresso/tools/bin/../lib/gcc/arm-none-eabi/4.8.4/../../../../arm-none-eabi/lib/armv7-m\libcr_c.a(fflush.o)
 .comment       0x00000000       0x71 c:/facultad/lpc/lpcxpresso_7.4.0_229/lpcxpresso/tools/bin/../lib/gcc/arm-none-eabi/4.8.4/../../../../arm-none-eabi/lib/armv7-m\libcr_c.a(fseek.o)
 .comment       0x00000000       0x71 c:/facultad/lpc/lpcxpresso_7.4.0_229/lpcxpresso/tools/bin/../lib/gcc/arm-none-eabi/4.8.4/../../../../arm-none-eabi/lib/armv7-m\libcr_c.a(ftell.o)
 .comment       0x00000000       0x71 c:/facultad/lpc/lpcxpresso_7.4.0_229/lpcxpresso/tools/bin/../lib/gcc/arm-none-eabi/4.8.4/../../../../arm-none-eabi/lib/armv7-m\libcr_c.a(remove.o)
 .comment       0x00000000       0x71 c:/facultad/lpc/lpcxpresso_7.4.0_229/lpcxpresso/tools/bin/../lib/gcc/arm-none-eabi/4.8.4/../../../../arm-none-eabi/lib/armv7-m\libcr_c.a(strlen.o)
 .comment       0x00000000       0x71 c:/facultad/lpc/lpcxpresso_7.4.0_229/lpcxpresso/tools/bin/../lib/gcc/arm-none-eabi/4.8.4/../../../../arm-none-eabi/lib/armv7-m\libcr_c.a(__init_alloc.o)
 .comment       0x00000000       0x71 c:/facultad/lpc/lpcxpresso_7.4.0_229/lpcxpresso/tools/bin/../lib/gcc/arm-none-eabi/4.8.4/../../../../arm-none-eabi/lib/armv7-m\libcr_c.a(_cr_sbrk.o)
 .comment       0x00000000       0x71 c:/facultad/lpc/lpcxpresso_7.4.0_229/lpcxpresso/tools/bin/../lib/gcc/arm-none-eabi/4.8.4/../../../../arm-none-eabi/lib/armv7-m\libcr_c.a(_do_fflush.o)
 .comment       0x00000000       0x71 c:/facultad/lpc/lpcxpresso_7.4.0_229/lpcxpresso/tools/bin/../lib/gcc/arm-none-eabi/4.8.4/../../../../arm-none-eabi/lib/armv7-m\libcr_c.a(errno.o)
 .comment       0x00000000       0x71 c:/facultad/lpc/lpcxpresso_7.4.0_229/lpcxpresso/tools/bin/../lib/gcc/arm-none-eabi/4.8.4/../../../../arm-none-eabi/lib/armv7-m\libcr_c.a(_cr_check_heap.o)

.ARM.attributes
                0x00000000       0x31
 .ARM.attributes
                0x00000000       0x33 ./src/PRimitivas/KitInfo2PR_Teclado.o
 .ARM.attributes
                0x00000033       0x33 ./src/PRimitivas/PR_7Seg.o
 .ARM.attributes
                0x00000066       0x33 ./src/FW_Inicializaciones/FW_InitExpansion2.o
 .ARM.attributes
                0x00000099       0x33 ./src/FW_Inicializaciones/FW_InitGPIOBaseBoard.o
 .ARM.attributes
                0x000000cc       0x33 ./src/FW_Inicializaciones/FW_InitInter_Ext.o
 .ARM.attributes
                0x000000ff       0x33 ./src/FW_Inicializaciones/FW_InitKit_principal.o
 .ARM.attributes
                0x00000132       0x33 ./src/FW_Inicializaciones/FW_InitOscilador.o
 .ARM.attributes
                0x00000165       0x33 ./src/FW_Inicializaciones/cr_startup_lpc176x.o
 .ARM.attributes
                0x00000198       0x33 ./src/FW_Drivers/FW_7Seg.o
 .ARM.attributes
                0x000001cb       0x33 ./src/FW_Drivers/FW_GPIO.o
 .ARM.attributes
                0x000001fe       0x33 ./src/FW_Drivers/FW_Systick.o
 .ARM.attributes
                0x00000231       0x33 ./src/FW_Drivers/KitInfo2FW_Teclado.o
 .ARM.attributes
                0x00000264       0x33 ./src/Aplicacion/main.o
 .ARM.attributes
                0x00000297       0x33 c:/facultad/lpc/lpcxpresso_7.4.0_229/lpcxpresso/tools/bin/../lib/gcc/arm-none-eabi/4.8.4/../../../../arm-none-eabi/lib/armv7-m\libcr_semihost.a(_cr__main.o)
 .ARM.attributes
                0x000002ca       0x33 c:/facultad/lpc/lpcxpresso_7.4.0_229/lpcxpresso/tools/bin/../lib/gcc/arm-none-eabi/4.8.4/../../../../arm-none-eabi/lib/armv7-m\libcr_c.a(initio.o)
 .ARM.attributes
                0x000002fd       0x33 c:/facultad/lpc/lpcxpresso_7.4.0_229/lpcxpresso/tools/bin/../lib/gcc/arm-none-eabi/4.8.4/../../../../arm-none-eabi/lib/armv7-m\libcr_c.a(setvbuf.o)
 .ARM.attributes
                0x00000330       0x33 c:/facultad/lpc/lpcxpresso_7.4.0_229/lpcxpresso/tools/bin/../lib/gcc/arm-none-eabi/4.8.4/../../../../arm-none-eabi/lib/armv7-m\libcr_c.a(stdio.o)
 .ARM.attributes
                0x00000363       0x33 c:/facultad/lpc/lpcxpresso_7.4.0_229/lpcxpresso/tools/bin/../lib/gcc/arm-none-eabi/4.8.4/../../../../arm-none-eabi/lib/armv7-m\libcr_c.a(memset.o)
 .ARM.attributes
                0x00000396       0x33 c:/facultad/lpc/lpcxpresso_7.4.0_229/lpcxpresso/tools/bin/../lib/gcc/arm-none-eabi/4.8.4/../../../../arm-none-eabi/lib/armv7-m\libcr_c.a(_deferredlazyseek.o)
 .ARM.attributes
                0x000003c9       0x33 c:/facultad/lpc/lpcxpresso_7.4.0_229/lpcxpresso/tools/bin/../lib/gcc/arm-none-eabi/4.8.4/../../../../arm-none-eabi/lib/armv7-m\libcr_c.a(_fdopen.o)
 .ARM.attributes
                0x000003fc       0x33 c:/facultad/lpc/lpcxpresso_7.4.0_229/lpcxpresso/tools/bin/../lib/gcc/arm-none-eabi/4.8.4/../../../../arm-none-eabi/lib/armv7-m\libcr_c.a(_fflush.o)
 .ARM.attributes
                0x0000042f       0x33 c:/facultad/lpc/lpcxpresso_7.4.0_229/lpcxpresso/tools/bin/../lib/gcc/arm-none-eabi/4.8.4/../../../../arm-none-eabi/lib/armv7-m\libcr_c.a(_writebuf.o)
 .ARM.attributes
                0x00000462       0x33 c:/facultad/lpc/lpcxpresso_7.4.0_229/lpcxpresso/tools/bin/../lib/gcc/arm-none-eabi/4.8.4/../../../../arm-none-eabi/lib/armv7-m\libcr_c.a(alloc.o)
 .ARM.attributes
                0x00000495       0x33 c:/facultad/lpc/lpcxpresso_7.4.0_229/lpcxpresso/tools/bin/../lib/gcc/arm-none-eabi/4.8.4/../../../../arm-none-eabi/lib/armv7-m\libcr_c.a(fclose.o)
 .ARM.attributes
                0x000004c8       0x33 c:/facultad/lpc/lpcxpresso_7.4.0_229/lpcxpresso/tools/bin/../lib/gcc/arm-none-eabi/4.8.4/../../../../arm-none-eabi/lib/armv7-m\libcr_c.a(fflush.o)
 .ARM.attributes
                0x000004fb       0x33 c:/facultad/lpc/lpcxpresso_7.4.0_229/lpcxpresso/tools/bin/../lib/gcc/arm-none-eabi/4.8.4/../../../../arm-none-eabi/lib/armv7-m\libcr_c.a(fseek.o)
 .ARM.attributes
                0x0000052e       0x33 c:/facultad/lpc/lpcxpresso_7.4.0_229/lpcxpresso/tools/bin/../lib/gcc/arm-none-eabi/4.8.4/../../../../arm-none-eabi/lib/armv7-m\libcr_c.a(ftell.o)
 .ARM.attributes
                0x00000561       0x33 c:/facultad/lpc/lpcxpresso_7.4.0_229/lpcxpresso/tools/bin/../lib/gcc/arm-none-eabi/4.8.4/../../../../arm-none-eabi/lib/armv7-m\libcr_c.a(remove.o)
 .ARM.attributes
                0x00000594       0x33 c:/facultad/lpc/lpcxpresso_7.4.0_229/lpcxpresso/tools/bin/../lib/gcc/arm-none-eabi/4.8.4/../../../../arm-none-eabi/lib/armv7-m\libcr_c.a(strlen.o)
 .ARM.attributes
                0x000005c7       0x33 c:/facultad/lpc/lpcxpresso_7.4.0_229/lpcxpresso/tools/bin/../lib/gcc/arm-none-eabi/4.8.4/../../../../arm-none-eabi/lib/armv7-m\libcr_c.a(__init_alloc.o)
 .ARM.attributes
                0x000005fa       0x33 c:/facultad/lpc/lpcxpresso_7.4.0_229/lpcxpresso/tools/bin/../lib/gcc/arm-none-eabi/4.8.4/../../../../arm-none-eabi/lib/armv7-m\libcr_c.a(_cr_sbrk.o)
 .ARM.attributes
                0x0000062d       0x33 c:/facultad/lpc/lpcxpresso_7.4.0_229/lpcxpresso/tools/bin/../lib/gcc/arm-none-eabi/4.8.4/../../../../arm-none-eabi/lib/armv7-m\libcr_c.a(_do_fflush.o)
 .ARM.attributes
                0x00000660       0x33 c:/facultad/lpc/lpcxpresso_7.4.0_229/lpcxpresso/tools/bin/../lib/gcc/arm-none-eabi/4.8.4/../../../../arm-none-eabi/lib/armv7-m\libcr_c.a(errno.o)
 .ARM.attributes
                0x00000693       0x33 c:/facultad/lpc/lpcxpresso_7.4.0_229/lpcxpresso/tools/bin/../lib/gcc/arm-none-eabi/4.8.4/../../../../arm-none-eabi/lib/armv7-m\libcr_c.a(_cr_check_heap.o)
 .ARM.attributes
                0x000006c6       0x21 c:/facultad/lpc/lpcxpresso_7.4.0_229/lpcxpresso/tools/bin/../lib/gcc/arm-none-eabi/4.8.4/armv7-m\libcr_eabihelpers.a(memcpy.o)
 .ARM.attributes
                0x000006e7       0x21 c:/facultad/lpc/lpcxpresso_7.4.0_229/lpcxpresso/tools/bin/../lib/gcc/arm-none-eabi/4.8.4/../../../../arm-none-eabi/lib/armv7-m\libcr_semihost.a(__sys_appexit.o)
 .ARM.attributes
                0x00000708       0x21 c:/facultad/lpc/lpcxpresso_7.4.0_229/lpcxpresso/tools/bin/../lib/gcc/arm-none-eabi/4.8.4/../../../../arm-none-eabi/lib/armv7-m\libcr_semihost.a(__sys_close.o)
 .ARM.attributes
                0x00000729       0x21 c:/facultad/lpc/lpcxpresso_7.4.0_229/lpcxpresso/tools/bin/../lib/gcc/arm-none-eabi/4.8.4/../../../../arm-none-eabi/lib/armv7-m\libcr_semihost.a(__sys_flen.o)
 .ARM.attributes
                0x0000074a       0x21 c:/facultad/lpc/lpcxpresso_7.4.0_229/lpcxpresso/tools/bin/../lib/gcc/arm-none-eabi/4.8.4/../../../../arm-none-eabi/lib/armv7-m\libcr_semihost.a(__sys_istty.o)
 .ARM.attributes
                0x0000076b       0x21 c:/facultad/lpc/lpcxpresso_7.4.0_229/lpcxpresso/tools/bin/../lib/gcc/arm-none-eabi/4.8.4/../../../../arm-none-eabi/lib/armv7-m\libcr_semihost.a(__sys_remove.o)
 .ARM.attributes
                0x0000078c       0x21 c:/facultad/lpc/lpcxpresso_7.4.0_229/lpcxpresso/tools/bin/../lib/gcc/arm-none-eabi/4.8.4/../../../../arm-none-eabi/lib/armv7-m\libcr_semihost.a(__sys_seek.o)
 .ARM.attributes
                0x000007ad       0x21 c:/facultad/lpc/lpcxpresso_7.4.0_229/lpcxpresso/tools/bin/../lib/gcc/arm-none-eabi/4.8.4/../../../../arm-none-eabi/lib/armv7-m\libcr_semihost.a(__sys_tmpnam.o)
 .ARM.attributes
                0x000007ce       0x21 c:/facultad/lpc/lpcxpresso_7.4.0_229/lpcxpresso/tools/bin/../lib/gcc/arm-none-eabi/4.8.4/../../../../arm-none-eabi/lib/armv7-m\libcr_semihost.a(__sys_write.o)

.debug_frame    0x00000000      0x398
 .debug_frame   0x00000000       0x20 ./src/PRimitivas/KitInfo2PR_Teclado.o
 .debug_frame   0x00000020       0x2c ./src/PRimitivas/PR_7Seg.o
 .debug_frame   0x0000004c       0x28 ./src/FW_Inicializaciones/FW_InitExpansion2.o
 .debug_frame   0x00000074       0x58 ./src/FW_Inicializaciones/FW_InitGPIOBaseBoard.o
 .debug_frame   0x000000cc       0x20 ./src/FW_Inicializaciones/FW_InitInter_Ext.o
 .debug_frame   0x000000ec       0x38 ./src/FW_Inicializaciones/FW_InitKit_principal.o
 .debug_frame   0x00000124       0x20 ./src/FW_Inicializaciones/FW_InitOscilador.o
 .debug_frame   0x00000144       0xf0 ./src/FW_Inicializaciones/cr_startup_lpc176x.o
 .debug_frame   0x00000234       0x2c ./src/FW_Drivers/FW_7Seg.o
 .debug_frame   0x00000260       0x80 ./src/FW_Drivers/FW_GPIO.o
 .debug_frame   0x000002e0       0x28 ./src/FW_Drivers/FW_Systick.o
 .debug_frame   0x00000308       0x50 ./src/FW_Drivers/KitInfo2FW_Teclado.o
 .debug_frame   0x00000358       0x40 ./src/Aplicacion/main.o
