Archive member included because of file (symbol)

c:/facultad/lpcxpresso_7.0.2_102/lpcxpresso/tools/bin/../lib/gcc/arm-none-eabi/4.8.3/../../../../arm-none-eabi/lib/armv7-m\libcr_semihost.a(_cr__main.o)
                              ./src/FW_Inicializaciones/cr_startup_lpc176x.o (__main)
c:/facultad/lpcxpresso_7.0.2_102/lpcxpresso/tools/bin/../lib/gcc/arm-none-eabi/4.8.3/../../../../arm-none-eabi/lib/armv7-m\libcr_c.a(initio.o)
                              c:/facultad/lpcxpresso_7.0.2_102/lpcxpresso/tools/bin/../lib/gcc/arm-none-eabi/4.8.3/../../../../arm-none-eabi/lib/armv7-m\libcr_semihost.a(_cr__main.o) (_initio)
c:/facultad/lpcxpresso_7.0.2_102/lpcxpresso/tools/bin/../lib/gcc/arm-none-eabi/4.8.3/../../../../arm-none-eabi/lib/armv7-m\libcr_c.a(setvbuf.o)
                              c:/facultad/lpcxpresso_7.0.2_102/lpcxpresso/tools/bin/../lib/gcc/arm-none-eabi/4.8.3/../../../../arm-none-eabi/lib/armv7-m\libcr_c.a(initio.o) (setvbuf)
c:/facultad/lpcxpresso_7.0.2_102/lpcxpresso/tools/bin/../lib/gcc/arm-none-eabi/4.8.3/../../../../arm-none-eabi/lib/armv7-m\libcr_c.a(stdio.o)
                              c:/facultad/lpcxpresso_7.0.2_102/lpcxpresso/tools/bin/../lib/gcc/arm-none-eabi/4.8.3/../../../../arm-none-eabi/lib/armv7-m\libcr_c.a(initio.o) (__Ciob)
c:/facultad/lpcxpresso_7.0.2_102/lpcxpresso/tools/bin/../lib/gcc/arm-none-eabi/4.8.3/../../../../arm-none-eabi/lib/armv7-m\libcr_c.a(memset.o)
                              c:/facultad/lpcxpresso_7.0.2_102/lpcxpresso/tools/bin/../lib/gcc/arm-none-eabi/4.8.3/../../../../arm-none-eabi/lib/armv7-m\libcr_c.a(initio.o) (memset)
c:/facultad/lpcxpresso_7.0.2_102/lpcxpresso/tools/bin/../lib/gcc/arm-none-eabi/4.8.3/../../../../arm-none-eabi/lib/armv7-m\libcr_c.a(__fillbuf.o)
                              c:/facultad/lpcxpresso_7.0.2_102/lpcxpresso/tools/bin/../lib/gcc/arm-none-eabi/4.8.3/../../../../arm-none-eabi/lib/armv7-m\libcr_c.a(stdio.o) (__filbuf)
c:/facultad/lpcxpresso_7.0.2_102/lpcxpresso/tools/bin/../lib/gcc/arm-none-eabi/4.8.3/../../../../arm-none-eabi/lib/armv7-m\libcr_c.a(_deferredlazyseek.o)
                              c:/facultad/lpcxpresso_7.0.2_102/lpcxpresso/tools/bin/../lib/gcc/arm-none-eabi/4.8.3/../../../../arm-none-eabi/lib/armv7-m\libcr_c.a(__fillbuf.o) (_deferredlazyseek)
c:/facultad/lpcxpresso_7.0.2_102/lpcxpresso/tools/bin/../lib/gcc/arm-none-eabi/4.8.3/../../../../arm-none-eabi/lib/armv7-m\libcr_c.a(_fdopen.o)
                              c:/facultad/lpcxpresso_7.0.2_102/lpcxpresso/tools/bin/../lib/gcc/arm-none-eabi/4.8.3/../../../../arm-none-eabi/lib/armv7-m\libcr_c.a(initio.o) (_fdopen)
c:/facultad/lpcxpresso_7.0.2_102/lpcxpresso/tools/bin/../lib/gcc/arm-none-eabi/4.8.3/../../../../arm-none-eabi/lib/armv7-m\libcr_c.a(_fflush.o)
                              c:/facultad/lpcxpresso_7.0.2_102/lpcxpresso/tools/bin/../lib/gcc/arm-none-eabi/4.8.3/../../../../arm-none-eabi/lib/armv7-m\libcr_c.a(__fillbuf.o) (_fflush)
c:/facultad/lpcxpresso_7.0.2_102/lpcxpresso/tools/bin/../lib/gcc/arm-none-eabi/4.8.3/../../../../arm-none-eabi/lib/armv7-m\libcr_c.a(_writebuf.o)
                              c:/facultad/lpcxpresso_7.0.2_102/lpcxpresso/tools/bin/../lib/gcc/arm-none-eabi/4.8.3/../../../../arm-none-eabi/lib/armv7-m\libcr_c.a(_deferredlazyseek.o) (_Cwritebuf)
c:/facultad/lpcxpresso_7.0.2_102/lpcxpresso/tools/bin/../lib/gcc/arm-none-eabi/4.8.3/../../../../arm-none-eabi/lib/armv7-m\libcr_c.a(alloc.o)
                              c:/facultad/lpcxpresso_7.0.2_102/lpcxpresso/tools/bin/../lib/gcc/arm-none-eabi/4.8.3/../../../../arm-none-eabi/lib/armv7-m\libcr_c.a(initio.o) (_Csys_alloc)
c:/facultad/lpcxpresso_7.0.2_102/lpcxpresso/tools/bin/../lib/gcc/arm-none-eabi/4.8.3/../../../../arm-none-eabi/lib/armv7-m\libcr_c.a(fclose.o)
                              c:/facultad/lpcxpresso_7.0.2_102/lpcxpresso/tools/bin/../lib/gcc/arm-none-eabi/4.8.3/../../../../arm-none-eabi/lib/armv7-m\libcr_c.a(initio.o) (fclose)
c:/facultad/lpcxpresso_7.0.2_102/lpcxpresso/tools/bin/../lib/gcc/arm-none-eabi/4.8.3/../../../../arm-none-eabi/lib/armv7-m\libcr_c.a(fflush.o)
                              c:/facultad/lpcxpresso_7.0.2_102/lpcxpresso/tools/bin/../lib/gcc/arm-none-eabi/4.8.3/../../../../arm-none-eabi/lib/armv7-m\libcr_c.a(fclose.o) (fflush)
c:/facultad/lpcxpresso_7.0.2_102/lpcxpresso/tools/bin/../lib/gcc/arm-none-eabi/4.8.3/../../../../arm-none-eabi/lib/armv7-m\libcr_c.a(fseek.o)
                              c:/facultad/lpcxpresso_7.0.2_102/lpcxpresso/tools/bin/../lib/gcc/arm-none-eabi/4.8.3/../../../../arm-none-eabi/lib/armv7-m\libcr_c.a(_deferredlazyseek.o) (fseek)
c:/facultad/lpcxpresso_7.0.2_102/lpcxpresso/tools/bin/../lib/gcc/arm-none-eabi/4.8.3/../../../../arm-none-eabi/lib/armv7-m\libcr_c.a(ftell.o)
                              c:/facultad/lpcxpresso_7.0.2_102/lpcxpresso/tools/bin/../lib/gcc/arm-none-eabi/4.8.3/../../../../arm-none-eabi/lib/armv7-m\libcr_c.a(fseek.o) (ftell)
[...]
Memory Configuration

Name             Origin             Length             Attributes
MFlash512        0x00000000         0x00080000         xr
RamLoc32         0x10000000         0x00008000         xrw
RamAHB32         0x2007c000         0x00008000         xrw
*default*        0x00000000         0xffffffff

Linker script and memory map

LOAD ./src/PRimitivas/PR_Display7Seg.o
LOAD ./src/PRimitivas/PR_MaquinaTimers.o
LOAD ./src/PRimitivas/PR_Teclado.o
LOAD ./src/FW_Inicializaciones/DR_InicExp3.o
LOAD ./src/FW_Inicializaciones/FW_InitGPIOBaseBoard.o
LOAD ./src/FW_Inicializaciones/FW_InitInter_Ext.o
LOAD ./src/FW_Inicializaciones/FW_InitKit_principal.o
LOAD ./src/FW_Inicializaciones/FW_InitOscilador.o
LOAD ./src/FW_Inicializaciones/FW_InitUART.o
LOAD ./src/FW_Inicializaciones/cr_startup_lpc176x.o
LOAD ./src/FW_Drivers/DR_Display.o
LOAD ./src/FW_Drivers/DR_Teclado.o
LOAD ./src/FW_Drivers/DR_UART.o
LOAD ./src/FW_Drivers/FW_GPIO.o
LOAD ./src/FW_Drivers/FW_Systick.o
LOAD ./src/FW_Drivers/FW_UART.o
LOAD ./src/Aplicacion/TmrEvent.o
LOAD ./src/Aplicacion/Trama.o
LOAD ./src/Aplicacion/main.o
LOAD ./src/Aplicacion/maquina.o
START GROUP
LOAD c:/facultad/lpcxpresso_7.0.2_102/lpcxpresso/tools/bin/../lib/gcc/arm-none-eabi/4.8.3/../../../../arm-none-eabi/lib/armv7-m\libcr_semihost.a
LOAD c:/facultad/lpcxpresso_7.0.2_102/lpcxpresso/tools/bin/../lib/gcc/arm-none-eabi/4.8.3/../../../../arm-none-eabi/lib/armv7-m\libcr_c.a
LOAD c:/facultad/lpcxpresso_7.0.2_102/lpcxpresso/tools/bin/../lib/gcc/arm-none-eabi/4.8.3/armv7-m\libcr_eabihelpers.a
END GROUP
                0x00080000                __top_MFlash512 = 0x80000
                0x10008000                __top_RamLoc32 = 0x10008000
                0x20084000                __top_RamAHB32 = 0x20084000

.text           0x00000000     0x1f28
 FILL mask 0xff
                0x00000000                __vectors_start__ = ABSOLUTE (.)
 *(.isr_vector)
 .isr_vector    0x00000000       0xcc ./src/FW_Inicializaciones/cr_startup_lpc176x.o
                0x00000000                g_pfnVectors
                0x000000cc                . = ALIGN (0x4)
                0x000000cc                __section_table_start = .
                0x000000cc                __data_section_table = .
                0x000000cc        0x4 LONG 0x1f28 LOADADDR (.data)
                0x000000d0        0x4 LONG 0x10000000 ADDR (.data)
                0x000000d4        0x4 LONG 0x8 SIZEOF (.data)
                0x000000d8        0x4 LONG 0x1f28 LOADADDR (.data_RAM2)
                0x000000dc        0x4 LONG 0x2007c000 ADDR (.data_RAM2)
                0x000000e0        0x4 LONG 0x0 SIZEOF (.data_RAM2)
                0x000000e4                __data_section_table_end = .
                0x000000e4                __bss_section_table = .
                0x000000e4        0x4 LONG 0x10000008 ADDR (.bss)
                0x000000e8        0x4 LONG 0x1b4 SIZEOF (.bss)
                0x000000ec        0x4 LONG 0x2007c000 ADDR (.bss_RAM2)
                0x000000f0        0x4 LONG 0x0 SIZEOF (.bss_RAM2)
                0x000000f4                __bss_section_table_end = .
                0x000000f4                __section_table_end = .
 *(.after_vectors*)
 .after_vectors
                0x000000f4       0x74 ./src/FW_Inicializaciones/cr_startup_lpc176x.o
                0x000000f4                NMI_Handler
                0x000000f6                HardFault_Handler
                0x000000f8                MemManage_Handler
                0x000000fa                BusFault_Handler
                0x000000fc                UsageFault_Handler
                0x000000fe                SVC_Handler
                0x00000100                DebugMon_Handler
                0x00000102                PendSV_Handler
                0x00000106                USBActivity_IRQHandler
                0x00000106                I2C1_IRQHandler
                0x00000106                EINT2_IRQHandler
                0x00000106                EINT3_IRQHandler
                0x00000106                CANActivity_IRQHandler
                0x00000106                TIMER3_IRQHandler
                0x00000106                MCPWM_IRQHandler
                0x00000106                I2C0_IRQHandler
                0x00000106                IntDefaultHandler
                0x00000106                PLL0_IRQHandler
                0x00000106                RIT_IRQHandler
                0x00000106                PLL1_IRQHandler
                0x00000106                SSP0_IRQHandler
                0x00000106                I2S_IRQHandler
                0x00000106                I2C2_IRQHandler
                0x00000106                RTC_IRQHandler
                0x00000106                TIMER0_IRQHandler
                0x00000106                SPI_IRQHandler
                0x00000106                UART3_IRQHandler
                0x00000106                EINT1_IRQHandler
                0x00000106                TIMER1_IRQHandler
                0x00000106                UART2_IRQHandler
                0x00000106                ADC_IRQHandler
                0x00000106                SSP1_IRQHandler
                0x00000106                USB_IRQHandler
                0x00000106                BOD_IRQHandler
                0x00000106                PWM1_IRQHandler
                0x00000106                WDT_IRQHandler
                0x00000106                CAN_IRQHandler
                0x00000106                QEI_IRQHandler
                0x00000106                EINT0_IRQHandler
                0x00000106                TIMER2_IRQHandler
                0x00000106                DMA_IRQHandler
                0x00000106                ENET_IRQHandler
                0x00000108                data_init
                0x0000011a                bss_init
                0x0000012a                ResetISR
                0x000002fc                . = 0x2fc
 *fill*         0x00000168      0x194 ff
                0x000002fc                PROVIDE (__CRP_WORD_START__, .)
 *(.crp)
 .crp           0x000002fc        0x4 ./src/Aplicacion/main.o
                0x000002fc                CRP_WORD
                0x00000300                PROVIDE (__CRP_WORD_END__, .)
                0x00000001                ASSERT (! ((__CRP_WORD_START__ == __CRP_WORD_END__)), Linker CRP Enabled, but no CRP_WORD provided within application)
 *(.text*)
 .text.Display  0x00000300      0x10c ./src/PRimitivas/PR_Display7Seg.o
                0x00000300                Display
 .text.GetKey   0x0000040c       0x28 ./src/PRimitivas/PR_Teclado.o
                0x0000040c                GetKey
 .text.validar_tecla
                0x00000434       0x54 ./src/PRimitivas/PR_Teclado.o
                0x00000434                validar_tecla
 .text.InicDisplayExp3
                0x00000488       0x94 ./src/FW_Inicializaciones/DR_InicExp3.o
                0x00000488                InicDisplayExp3
 .text.InicTecladoExp3
                0x0000051c       0x94 ./src/FW_Inicializaciones/DR_InicExp3.o
                0x0000051c                InicTecladoExp3
 .text.InicializarExp3
                0x000005b0       0x10 ./src/FW_Inicializaciones/DR_InicExp3.o
                0x000005b0                InicializarExp3
 .text.Inicializar_Relay
                0x000005c0       0x74 ./src/FW_Inicializaciones/FW_InitGPIOBaseBoard.o
                0x000005c0                Inicializar_Relay
 .text.Inicializar_RGB
                0x00000634       0x44 ./src/FW_Inicializaciones/FW_InitGPIOBaseBoard.o
                0x00000634                Inicializar_RGB
 .text.InicSysTick
                0x00000678       0x44 ./src/FW_Inicializaciones/FW_InitKit_principal.o
                0x00000678                InicSysTick
 .text.InicializarKit
                0x000006bc       0x30 ./src/FW_Inicializaciones/FW_InitKit_principal.o
                0x000006bc                InicializarKit
 .text.InicializarLEDS
                0x000006ec       0xf4 ./src/FW_Inicializaciones/FW_InitKit_principal.o
                0x000006ec                InicializarLEDS
 .text.InicTeclado4x1
                0x000007e0       0x80 ./src/FW_Inicializaciones/FW_InitKit_principal.o
                0x000007e0                InicTeclado4x1
 .text.InicEntradaCaptura
                0x00000860       0x10 ./src/FW_Inicializaciones/FW_InitKit_principal.o
                0x00000860                InicEntradaCaptura
 .text.InicLedStick
                0x00000870       0x1c ./src/FW_Inicializaciones/FW_InitKit_principal.o
                0x00000870                InicLedStick
 .text.InicPLL  0x0000088c      0x140 ./src/FW_Inicializaciones/FW_InitOscilador.o
                0x0000088c                InicPLL
 .text.InitUART1
                0x000009cc       0x74 ./src/FW_Inicializaciones/FW_InitUART.o
                0x000009cc                InitUART1
 .text.BarridoDisplay7Seg
                0x00000a40       0xd0 ./src/FW_Drivers/DR_Display.o
                0x00000a40                BarridoDisplay7Seg
 .text.TecladoHW
                0x00000b10      0x364 ./src/FW_Drivers/DR_Teclado.o
                0x00000b10                TecladoHW
 .text.TecladoSW
                0x00000e74       0x90 ./src/FW_Drivers/DR_Teclado.o
                0x00000e74                TecladoSW
 .text.PushTx   0x00000f04       0xac ./src/FW_Drivers/DR_UART.o
                0x00000f04                PushTx
 .text.PopTx    0x00000fb0       0x74 ./src/FW_Drivers/DR_UART.o
                0x00000fb0                PopTx
 .text.PushRx   0x00001024       0x58 ./src/FW_Drivers/DR_UART.o
                0x00001024                PushRx
 .text.PopRx    0x0000107c       0x74 ./src/FW_Drivers/DR_UART.o
                0x0000107c                PopRx
 .text.PopTx0   0x000010f0       0x74 ./src/FW_Drivers/DR_UART.o
                0x000010f0                PopTx0
 .text.PushRx0  0x00001164       0x58 ./src/FW_Drivers/DR_UART.o
                0x00001164                PushRx0
 .text.SetPINSEL
                0x000011bc       0x88 ./src/FW_Drivers/FW_GPIO.o
                0x000011bc                SetPINSEL
 .text.SetPINMODE
                0x00001244       0x7c ./src/FW_Drivers/FW_GPIO.o
                0x00001244                SetPINMODE
 .text.SetDIR   0x000012c0       0x70 ./src/FW_Drivers/FW_GPIO.o
                0x000012c0                SetDIR
 .text.SetPIN   0x00001330       0x74 ./src/FW_Drivers/FW_GPIO.o
                0x00001330                SetPIN
 .text.GetPIN   0x000013a4       0x4c ./src/FW_Drivers/FW_GPIO.o
                0x000013a4                GetPIN
 .text.SysTick_Handler
                0x000013f0       0x94 ./src/FW_Drivers/FW_Systick.o
                0x000013f0                SysTick_Handler
 .text.UART1_IRQHandler
                0x00001484       0x68 ./src/FW_Drivers/FW_UART.o
                0x00001484                UART1_IRQHandler
 .text.UART0_IRQHandler
                0x000014ec       0x68 ./src/FW_Drivers/FW_UART.o
                0x000014ec                UART0_IRQHandler
 .text.leer_trama
                0x00001554       0x90 ./src/Aplicacion/Trama.o
                0x00001554                leer_trama
 .text.Enviar_Trama
                0x000015e4       0x24 ./src/Aplicacion/Trama.o
                0x000015e4                Enviar_Trama
 .text.main     0x00001608       0x10 ./src/Aplicacion/main.o
                0x00001608                main
 .text.maquina  0x00001618       0x6c ./src/Aplicacion/maquina.o
                0x00001618                maquina
 .text.mover    0x00001684      0x19c ./src/Aplicacion/maquina.o
                0x00001684                mover
 .text.__main   0x00001820       0x14 c:/facultad/lpcxpresso_7.0.2_102/lpcxpresso/tools/bin/../lib/gcc/arm-none-eabi/4.8.3/../../../../arm-none-eabi/lib/armv7-m\libcr_semihost.a(_cr__main.o)
                0x00001820                __CR_SEMIHOST
                0x00001820                __main
 .text._initio  0x00001834       0xa4 c:/facultad/lpcxpresso_7.0.2_102/lpcxpresso/tools/bin/../lib/gcc/arm-none-eabi/4.8.3/../../../../arm-none-eabi/lib/armv7-m\libcr_c.a(initio.o)
                0x00001834                _initio
 .text.setvbuf  0x000018d8       0x40 c:/facultad/lpcxpresso_7.0.2_102/lpcxpresso/tools/bin/../lib/gcc/arm-none-eabi/4.8.3/../../../../arm-none-eabi/lib/armv7-m\libcr_c.a(setvbuf.o)
                0x000018d8                setvbuf
 .text.memset   0x00001918        0x4 c:/facultad/lpcxpresso_7.0.2_102/lpcxpresso/tools/bin/../lib/gcc/arm-none-eabi/4.8.3/../../../../arm-none-eabi/lib/armv7-m\libcr_c.a(memset.o)
                0x00001918                memset
 .text._deferredlazyseek
                0x0000191c       0x44 c:/facultad/lpcxpresso_7.0.2_102/lpcxpresso/tools/bin/../lib/gcc/arm-none-eabi/4.8.3/../../../../arm-none-eabi/lib/armv7-m\libcr_c.a(_deferredlazyseek.o)
                0x0000191c                _deferredlazyseek
 .text._fdopen  0x00001960       0x6a c:/facultad/lpcxpresso_7.0.2_102/lpcxpresso/tools/bin/../lib/gcc/arm-none-eabi/4.8.3/../../../../arm-none-eabi/lib/armv7-m\libcr_c.a(_fdopen.o)
                0x00001960                _fdopen
 .text._fflush  0x000019ca       0x58 c:/facultad/lpcxpresso_7.0.2_102/lpcxpresso/tools/bin/../lib/gcc/arm-none-eabi/4.8.3/../../../../arm-none-eabi/lib/armv7-m\libcr_c.a(_fflush.o)
                0x000019ca                _fflush
 *fill*         0x00001a22        0x2 
 .text._Cwritebuf
                0x00001a24       0x70 c:/facultad/lpcxpresso_7.0.2_102/lpcxpresso/tools/bin/../lib/gcc/arm-none-eabi/4.8.3/../../../../arm-none-eabi/lib/armv7-m\libcr_c.a(_writebuf.o)
                0x00001a24                _Cwritebuf
 .text.malloc   0x00001a94       0xc4 c:/facultad/lpcxpresso_7.0.2_102/lpcxpresso/tools/bin/../lib/gcc/arm-none-eabi/4.8.3/../../../../arm-none-eabi/lib/armv7-m\libcr_c.a(alloc.o)
                0x00001a94                malloc
 .text.free     0x00001b58        0xc c:/facultad/lpcxpresso_7.0.2_102/lpcxpresso/tools/bin/../lib/gcc/arm-none-eabi/4.8.3/../../../../arm-none-eabi/lib/armv7-m\libcr_c.a(alloc.o)
                0x00001b58                free
 .text._Csys_alloc
                0x00001b64       0x20 c:/facultad/lpcxpresso_7.0.2_102/lpcxpresso/tools/bin/../lib/gcc/arm-none-eabi/4.8.3/../../../../arm-none-eabi/lib/armv7-m\libcr_c.a(alloc.o)
                0x00001b64                _Csys_alloc
 .text.fclose   0x00001b84       0x6c c:/facultad/lpcxpresso_7.0.2_102/lpcxpresso/tools/bin/../lib/gcc/arm-none-eabi/4.8.3/../../../../arm-none-eabi/lib/armv7-m\libcr_c.a(fclose.o)
                0x00001b84                fclose
 .text.fflush   0x00001bf0       0x30 c:/facultad/lpcxpresso_7.0.2_102/lpcxpresso/tools/bin/../lib/gcc/arm-none-eabi/4.8.3/../../../../arm-none-eabi/lib/armv7-m\libcr_c.a(fflush.o)
                0x00001bf0                fflush
 .text.fseek    0x00001c20      0x10c c:/facultad/lpcxpresso_7.0.2_102/lpcxpresso/tools/bin/../lib/gcc/arm-none-eabi/4.8.3/../../../../arm-none-eabi/lib/armv7-m\libcr_c.a(fseek.o)
                0x00001c20                fseek
 .text.ftell    0x00001d2c       0x4c c:/facultad/lpcxpresso_7.0.2_102/lpcxpresso/tools/bin/../lib/gcc/arm-none-eabi/4.8.3/../../../../arm-none-eabi/lib/armv7-m\libcr_c.a(ftell.o)
                0x00001d2c                ftell
 .text.remove   0x00001d78       0x14 c:/facultad/lpcxpresso_7.0.2_102/lpcxpresso/tools/bin/../lib/gcc/arm-none-eabi/4.8.3/../../../../arm-none-eabi/lib/armv7-m\libcr_c.a(remove.o)
                0x00001d78                remove
 .text.strlen   0x00001d8c       0x4a c:/facultad/lpcxpresso_7.0.2_102/lpcxpresso/tools/bin/../lib/gcc/arm-none-eabi/4.8.3/../../../../arm-none-eabi/lib/armv7-m\libcr_c.a(strlen.o)
                0x00001d8c                strlen
 *fill*         0x00001dd6        0x2 
 .text._sbrk    0x00001dd8       0x40 c:/facultad/lpcxpresso_7.0.2_102/lpcxpresso/tools/bin/../lib/gcc/arm-none-eabi/4.8.3/../../../../arm-none-eabi/lib/armv7-m\libcr_c.a(_cr_sbrk.o)
                0x00001dd8                _sbrk
 .text._do_fflush
                0x00001e18       0x44 c:/facultad/lpcxpresso_7.0.2_102/lpcxpresso/tools/bin/../lib/gcc/arm-none-eabi/4.8.3/../../../../arm-none-eabi/lib/armv7-m\libcr_c.a(_do_fflush.o)
                0x00001e18                _do_fflush
 .text.__check_heap_overflow
                0x00001e5c       0x24 c:/facultad/lpcxpresso_7.0.2_102/lpcxpresso/tools/bin/../lib/gcc/arm-none-eabi/4.8.3/../../../../arm-none-eabi/lib/armv7-m\libcr_c.a(_cr_check_heap.o)
                0x00001e5c                __check_heap_overflow
 .text.__aeabi_memset_lowlevel
                0x00001e80       0x2c c:/facultad/lpcxpresso_7.0.2_102/lpcxpresso/tools/bin/../lib/gcc/arm-none-eabi/4.8.3/armv7-m\libcr_eabihelpers.a(memcpy.o)
                0x00001e80                __aeabi_lowlevel_memset
 .text.__sys_appexit
                0x00001eac        0xc c:/facultad/lpcxpresso_7.0.2_102/lpcxpresso/tools/bin/../lib/gcc/arm-none-eabi/4.8.3/../../../../arm-none-eabi/lib/armv7-m\libcr_semihost.a(__sys_appexit.o)
                0x00001eac                __sys_appexit
                0x00001eac                __exit
 .text.__sys_close
                0x00001eb8        0xc c:/facultad/lpcxpresso_7.0.2_102/lpcxpresso/tools/bin/../lib/gcc/arm-none-eabi/4.8.3/../../../../arm-none-eabi/lib/armv7-m\libcr_semihost.a(__sys_close.o)
                0x00001eb8                __sys_close
 .text.__sys_flen
                0x00001ec4        0xc c:/facultad/lpcxpresso_7.0.2_102/lpcxpresso/tools/bin/../lib/gcc/arm-none-eabi/4.8.3/../../../../arm-none-eabi/lib/armv7-m\libcr_semihost.a(__sys_flen.o)
                0x00001ec4                __sys_flen
 .text.__sys_istty
                0x00001ed0        0xc c:/facultad/lpcxpresso_7.0.2_102/lpcxpresso/tools/bin/../lib/gcc/arm-none-eabi/4.8.3/../../../../arm-none-eabi/lib/armv7-m\libcr_semihost.a(__sys_istty.o)
                0x00001ed0                __sys_istty
 .text.__sys_remove
                0x00001edc        0xc c:/facultad/lpcxpresso_7.0.2_102/lpcxpresso/tools/bin/../lib/gcc/arm-none-eabi/4.8.3/../../../../arm-none-eabi/lib/armv7-m\libcr_semihost.a(__sys_remove.o)
                0x00001edc                __sys_remove
 .text.__sys_seek
                0x00001ee8        0xc c:/facultad/lpcxpresso_7.0.2_102/lpcxpresso/tools/bin/../lib/gcc/arm-none-eabi/4.8.3/../../../../arm-none-eabi/lib/armv7-m\libcr_semihost.a(__sys_seek.o)
                0x00001ee8                __sys_seek
 .text.__sys_tmpnam
                0x00001ef4        0xc c:/facultad/lpcxpresso_7.0.2_102/lpcxpresso/tools/bin/../lib/gcc/arm-none-eabi/4.8.3/../../../../arm-none-eabi/lib/armv7-m\libcr_semihost.a(__sys_tmpnam.o)
                0x00001ef4                __sys_tmpnam
 .text.__sys_write
                0x00001f00        0xc c:/facultad/lpcxpresso_7.0.2_102/lpcxpresso/tools/bin/../lib/gcc/arm-none-eabi/4.8.3/../../../../arm-none-eabi/lib/armv7-m\libcr_semihost.a(__sys_write.o)
                0x00001f00                __sys_write
                0x00001f00                __write
 *(.rodata .rodata.* .constdata .constdata.*)
 .rodata.str1.1
                0x00001f0c        0x4 c:/facultad/lpcxpresso_7.0.2_102/lpcxpresso/tools/bin/../lib/gcc/arm-none-eabi/4.8.3/../../../../arm-none-eabi/lib/armv7-m\libcr_c.a(initio.o)
 .rodata.str1.1
                0x00001f10       0x18 c:/facultad/lpcxpresso_7.0.2_102/lpcxpresso/tools/bin/../lib/gcc/arm-none-eabi/4.8.3/../../../../arm-none-eabi/lib/armv7-m\libcr_c.a(alloc.o)
                0x00001f28                . = ALIGN (0x4)

.glue_7         0x00001f28        0x0
 .glue_7        0x00000000        0x0 linker stubs

.glue_7t        0x00001f28        0x0
 .glue_7t       0x00000000        0x0 linker stubs

.vfp11_veneer   0x00001f28        0x0
 .vfp11_veneer  0x00000000        0x0 linker stubs

.v4_bx          0x00001f28        0x0
 .v4_bx         0x00000000        0x0 linker stubs

.iplt           0x00001f28        0x0
 .iplt          0x00000000        0x0 ./src/PRimitivas/PR_Display7Seg.o

.rel.dyn        0x00001f28        0x0
 .rel.iplt      0x00000000        0x0 ./src/PRimitivas/PR_Display7Seg.o

.ARM.extab
 *(.ARM.extab* .gnu.linkonce.armextab.*)
                0x00001f28                __exidx_start = .

.ARM.exidx
 *(.ARM.exidx* .gnu.linkonce.armexidx.*)
                0x00001f28                __exidx_end = .
                0x00001f28                _etext = .

.data_RAM2      0x2007c000        0x0 load address 0x00001f28
 FILL mask 0xff
 *(.ramfunc.$RAM2)
 *(.data.$RAM2*)
 *(.data.$RamAHB32*)
                0x2007c000                . = ALIGN (0x4)

.uninit_RESERVED
                0x10000000        0x0
 *(.bss.$RESERVED*)
                0x10000000                . = ALIGN (0x4)
                0x10000000                _end_uninit_RESERVED = .

.data           0x10000000        0x8 load address 0x00001f28
 FILL mask 0xff
                0x10000000                _data = .
 *(vtable)
 *(.ramfunc*)
 *(.data*)
 .data.CodigoAnterior.3739
                0x10000000        0x1 ./src/FW_Drivers/DR_Teclado.o
 *fill*         0x10000001        0x1 
 .data.decimas.3736
                0x10000002        0x2 ./src/FW_Drivers/FW_Systick.o
 .data.medioseg.3737
                0x10000004        0x2 ./src/FW_Drivers/FW_Systick.o
 .data.mensaje  0x10000006        0x1 ./src/Aplicacion/main.o
                0x10000006                mensaje
 .data.tecla.3738
                0x10000007        0x1 ./src/Aplicacion/maquina.o
                0x10000008                . = ALIGN (0x4)
                0x10000008                _edata = .

.igot.plt       0x10000008        0x0 load address 0x00001f30
 .igot.plt      0x00000000        0x0 ./src/PRimitivas/PR_Display7Seg.o

.bss_RAM2       0x2007c000        0x0
 *(.bss.$RAM2*)
 *(.bss.$RamAHB32*)
                0x2007c000                . = ALIGN (0x4)

.bss            0x10000008      0x1b4
                0x10000008                _bss = .
 *(.bss*)
 .bss.digito.3735
                0x10000008        0x1 ./src/FW_Drivers/DR_Display.o
 .bss.EstadosEstables.3740
                0x10000009        0x1 ./src/FW_Drivers/DR_Teclado.o
 .bss.obstaculo.3737
                0x1000000a        0x1 ./src/Aplicacion/Trama.o
 .bss.estado.3735
                0x1000000b        0x1 ./src/Aplicacion/Trama.o
 .bss.aux.3736  0x1000000c        0x1 ./src/Aplicacion/Trama.o
 .bss.inx_out   0x1000000d        0x1 ./src/Aplicacion/main.o
                0x1000000d                inx_out
 .bss.inx_in    0x1000000e        0x1 ./src/Aplicacion/main.o
                0x1000000e                inx_in
 .bss.outx_out  0x1000000f        0x1 ./src/Aplicacion/main.o
                0x1000000f                outx_out
 .bss.outx_in   0x10000010        0x1 ./src/Aplicacion/main.o
                0x10000010                outx_in
 .bss.enviando  0x10000011        0x1 ./src/Aplicacion/main.o
                0x10000011                enviando
 .bss.inx0_in   0x10000012        0x1 ./src/Aplicacion/main.o
                0x10000012                inx0_in
 .bss.outx0_out
                0x10000013        0x1 ./src/Aplicacion/main.o
                0x10000013                outx0_out
 .bss.outx0_in  0x10000014        0x1 ./src/Aplicacion/main.o
                0x10000014                outx0_in
 .bss.enviando0
                0x10000015        0x1 ./src/Aplicacion/main.o
                0x10000015                enviando0
 .bss.t         0x10000016        0x1 ./src/Aplicacion/main.o
                0x10000016                t
 .bss.flagtiempo
                0x10000017        0x1 ./src/Aplicacion/main.o
                0x10000017                flagtiempo
 .bss.obstaculo.3739
                0x10000018        0x1 ./src/Aplicacion/maquina.o
 .bss.obstaculo.3746
                0x10000019        0x1 ./src/Aplicacion/maquina.o
 *fill*         0x1000001a        0x2 
 .bss.errno     0x1000001c        0x4 c:/facultad/lpcxpresso_7.0.2_102/lpcxpresso/tools/bin/../lib/gcc/arm-none-eabi/4.8.3/../../../../arm-none-eabi/lib/armv7-m\libcr_c.a(errno.o)
                0x1000001c                errno
 *(COMMON)
 COMMON         0x10000020       0x4e ./src/Aplicacion/main.o
                0x10000020                estado_p
                0x10000021                Buff_Key
                0x10000024                bufferRx
                0x10000034                bufferTx0
                0x10000044                TmrRun
                0x10000046                Eventos
                0x10000047                estado_m
                0x10000048                bufferRx0
                0x10000058                bufferTx
                0x10000068                Buff_Display
 *fill*         0x1000006e        0x2 
 COMMON         0x10000070        0x4 c:/facultad/lpcxpresso_7.0.2_102/lpcxpresso/tools/bin/../lib/gcc/arm-none-eabi/4.8.3/../../../../arm-none-eabi/lib/armv7-m\libcr_c.a(initio.o)
                0x10000070                _extra
 COMMON         0x10000074      0x140 c:/facultad/lpcxpresso_7.0.2_102/lpcxpresso/tools/bin/../lib/gcc/arm-none-eabi/4.8.3/../../../../arm-none-eabi/lib/armv7-m\libcr_c.a(stdio.o)
                0x10000074                __Ciob
 COMMON         0x100001b4        0x8 c:/facultad/lpcxpresso_7.0.2_102/lpcxpresso/tools/bin/../lib/gcc/arm-none-eabi/4.8.3/../../../../arm-none-eabi/lib/armv7-m\libcr_c.a(__init_alloc.o)
                0x100001b4                __heaps
                0x100001b8                __end_of_heap
                0x100001bc                . = ALIGN (0x4)
                0x100001bc                _ebss = .
                0x100001bc                PROVIDE (end, .)

.noinit_RAM2    0x2007c000        0x0
 *(.noinit.$RAM2*)
 *(.noinit.$RamAHB32*)
                0x2007c000                . = ALIGN (0x4)

.noinit         0x100001bc        0x0
                0x100001bc                _noinit = .
 *(.noinit*)
                0x100001bc                . = ALIGN (0x4)
                0x100001bc                _end_noinit = .
                0x100001bc                PROVIDE (_pvHeapStart, .)
                0x10008000                PROVIDE (_vStackTop, (__top_RamLoc32 - 0x0))
OUTPUT(TPO.axf elf32-littlearm)

.debug_info     0x00000000     0x1365
 .debug_info    0x00000000      0x1e3 ./src/PRimitivas/PR_Display7Seg.o
 .debug_info    0x000001e3       0xac ./src/PRimitivas/PR_Teclado.o
 .debug_info    0x0000028f       0x72 ./src/FW_Inicializaciones/DR_InicExp3.o
 .debug_info    0x00000301       0x61 ./src/FW_Inicializaciones/FW_InitGPIOBaseBoard.o
 .debug_info    0x00000362      0x189 ./src/FW_Inicializaciones/FW_InitKit_principal.o
 .debug_info    0x000004eb       0x5b ./src/FW_Inicializaciones/FW_InitOscilador.o
 .debug_info    0x00000546       0x6c ./src/FW_Inicializaciones/FW_InitUART.o
 .debug_info    0x000005b2      0x26f ./src/FW_Inicializaciones/cr_startup_lpc176x.o
 .debug_info    0x00000821       0xab ./src/FW_Drivers/DR_Display.o
 .debug_info    0x000008cc       0xc8 ./src/FW_Drivers/DR_Teclado.o
 .debug_info    0x00000994      0x256 ./src/FW_Drivers/DR_UART.o
 .debug_info    0x00000bea      0x195 ./src/FW_Drivers/FW_GPIO.o
 .debug_info    0x00000d7f       0xb1 ./src/FW_Drivers/FW_Systick.o
 .debug_info    0x00000e30       0xdb ./src/FW_Drivers/FW_UART.o
 .debug_info    0x00000f0b       0xcd ./src/Aplicacion/Trama.o
 .debug_info    0x00000fd8      0x29c ./src/Aplicacion/main.o
 .debug_info    0x00001274       0xf1 ./src/Aplicacion/maquina.o

.debug_abbrev   0x00000000      0xa09
 .debug_abbrev  0x00000000      0x10d ./src/PRimitivas/PR_Display7Seg.o
 .debug_abbrev  0x0000010d       0xa4 ./src/PRimitivas/PR_Teclado.o
 .debug_abbrev  0x000001b1       0x3a ./src/FW_Inicializaciones/DR_InicExp3.o
 .debug_abbrev  0x000001eb       0x3a ./src/FW_Inicializaciones/FW_InitGPIOBaseBoard.o
 .debug_abbrev  0x00000225       0xce ./src/FW_Inicializaciones/FW_InitKit_principal.o
 .debug_abbrev  0x000002f3       0x47 ./src/FW_Inicializaciones/FW_InitOscilador.o
 .debug_abbrev  0x0000033a       0x47 ./src/FW_Inicializaciones/FW_InitUART.o
 .debug_abbrev  0x00000381      0x120 ./src/FW_Inicializaciones/cr_startup_lpc176x.o
 .debug_abbrev  0x000004a1       0x96 ./src/FW_Drivers/DR_Display.o
 .debug_abbrev  0x00000537       0x8c ./src/FW_Drivers/DR_Teclado.o
 .debug_abbrev  0x000005c3       0xb8 ./src/FW_Drivers/DR_UART.o
 .debug_abbrev  0x0000067b       0x81 ./src/FW_Drivers/FW_GPIO.o
 .debug_abbrev  0x000006fc       0x81 ./src/FW_Drivers/FW_Systick.o
 .debug_abbrev  0x0000077d       0x8a ./src/FW_Drivers/FW_UART.o
 .debug_abbrev  0x00000807       0xa4 ./src/Aplicacion/Trama.o
 .debug_abbrev  0x000008ab       0xce ./src/Aplicacion/main.o
 .debug_abbrev  0x00000979       0x90 ./src/Aplicacion/maquina.o

.debug_aranges  0x00000000      0x358
 .debug_aranges
                0x00000000       0x20 ./src/PRimitivas/PR_Display7Seg.o
 .debug_aranges
                0x00000020       0x28 ./src/PRimitivas/PR_Teclado.o
 .debug_aranges
                0x00000048       0x30 ./src/FW_Inicializaciones/DR_InicExp3.o
 .debug_aranges
                0x00000078       0x28 ./src/FW_Inicializaciones/FW_InitGPIOBaseBoard.o
 .debug_aranges
                0x000000a0       0x48 ./src/FW_Inicializaciones/FW_InitKit_principal.o
 .debug_aranges
                0x000000e8       0x20 ./src/FW_Inicializaciones/FW_InitOscilador.o
 .debug_aranges
                0x00000108       0x28 ./src/FW_Inicializaciones/FW_InitUART.o
 .debug_aranges
                0x00000130       0x80 ./src/FW_Inicializaciones/cr_startup_lpc176x.o
 .debug_aranges
                0x000001b0       0x28 ./src/FW_Drivers/DR_Display.o
 .debug_aranges
                0x000001d8       0x28 ./src/FW_Drivers/DR_Teclado.o
 .debug_aranges
                0x00000200       0x58 ./src/FW_Drivers/DR_UART.o
 .debug_aranges
                0x00000258       0x40 ./src/FW_Drivers/FW_GPIO.o
 .debug_aranges
                0x00000298       0x20 ./src/FW_Drivers/FW_Systick.o
 .debug_aranges
                0x000002b8       0x28 ./src/FW_Drivers/FW_UART.o
 .debug_aranges
                0x000002e0       0x28 ./src/Aplicacion/Trama.o
 .debug_aranges
                0x00000308       0x28 ./src/Aplicacion/main.o
 .debug_aranges
                0x00000330       0x28 ./src/Aplicacion/maquina.o

.debug_ranges   0x00000000      0x248
 .debug_ranges  0x00000000       0x10 ./src/PRimitivas/PR_Display7Seg.o
 .debug_ranges  0x00000010       0x18 ./src/PRimitivas/PR_Teclado.o
 .debug_ranges  0x00000028       0x20 ./src/FW_Inicializaciones/DR_InicExp3.o
 .debug_ranges  0x00000048       0x18 ./src/FW_Inicializaciones/FW_InitGPIOBaseBoard.o
 .debug_ranges  0x00000060       0x38 ./src/FW_Inicializaciones/FW_InitKit_principal.o
 .debug_ranges  0x00000098       0x10 ./src/FW_Inicializaciones/FW_InitOscilador.o
 .debug_ranges  0x000000a8       0x18 ./src/FW_Inicializaciones/FW_InitUART.o
 .debug_ranges  0x000000c0       0x70 ./src/FW_Inicializaciones/cr_startup_lpc176x.o
 .debug_ranges  0x00000130       0x18 ./src/FW_Drivers/DR_Display.o
 .debug_ranges  0x00000148       0x18 ./src/FW_Drivers/DR_Teclado.o
 .debug_ranges  0x00000160       0x48 ./src/FW_Drivers/DR_UART.o
 .debug_ranges  0x000001a8       0x30 ./src/FW_Drivers/FW_GPIO.o
 .debug_ranges  0x000001d8       0x10 ./src/FW_Drivers/FW_Systick.o
 .debug_ranges  0x000001e8       0x18 ./src/FW_Drivers/FW_UART.o
 .debug_ranges  0x00000200       0x18 ./src/Aplicacion/Trama.o
 .debug_ranges  0x00000218       0x18 ./src/Aplicacion/main.o
 .debug_ranges  0x00000230       0x18 ./src/Aplicacion/maquina.o

.debug_macro    0x00000000     0x2004
 .debug_macro   0x00000000       0x6e ./src/PRimitivas/PR_Display7Seg.o
 .debug_macro   0x0000006e      0x850 ./src/PRimitivas/PR_Display7Seg.o
 .debug_macro   0x000008be      0x415 ./src/PRimitivas/PR_Display7Seg.o
 .debug_macro   0x00000cd3       0x1c ./src/PRimitivas/PR_Display7Seg.o
 .debug_macro   0x00000cef       0x40 ./src/PRimitivas/PR_Display7Seg.o
 .debug_macro   0x00000d2f      0x1e2 ./src/PRimitivas/PR_Display7Seg.o
 .debug_macro   0x00000f11       0xfa ./src/PRimitivas/PR_Display7Seg.o
 .debug_macro   0x0000100b       0x7c ./src/PRimitivas/PR_Display7Seg.o
 .debug_macro   0x00001087       0x40 ./src/PRimitivas/PR_Display7Seg.o
 .debug_macro   0x000010c7       0x10 ./src/PRimitivas/PR_Display7Seg.o
 .debug_macro   0x000010d7       0x76 ./src/PRimitivas/PR_Display7Seg.o
 .debug_macro   0x0000114d       0x23 ./src/PRimitivas/PR_Teclado.o
 .debug_macro   0x00001170       0x6e ./src/FW_Inicializaciones/DR_InicExp3.o
 .debug_macro   0x000011de       0x6e ./src/FW_Inicializaciones/FW_InitGPIOBaseBoard.o
 .debug_macro   0x0000124c       0x6e ./src/FW_Inicializaciones/FW_InitKit_principal.o
 .debug_macro   0x000012ba       0x23 ./src/FW_Inicializaciones/FW_InitOscilador.o
 .debug_macro   0x000012dd       0x6e ./src/FW_Inicializaciones/FW_InitUART.o
 .debug_macro   0x0000134b       0x1d ./src/FW_Inicializaciones/cr_startup_lpc176x.o
 .debug_macro   0x00001368      0x856 ./src/FW_Inicializaciones/cr_startup_lpc176x.o
 .debug_macro   0x00001bbe       0x6e ./src/FW_Drivers/DR_Display.o
 .debug_macro   0x00001c2c       0x6e ./src/FW_Drivers/DR_Teclado.o
 .debug_macro   0x00001c9a       0x6e ./src/FW_Drivers/DR_UART.o
 .debug_macro   0x00001d08       0x1a ./src/FW_Drivers/FW_GPIO.o
 .debug_macro   0x00001d22       0x6e ./src/FW_Drivers/FW_Systick.o
 .debug_macro   0x00001d90       0x6e ./src/FW_Drivers/FW_UART.o
 .debug_macro   0x00001dfe       0x6e ./src/Aplicacion/Trama.o
 .debug_macro   0x00001e6c       0x80 ./src/Aplicacion/main.o
 .debug_macro   0x00001eec       0x76 ./src/Aplicacion/main.o
 .debug_macro   0x00001f62       0x34 ./src/Aplicacion/main.o
 .debug_macro   0x00001f96       0x6e ./src/Aplicacion/maquina.o

.debug_line     0x00000000     0x1435
 .debug_line    0x00000000      0x130 ./src/PRimitivas/PR_Display7Seg.o
 .debug_line    0x00000130       0xb6 ./src/PRimitivas/PR_Teclado.o
 .debug_line    0x000001e6      0x148 ./src/FW_Inicializaciones/DR_InicExp3.o
 .debug_line    0x0000032e      0x134 ./src/FW_Inicializaciones/FW_InitGPIOBaseBoard.o
 .debug_line    0x00000462      0x195 ./src/FW_Inicializaciones/FW_InitKit_principal.o
 .debug_line    0x000005f7       0xe8 ./src/FW_Inicializaciones/FW_InitOscilador.o
 .debug_line    0x000006df      0x135 ./src/FW_Inicializaciones/FW_InitUART.o
 .debug_line    0x00000814       0xad ./src/FW_Inicializaciones/cr_startup_lpc176x.o
 .debug_line    0x000008c1      0x11f ./src/FW_Drivers/DR_Display.o
 .debug_line    0x000009e0      0x160 ./src/FW_Drivers/DR_Teclado.o
 .debug_line    0x00000b40      0x1a0 ./src/FW_Drivers/DR_UART.o
 .debug_line    0x00000ce0       0xda ./src/FW_Drivers/FW_GPIO.o
 .debug_line    0x00000dba      0x113 ./src/FW_Drivers/FW_Systick.o
 .debug_line    0x00000ecd      0x121 ./src/FW_Drivers/FW_UART.o
 .debug_line    0x00000fee      0x11f ./src/Aplicacion/Trama.o
 .debug_line    0x0000110d      0x1da ./src/Aplicacion/main.o
 .debug_line    0x000012e7      0x14e ./src/Aplicacion/maquina.o

.debug_str      0x00000000     0x4c0d
 .debug_str     0x00000000     0x3f97 ./src/PRimitivas/PR_Display7Seg.o
                               0x4017 (size before relaxing)
 .debug_str     0x00003f97       0x43 ./src/PRimitivas/PR_Teclado.o
                               0x3372 (size before relaxing)
 .debug_str     0x00003fda       0x59 ./src/FW_Inicializaciones/DR_InicExp3.o
                               0x3f97 (size before relaxing)
 .debug_str     0x00004033       0x54 ./src/FW_Inicializaciones/FW_InitGPIOBaseBoard.o
                               0x3f92 (size before relaxing)
 .debug_str     0x00004087       0x8c ./src/FW_Inicializaciones/FW_InitKit_principal.o
                               0x4042 (size before relaxing)
 .debug_str     0x00004113       0x36 ./src/FW_Inicializaciones/FW_InitOscilador.o
                               0x3768 (size before relaxing)
 .debug_str     0x00004149       0x3d ./src/FW_Inicializaciones/FW_InitUART.o
                               0x3f84 (size before relaxing)
 .debug_str     0x00004186      0x2aa ./src/FW_Inicializaciones/cr_startup_lpc176x.o
                               0x259b (size before relaxing)
 .debug_str     0x00004430       0x50 ./src/FW_Drivers/DR_Display.o
                               0x3fa3 (size before relaxing)
 .debug_str     0x00004480       0x66 ./src/FW_Drivers/DR_Teclado.o
                               0x3fb5 (size before relaxing)
 .debug_str     0x000044e6       0xd6 ./src/FW_Drivers/DR_UART.o
                               0x402e (size before relaxing)
 .debug_str     0x000045bc       0x61 ./src/FW_Drivers/FW_GPIO.o
                               0x32ee (size before relaxing)
 .debug_str     0x0000461d       0x44 ./src/FW_Drivers/FW_Systick.o
                               0x3fa3 (size before relaxing)
 .debug_str     0x00004661       0x3e ./src/FW_Drivers/FW_UART.o
                               0x3fa5 (size before relaxing)
 .debug_str     0x0000469f       0x44 ./src/Aplicacion/Trama.o
                               0x3f96 (size before relaxing)
 .debug_str     0x000046e3      0x500 ./src/Aplicacion/main.o
                               0x4509 (size before relaxing)
 .debug_str     0x00004be3       0x2a ./src/Aplicacion/maquina.o
                               0x3fa5 (size before relaxing)

.comment        0x00000000       0x70
 .comment       0x00000000       0x70 ./src/PRimitivas/PR_Display7Seg.o
                                 0x71 (size before relaxing)
 .comment       0x00000000       0x71 ./src/PRimitivas/PR_Teclado.o
 .comment       0x00000000       0x71 ./src/FW_Inicializaciones/DR_InicExp3.o
 .comment       0x00000000       0x71 ./src/FW_Inicializaciones/FW_InitGPIOBaseBoard.o
 .comment       0x00000000       0x71 ./src/FW_Inicializaciones/FW_InitKit_principal.o
 .comment       0x00000000       0x71 ./src/FW_Inicializaciones/FW_InitOscilador.o
 .comment       0x00000000       0x71 ./src/FW_Inicializaciones/FW_InitUART.o
 .comment       0x00000000       0x71 ./src/FW_Inicializaciones/cr_startup_lpc176x.o
 .comment       0x00000000       0x71 ./src/FW_Drivers/DR_Display.o
 .comment       0x00000000       0x71 ./src/FW_Drivers/DR_Teclado.o
 .comment       0x00000000       0x71 ./src/FW_Drivers/DR_UART.o
 .comment       0x00000000       0x71 ./src/FW_Drivers/FW_GPIO.o
 .comment       0x00000000       0x71 ./src/FW_Drivers/FW_Systick.o
 .comment       0x00000000       0x71 ./src/FW_Drivers/FW_UART.o
 .comment       0x00000000       0x71 ./src/Aplicacion/Trama.o
 .comment       0x00000000       0x71 ./src/Aplicacion/main.o
 .comment       0x00000000       0x71 ./src/Aplicacion/maquina.o
 .comment       0x00000000       0x71 c:/facultad/lpcxpresso_7.0.2_102/lpcxpresso/tools/bin/../lib/gcc/arm-none-eabi/4.8.3/../../../../arm-none-eabi/lib/armv7-m\libcr_semihost.a(_cr__main.o)
 .comment       0x00000000       0x71 c:/facultad/lpcxpresso_7.0.2_102/lpcxpresso/tools/bin/../lib/gcc/arm-none-eabi/4.8.3/../../../../arm-none-eabi/lib/armv7-m\libcr_c.a(initio.o)
 .comment       0x00000000       0x71 c:/facultad/lpcxpresso_7.0.2_102/lpcxpresso/tools/bin/../lib/gcc/arm-none-eabi/4.8.3/../../../../arm-none-eabi/lib/armv7-m\libcr_c.a(setvbuf.o)
 .comment       0x00000000       0x71 c:/facultad/lpcxpresso_7.0.2_102/lpcxpresso/tools/bin/../lib/gcc/arm-none-eabi/4.8.3/../../../../arm-none-eabi/lib/armv7-m\libcr_c.a(stdio.o)
 .comment       0x00000000       0x71 c:/facultad/lpcxpresso_7.0.2_102/lpcxpresso/tools/bin/../lib/gcc/arm-none-eabi/4.8.3/../../../../arm-none-eabi/lib/armv7-m\libcr_c.a(memset.o)
 .comment       0x00000000       0x71 c:/facultad/lpcxpresso_7.0.2_102/lpcxpresso/tools/bin/../lib/gcc/arm-none-eabi/4.8.3/../../../../arm-none-eabi/lib/armv7-m\libcr_c.a(_deferredlazyseek.o)
 .comment       0x00000000       0x71 c:/facultad/lpcxpresso_7.0.2_102/lpcxpresso/tools/bin/../lib/gcc/arm-none-eabi/4.8.3/../../../../arm-none-eabi/lib/armv7-m\libcr_c.a(_fdopen.o)
 .comment       0x00000000       0x71 c:/facultad/lpcxpresso_7.0.2_102/lpcxpresso/tools/bin/../lib/gcc/arm-none-eabi/4.8.3/../../../../arm-none-eabi/lib/armv7-m\libcr_c.a(_fflush.o)
 .comment       0x00000000       0x71 c:/facultad/lpcxpresso_7.0.2_102/lpcxpresso/tools/bin/../lib/gcc/arm-none-eabi/4.8.3/../../../../arm-none-eabi/lib/armv7-m\libcr_c.a(_writebuf.o)
 .comment       0x00000000       0x71 c:/facultad/lpcxpresso_7.0.2_102/lpcxpresso/tools/bin/../lib/gcc/arm-none-eabi/4.8.3/../../../../arm-none-eabi/lib/armv7-m\libcr_c.a(alloc.o)
 .comment       0x00000000       0x71 c:/facultad/lpcxpresso_7.0.2_102/lpcxpresso/tools/bin/../lib/gcc/arm-none-eabi/4.8.3/../../../../arm-none-eabi/lib/armv7-m\libcr_c.a(fclose.o)
 .comment       0x00000000       0x71 c:/facultad/lpcxpresso_7.0.2_102/lpcxpresso/tools/bin/../lib/gcc/arm-none-eabi/4.8.3/../../../../arm-none-eabi/lib/armv7-m\libcr_c.a(fflush.o)
 .comment       0x00000000       0x71 c:/facultad/lpcxpresso_7.0.2_102/lpcxpresso/tools/bin/../lib/gcc/arm-none-eabi/4.8.3/../../../../arm-none-eabi/lib/armv7-m\libcr_c.a(fseek.o)
 .comment       0x00000000       0x71 c:/facultad/lpcxpresso_7.0.2_102/lpcxpresso/tools/bin/../lib/gcc/arm-none-eabi/4.8.3/../../../../arm-none-eabi/lib/armv7-m\libcr_c.a(ftell.o)
 .comment       0x00000000       0x71 c:/facultad/lpcxpresso_7.0.2_102/lpcxpresso/tools/bin/../lib/gcc/arm-none-eabi/4.8.3/../../../../arm-none-eabi/lib/armv7-m\libcr_c.a(remove.o)
 .comment       0x00000000       0x71 c:/facultad/lpcxpresso_7.0.2_102/lpcxpresso/tools/bin/../lib/gcc/arm-none-eabi/4.8.3/../../../../arm-none-eabi/lib/armv7-m\libcr_c.a(strlen.o)
 .comment       0x00000000       0x71 c:/facultad/lpcxpresso_7.0.2_102/lpcxpresso/tools/bin/../lib/gcc/arm-none-eabi/4.8.3/../../../../arm-none-eabi/lib/armv7-m\libcr_c.a(__init_alloc.o)
 .comment       0x00000000       0x71 c:/facultad/lpcxpresso_7.0.2_102/lpcxpresso/tools/bin/../lib/gcc/arm-none-eabi/4.8.3/../../../../arm-none-eabi/lib/armv7-m\libcr_c.a(_cr_sbrk.o)
 .comment       0x00000000       0x71 c:/facultad/lpcxpresso_7.0.2_102/lpcxpresso/tools/bin/../lib/gcc/arm-none-eabi/4.8.3/../../../../arm-none-eabi/lib/armv7-m\libcr_c.a(_do_fflush.o)
 .comment       0x00000000       0x71 c:/facultad/lpcxpresso_7.0.2_102/lpcxpresso/tools/bin/../lib/gcc/arm-none-eabi/4.8.3/../../../../arm-none-eabi/lib/armv7-m\libcr_c.a(errno.o)
 .comment       0x00000000       0x71 c:/facultad/lpcxpresso_7.0.2_102/lpcxpresso/tools/bin/../lib/gcc/arm-none-eabi/4.8.3/../../../../arm-none-eabi/lib/armv7-m\libcr_c.a(_cr_check_heap.o)

.ARM.attributes
                0x00000000       0x31
 .ARM.attributes
                0x00000000       0x33 ./src/PRimitivas/PR_Display7Seg.o
 .ARM.attributes
                0x00000033       0x33 ./src/PRimitivas/PR_Teclado.o
 .ARM.attributes
                0x00000066       0x33 ./src/FW_Inicializaciones/DR_InicExp3.o
 .ARM.attributes
                0x00000099       0x33 ./src/FW_Inicializaciones/FW_InitGPIOBaseBoard.o
 .ARM.attributes
                0x000000cc       0x33 ./src/FW_Inicializaciones/FW_InitKit_principal.o
 .ARM.attributes
                0x000000ff       0x33 ./src/FW_Inicializaciones/FW_InitOscilador.o
 .ARM.attributes
                0x00000132       0x33 ./src/FW_Inicializaciones/FW_InitUART.o
 .ARM.attributes
                0x00000165       0x33 ./src/FW_Inicializaciones/cr_startup_lpc176x.o
 .ARM.attributes
                0x00000198       0x33 ./src/FW_Drivers/DR_Display.o
 .ARM.attributes
                0x000001cb       0x33 ./src/FW_Drivers/DR_Teclado.o
 .ARM.attributes
                0x000001fe       0x33 ./src/FW_Drivers/DR_UART.o
 .ARM.attributes
                0x00000231       0x33 ./src/FW_Drivers/FW_GPIO.o
 .ARM.attributes
                0x00000264       0x33 ./src/FW_Drivers/FW_Systick.o
 .ARM.attributes
                0x00000297       0x33 ./src/FW_Drivers/FW_UART.o
 .ARM.attributes
                0x000002ca       0x33 ./src/Aplicacion/Trama.o
 .ARM.attributes
                0x000002fd       0x33 ./src/Aplicacion/main.o
 .ARM.attributes
                0x00000330       0x33 ./src/Aplicacion/maquina.o
 .ARM.attributes
                0x00000363       0x33 c:/facultad/lpcxpresso_7.0.2_102/lpcxpresso/tools/bin/../lib/gcc/arm-none-eabi/4.8.3/../../../../arm-none-eabi/lib/armv7-m\libcr_semihost.a(_cr__main.o)
 .ARM.attributes
                0x00000396       0x33 c:/facultad/lpcxpresso_7.0.2_102/lpcxpresso/tools/bin/../lib/gcc/arm-none-eabi/4.8.3/../../../../arm-none-eabi/lib/armv7-m\libcr_c.a(initio.o)
 .ARM.attributes
                0x000003c9       0x33 c:/facultad/lpcxpresso_7.0.2_102/lpcxpresso/tools/bin/../lib/gcc/arm-none-eabi/4.8.3/../../../../arm-none-eabi/lib/armv7-m\libcr_c.a(setvbuf.o)
 .ARM.attributes
                0x000003fc       0x33 c:/facultad/lpcxpresso_7.0.2_102/lpcxpresso/tools/bin/../lib/gcc/arm-none-eabi/4.8.3/../../../../arm-none-eabi/lib/armv7-m\libcr_c.a(stdio.o)
 .ARM.attributes
                0x0000042f       0x33 c:/facultad/lpcxpresso_7.0.2_102/lpcxpresso/tools/bin/../lib/gcc/arm-none-eabi/4.8.3/../../../../arm-none-eabi/lib/armv7-m\libcr_c.a(memset.o)
 .ARM.attributes
                0x00000462       0x33 c:/facultad/lpcxpresso_7.0.2_102/lpcxpresso/tools/bin/../lib/gcc/arm-none-eabi/4.8.3/../../../../arm-none-eabi/lib/armv7-m\libcr_c.a(_deferredlazyseek.o)
 .ARM.attributes
                0x00000495       0x33 c:/facultad/lpcxpresso_7.0.2_102/lpcxpresso/tools/bin/../lib/gcc/arm-none-eabi/4.8.3/../../../../arm-none-eabi/lib/armv7-m\libcr_c.a(_fdopen.o)
 .ARM.attributes
                0x000004c8       0x33 c:/facultad/lpcxpresso_7.0.2_102/lpcxpresso/tools/bin/../lib/gcc/arm-none-eabi/4.8.3/../../../../arm-none-eabi/lib/armv7-m\libcr_c.a(_fflush.o)
 .ARM.attributes
                0x000004fb       0x33 c:/facultad/lpcxpresso_7.0.2_102/lpcxpresso/tools/bin/../lib/gcc/arm-none-eabi/4.8.3/../../../../arm-none-eabi/lib/armv7-m\libcr_c.a(_writebuf.o)
 .ARM.attributes
                0x0000052e       0x33 c:/facultad/lpcxpresso_7.0.2_102/lpcxpresso/tools/bin/../lib/gcc/arm-none-eabi/4.8.3/../../../../arm-none-eabi/lib/armv7-m\libcr_c.a(alloc.o)
 .ARM.attributes
                0x00000561       0x33 c:/facultad/lpcxpresso_7.0.2_102/lpcxpresso/tools/bin/../lib/gcc/arm-none-eabi/4.8.3/../../../../arm-none-eabi/lib/armv7-m\libcr_c.a(fclose.o)
 .ARM.attributes
                0x00000594       0x33 c:/facultad/lpcxpresso_7.0.2_102/lpcxpresso/tools/bin/../lib/gcc/arm-none-eabi/4.8.3/../../../../arm-none-eabi/lib/armv7-m\libcr_c.a(fflush.o)
 .ARM.attributes
                0x000005c7       0x33 c:/facultad/lpcxpresso_7.0.2_102/lpcxpresso/tools/bin/../lib/gcc/arm-none-eabi/4.8.3/../../../../arm-none-eabi/lib/armv7-m\libcr_c.a(fseek.o)
 .ARM.attributes
                0x000005fa       0x33 c:/facultad/lpcxpresso_7.0.2_102/lpcxpresso/tools/bin/../lib/gcc/arm-none-eabi/4.8.3/../../../../arm-none-eabi/lib/armv7-m\libcr_c.a(ftell.o)
 .ARM.attributes
                0x0000062d       0x33 c:/facultad/lpcxpresso_7.0.2_102/lpcxpresso/tools/bin/../lib/gcc/arm-none-eabi/4.8.3/../../../../arm-none-eabi/lib/armv7-m\libcr_c.a(remove.o)
 .ARM.attributes
                0x00000660       0x33 c:/facultad/lpcxpresso_7.0.2_102/lpcxpresso/tools/bin/../lib/gcc/arm-none-eabi/4.8.3/../../../../arm-none-eabi/lib/armv7-m\libcr_c.a(strlen.o)
 .ARM.attributes
                0x00000693       0x33 c:/facultad/lpcxpresso_7.0.2_102/lpcxpresso/tools/bin/../lib/gcc/arm-none-eabi/4.8.3/../../../../arm-none-eabi/lib/armv7-m\libcr_c.a(__init_alloc.o)
 .ARM.attributes
                0x000006c6       0x33 c:/facultad/lpcxpresso_7.0.2_102/lpcxpresso/tools/bin/../lib/gcc/arm-none-eabi/4.8.3/../../../../arm-none-eabi/lib/armv7-m\libcr_c.a(_cr_sbrk.o)
 .ARM.attributes
                0x000006f9       0x33 c:/facultad/lpcxpresso_7.0.2_102/lpcxpresso/tools/bin/../lib/gcc/arm-none-eabi/4.8.3/../../../../arm-none-eabi/lib/armv7-m\libcr_c.a(_do_fflush.o)
 .ARM.attributes
                0x0000072c       0x33 c:/facultad/lpcxpresso_7.0.2_102/lpcxpresso/tools/bin/../lib/gcc/arm-none-eabi/4.8.3/../../../../arm-none-eabi/lib/armv7-m\libcr_c.a(errno.o)
 .ARM.attributes
                0x0000075f       0x33 c:/facultad/lpcxpresso_7.0.2_102/lpcxpresso/tools/bin/../lib/gcc/arm-none-eabi/4.8.3/../../../../arm-none-eabi/lib/armv7-m\libcr_c.a(_cr_check_heap.o)
 .ARM.attributes
                0x00000792       0x21 c:/facultad/lpcxpresso_7.0.2_102/lpcxpresso/tools/bin/../lib/gcc/arm-none-eabi/4.8.3/armv7-m\libcr_eabihelpers.a(memcpy.o)
 .ARM.attributes
                0x000007b3       0x21 c:/facultad/lpcxpresso_7.0.2_102/lpcxpresso/tools/bin/../lib/gcc/arm-none-eabi/4.8.3/../../../../arm-none-eabi/lib/armv7-m\libcr_semihost.a(__sys_appexit.o)
 .ARM.attributes
                0x000007d4       0x21 c:/facultad/lpcxpresso_7.0.2_102/lpcxpresso/tools/bin/../lib/gcc/arm-none-eabi/4.8.3/../../../../arm-none-eabi/lib/armv7-m\libcr_semihost.a(__sys_close.o)
 .ARM.attributes
                0x000007f5       0x21 c:/facultad/lpcxpresso_7.0.2_102/lpcxpresso/tools/bin/../lib/gcc/arm-none-eabi/4.8.3/../../../../arm-none-eabi/lib/armv7-m\libcr_semihost.a(__sys_flen.o)
 .ARM.attributes
                0x00000816       0x21 c:/facultad/lpcxpresso_7.0.2_102/lpcxpresso/tools/bin/../lib/gcc/arm-none-eabi/4.8.3/../../../../arm-none-eabi/lib/armv7-m\libcr_semihost.a(__sys_istty.o)
 .ARM.attributes
                0x00000837       0x21 c:/facultad/lpcxpresso_7.0.2_102/lpcxpresso/tools/bin/../lib/gcc/arm-none-eabi/4.8.3/../../../../arm-none-eabi/lib/armv7-m\libcr_semihost.a(__sys_remove.o)
 .ARM.attributes
                0x00000858       0x21 c:/facultad/lpcxpresso_7.0.2_102/lpcxpresso/tools/bin/../lib/gcc/arm-none-eabi/4.8.3/../../../../arm-none-eabi/lib/armv7-m\libcr_semihost.a(__sys_seek.o)
 .ARM.attributes
                0x00000879       0x21 c:/facultad/lpcxpresso_7.0.2_102/lpcxpresso/tools/bin/../lib/gcc/arm-none-eabi/4.8.3/../../../../arm-none-eabi/lib/armv7-m\libcr_semihost.a(__sys_tmpnam.o)
 .ARM.attributes
                0x0000089a       0x21 c:/facultad/lpcxpresso_7.0.2_102/lpcxpresso/tools/bin/../lib/gcc/arm-none-eabi/4.8.3/../../../../arm-none-eabi/lib/armv7-m\libcr_semihost.a(__sys_write.o)

.debug_frame    0x00000000      0x6b8
 .debug_frame   0x00000000       0x2c ./src/PRimitivas/PR_Display7Seg.o
 .debug_frame   0x0000002c       0x48 ./src/PRimitivas/PR_Teclado.o
 .debug_frame   0x00000074       0x64 ./src/FW_Inicializaciones/DR_InicExp3.o
 .debug_frame   0x000000d8       0x48 ./src/FW_Inicializaciones/FW_InitGPIOBaseBoard.o
 .debug_frame   0x00000120       0xb0 ./src/FW_Inicializaciones/FW_InitKit_principal.o
 .debug_frame   0x000001d0       0x28 ./src/FW_Inicializaciones/FW_InitOscilador.o
 .debug_frame   0x000001f8       0x48 ./src/FW_Inicializaciones/FW_InitUART.o
 .debug_frame   0x00000240       0xf0 ./src/FW_Inicializaciones/cr_startup_lpc176x.o
 .debug_frame   0x00000330       0x4c ./src/FW_Drivers/DR_Display.o
 .debug_frame   0x0000037c       0x50 ./src/FW_Drivers/DR_Teclado.o
 .debug_frame   0x000003cc       0xf0 ./src/FW_Drivers/DR_UART.o
 .debug_frame   0x000004bc       0x9c ./src/FW_Drivers/FW_GPIO.o
 .debug_frame   0x00000558       0x2c ./src/FW_Drivers/FW_Systick.o
 .debug_frame   0x00000584       0x50 ./src/FW_Drivers/FW_UART.o
 .debug_frame   0x000005d4       0x4c ./src/Aplicacion/Trama.o
 .debug_frame   0x00000620       0x4c ./src/Aplicacion/main.o
 .debug_frame   0x0000066c       0x4c ./src/Aplicacion/maquina.o

.debug_loc      0x00000000      0x15f
 .debug_loc     0x00000000      0x15f ./src/FW_Inicializaciones/cr_startup_lpc176x.o
